Component: ARM Compiler 5.06 update 7 (build 960) Tool: armlink [4d3601]

==============================================================================

Section Cross References

    startup_stm32f103xe.o(RESET) refers to startup_stm32f103xe.o(STACK) for __initial_sp
    startup_stm32f103xe.o(RESET) refers to startup_stm32f103xe.o(.text) for Reset_Handler
    startup_stm32f103xe.o(RESET) refers to stm32f1xx_it.o(i.NMI_Handler) for NMI_Handler
    startup_stm32f103xe.o(RESET) refers to stm32f1xx_it.o(i.HardFault_Handler) for HardFault_Handler
    startup_stm32f103xe.o(RESET) refers to stm32f1xx_it.o(i.MemManage_Handler) for MemManage_Handler
    startup_stm32f103xe.o(RESET) refers to stm32f1xx_it.o(i.BusFault_Handler) for BusFault_Handler
    startup_stm32f103xe.o(RESET) refers to stm32f1xx_it.o(i.UsageFault_Handler) for UsageFault_Handler
    startup_stm32f103xe.o(RESET) refers to stm32f1xx_it.o(i.SVC_Handler) for SVC_Handler
    startup_stm32f103xe.o(RESET) refers to stm32f1xx_it.o(i.DebugMon_Handler) for DebugMon_Handler
    startup_stm32f103xe.o(RESET) refers to stm32f1xx_it.o(i.PendSV_Handler) for PendSV_Handler
    startup_stm32f103xe.o(RESET) refers to stm32f1xx_it.o(i.SysTick_Handler) for SysTick_Handler
    startup_stm32f103xe.o(RESET) refers to stm32f1xx_it.o(i.DMA1_Channel1_IRQHandler) for DMA1_Channel1_IRQHandler
    startup_stm32f103xe.o(RESET) refers to stm32f1xx_it.o(i.DMA1_Channel4_IRQHandler) for DMA1_Channel4_IRQHandler
    startup_stm32f103xe.o(RESET) refers to stm32f1xx_it.o(i.DMA1_Channel7_IRQHandler) for DMA1_Channel7_IRQHandler
    startup_stm32f103xe.o(RESET) refers to stm32f1xx_it.o(i.USART1_IRQHandler) for USART1_IRQHandler
    startup_stm32f103xe.o(RESET) refers to stm32f1xx_it.o(i.USART2_IRQHandler) for USART2_IRQHandler
    startup_stm32f103xe.o(RESET) refers to stm32f1xx_it.o(i.USART3_IRQHandler) for USART3_IRQHandler
    startup_stm32f103xe.o(RESET) refers to stm32f1xx_it.o(i.UART4_IRQHandler) for UART4_IRQHandler
    startup_stm32f103xe.o(.text) refers to system_stm32f1xx.o(i.SystemInit) for SystemInit
    startup_stm32f103xe.o(.text) refers to entry.o(.ARM.Collect$$$$00000000) for __main
    main.o(i.SystemClock_Config) refers to memseta.o(.text) for __aeabi_memclr4
    main.o(i.SystemClock_Config) refers to stm32f1xx_hal_rcc.o(i.HAL_RCC_OscConfig) for HAL_RCC_OscConfig
    main.o(i.SystemClock_Config) refers to main.o(i.Error_Handler) for Error_Handler
    main.o(i.SystemClock_Config) refers to stm32f1xx_hal_rcc.o(i.HAL_RCC_ClockConfig) for HAL_RCC_ClockConfig
    main.o(i.SystemClock_Config) refers to stm32f1xx_hal_rcc_ex.o(i.HAL_RCCEx_PeriphCLKConfig) for HAL_RCCEx_PeriphCLKConfig
    main.o(i.main) refers to stm32f1xx_hal.o(i.HAL_Init) for HAL_Init
    main.o(i.main) refers to main.o(i.SystemClock_Config) for SystemClock_Config
    main.o(i.main) refers to gpio.o(i.MX_GPIO_Init) for MX_GPIO_Init
    main.o(i.main) refers to dma.o(i.MX_DMA_Init) for MX_DMA_Init
    main.o(i.main) refers to usart.o(i.MX_USART1_UART_Init) for MX_USART1_UART_Init
    main.o(i.main) refers to usart.o(i.MX_USART2_UART_Init) for MX_USART2_UART_Init
    main.o(i.main) refers to adc.o(i.MX_ADC1_Init) for MX_ADC1_Init
    main.o(i.main) refers to tim.o(i.MX_TIM4_Init) for MX_TIM4_Init
    main.o(i.main) refers to i2c.o(i.MX_I2C1_Init) for MX_I2C1_Init
    main.o(i.main) refers to usart.o(i.MX_UART4_Init) for MX_UART4_Init
    main.o(i.main) refers to usart.o(i.MX_USART3_UART_Init) for MX_USART3_UART_Init
    main.o(i.main) refers to schedule.o(i.schedule_init) for schedule_init
    main.o(i.main) refers to my_uart.o(i.my_uart_init) for my_uart_init
    main.o(i.main) refers to my_adc.o(i.my_adc_init) for my_adc_init
    main.o(i.main) refers to my_uart.o(i.uart_printf) for uart_printf
    main.o(i.main) refers to ws2812.o(i.ws2812_set_all) for ws2812_set_all
    main.o(i.main) refers to ws2812_2.o(i.ws2812_2_set_all) for ws2812_2_set_all
    main.o(i.main) refers to smoke.o(i.smoke_init) for smoke_init
    main.o(i.main) refers to dht11.o(i.DHT11_init) for DHT11_init
    main.o(i.main) refers to pm25.o(i.PM25_init) for PM25_init
    main.o(i.main) refers to fan.o(i.fan_init) for fan_init
    main.o(i.main) refers to bh1750.o(i.bh1750_init) for bh1750_init
    main.o(i.main) refers to schedule.o(i.schedule_run) for schedule_run
    main.o(i.main) refers to usart.o(.bss) for huart1
    gpio.o(i.MX_GPIO_Init) refers to stm32f1xx_hal_gpio.o(i.HAL_GPIO_WritePin) for HAL_GPIO_WritePin
    gpio.o(i.MX_GPIO_Init) refers to stm32f1xx_hal_gpio.o(i.HAL_GPIO_Init) for HAL_GPIO_Init
    adc.o(i.HAL_ADC_MspDeInit) refers to stm32f1xx_hal_gpio.o(i.HAL_GPIO_DeInit) for HAL_GPIO_DeInit
    adc.o(i.HAL_ADC_MspDeInit) refers to stm32f1xx_hal_dma.o(i.HAL_DMA_DeInit) for HAL_DMA_DeInit
    adc.o(i.HAL_ADC_MspInit) refers to stm32f1xx_hal_gpio.o(i.HAL_GPIO_Init) for HAL_GPIO_Init
    adc.o(i.HAL_ADC_MspInit) refers to stm32f1xx_hal_dma.o(i.HAL_DMA_Init) for HAL_DMA_Init
[...]
    at_cmd_start_tick                        0x20000014   Data           4  esp32.o(.data)
    at_cmd_timeout_logged                    0x20000018   Data           1  esp32.o(.data)
    esp32_got_ok                             0x20000019   Data           1  esp32.o(.data)
    last_esp_check_tick                      0x2000001c   Data           4  esp32.o(.data)
    last_mqtt_ping_tick                      0x20000020   Data           4  esp32.o(.data)
    esp_offline_flag                         0x20000024   Data           1  esp32.o(.data)
    ntp_updated                              0x20000025   Data           1  esp32.o(.data)
    skip                                     0x20000026   Data           1  esp32.o(.data)
    test_int                                 0x20000028   Data           4  esp32.o(.data)
    send_case                                0x2000002c   Data           1  esp32.o(.data)
    fail_start                               0x20000030   Data           4  esp32.o(.data)
    .data                                    0x20000034   Section      124  schedule.o(.data)
    schedule_task_t                          0x20000038   Data         120  schedule.o(.data)
    .data                                    0x200000b0   Section        8  my_uart.o(.data)
    .data                                    0x200000b8   Section       24  smoke.o(.data)
    buf                                      0x200000b8   Data           4  smoke.o(.data)
    buf_index                                0x200000bc   Data           4  smoke.o(.data)
    g_adc                                    0x200000c0   Data           4  smoke.o(.data)
    g_alarm                                  0x200000c4   Data           4  smoke.o(.data)
    g_ready                                  0x200000c8   Data           4  smoke.o(.data)
    g_start                                  0x200000cc   Data           4  smoke.o(.data)
    .data                                    0x200000d0   Section        4  my_adc.o(.data)
    .data                                    0x200000d4   Section       12  pm25.o(.data)
    buf                                      0x200000d4   Data           4  pm25.o(.data)
    buf_index                                0x200000d8   Data           4  pm25.o(.data)
    g_adc                                    0x200000dc   Data           4  pm25.o(.data)
    .data                                    0x200000e0   Section       16  bh1750.o(.data)
    buf                                      0x200000e0   Data           4  bh1750.o(.data)
    buf_index                                0x200000e4   Data           4  bh1750.o(.data)
    g_lux                                    0x200000e8   Data           4  bh1750.o(.data)
    g_raw_lux                                0x200000ec   Data           4  bh1750.o(.data)
    .data                                    0x200000f0   Section        6  lcd.o(.data)
    cur_r                                    0x200000f0   Data           1  lcd.o(.data)
    cur_g                                    0x200000f1   Data           1  lcd.o(.data)
    cur_b                                    0x200000f2   Data           1  lcd.o(.data)
    lcd_buf_len                              0x200000f4   Data           2  lcd.o(.data)
    .data                                    0x200000f8   Section       20  dht11.o(.data)
    g_temp                                   0x200000f8   Data           4  dht11.o(.data)
    g_humi                                   0x200000fc   Data           4  dht11.o(.data)
    g_ready                                  0x20000100   Data           4  dht11.o(.data)
    g_start_tick                             0x20000104   Data           4  dht11.o(.data)
    g_last_sample_tick                       0x20000108   Data           4  dht11.o(.data)
    .data                                    0x2000010c   Section        2  fan.o(.data)
    fan_cur_speed                            0x2000010c   Data           2  fan.o(.data)
    .data                                    0x2000010e   Section        6  ws2812.o(.data)
    ws2812_cur_r                             0x2000010e   Data           1  ws2812.o(.data)
    ws2812_cur_g                             0x2000010f   Data           1  ws2812.o(.data)
    ws2812_cur_b                             0x20000110   Data           1  ws2812.o(.data)
    ws2812_base_r                            0x20000111   Data           1  ws2812.o(.data)
    ws2812_base_g                            0x20000112   Data           1  ws2812.o(.data)
    ws2812_base_b                            0x20000113   Data           1  ws2812.o(.data)
    .data                                    0x20000114   Section        6  ws2812_2.o(.data)
    ws2812_2_cur_r                           0x20000114   Data           1  ws2812_2.o(.data)
    ws2812_2_cur_g                           0x20000115   Data           1  ws2812_2.o(.data)
    ws2812_2_cur_b                           0x20000116   Data           1  ws2812_2.o(.data)
    ws2812_2_base_r                          0x20000117   Data           1  ws2812_2.o(.data)
    ws2812_2_base_g                          0x20000118   Data           1  ws2812_2.o(.data)
    ws2812_2_base_b                          0x20000119   Data           1  ws2812_2.o(.data)
    .data                                    0x2000011c   Section        4  strtok.o(.data)
    state                                    0x2000011c   Data           4  strtok.o(.data)
    .data                                    0x20000120   Section        4  mvars.o(.data)
    .data                                    0x20000124   Section        4  mvars.o(.data)
    .data                                    0x20000128   Section        4  errno.o(.data)
    _errno                                   0x20000128   Data           4  errno.o(.data)
    .bss                                     0x2000012c   Section      116  adc.o(.bss)
    .bss                                     0x200001a0   Section       84  i2c.o(.bss)
    .bss                                     0x200001f4   Section      208  tim.o(.bss)
    .bss                                     0x200002c4   Section      288  usart.o(.bss)
    .bss                                     0x200003e4   Section     2524  esp32.o(.bss)
    pending_reply_msg_id                     0x200003e4   Data          16  esp32.o(.bss)
    init_ctx                                 0x200003f4   Data         268  esp32.o(.bss)
    ntp_time_str                             0x20000500   Data          64  esp32.o(.bss)
    cmd_buf                                  0x20000540   Data         512  esp32.o(.bss)
    cmd_buf                                  0x20000740   Data         512  esp32.o(.bss)
    payload                                  0x20000940   Data         512  esp32.o(.bss)
    topic                                    0x20000b40   Data         128  esp32.o(.bss)
    json_buf                                 0x20000bc0   Data         512  esp32.o(.bss)
    .bss                                     0x20000dc0   Section     1274  my_uart.o(.bss)
    .bss                                     0x200012ba   Section      128  lcd.o(.bss)
    lcd_buf                                  0x200012ba   Data         128  lcd.o(.bss)
    .bss                                     0x2000133a   Section     2930  ws2812.o(.bss)
    color_data                               0x20001e1c   Data         144  ws2812.o(.bss)
    .bss                                     0x20001eac   Section     9922  ws2812_2.o(.bss)
    color_data                               0x2000432e   Data         576  ws2812_2.o(.bss)
    HEAP                                     0x20004570   Section      512  startup_stm32f103xe.o(HEAP)
    STACK                                    0x20004770   Section     1024  startup_stm32f103xe.o(STACK)

    Global Symbols

    Symbol Name                              Value     Ov Type        Size  Object(Section)

    BuildAttributes$$THM_ISAv4$P$D$K$B$S$PE$A:L22UL41UL21$X:L11$S22US41US21$IEEE1$IW$USESV6$~STKCKD$USESV7$~SHL$OTIME$ROPI$IEEEX$EBA8$MICROLIB$REQ8$PRES8$EABIv2 0x00000000   Number         0  anon$$obj.o ABSOLUTE
    __ARM_use_no_argv                        0x00000000   Number         0  main.o ABSOLUTE
    _printf_a                                0x00000000   Number         0  stubs.o ABSOLUTE
    _printf_c                                0x00000000   Number         0  stubs.o ABSOLUTE
    _printf_charcount                        0x00000000   Number         0  stubs.o ABSOLUTE
    _printf_d                                0x00000000   Number         0  stubs.o ABSOLUTE
    _printf_e                                0x00000000   Number         0  stubs.o ABSOLUTE
    _printf_f                                0x00000000   Number         0  stubs.o ABSOLUTE
    _printf_flags                            0x00000000   Number         0  stubs.o ABSOLUTE
    _printf_fp_dec                           0x00000000   Number         0  stubs.o ABSOLUTE
    _printf_fp_hex                           0x00000000   Number         0  stubs.o ABSOLUTE
    _printf_g                                0x00000000   Number         0  stubs.o ABSOLUTE
    _printf_i                                0x00000000   Number         0  stubs.o ABSOLUTE
    _printf_int_dec                          0x00000000   Number         0  stubs.o ABSOLUTE
    _printf_l                                0x00000000   Number         0  stubs.o ABSOLUTE
    _printf_lc                               0x00000000   Number         0  stubs.o ABSOLUTE
    _printf_ll                               0x00000000   Number         0  stubs.o ABSOLUTE
    _printf_lld                              0x00000000   Number         0  stubs.o ABSOLUTE
    _printf_lli                              0x00000000   Number         0  stubs.o ABSOLUTE
    _printf_llo                              0x00000000   Number         0  stubs.o ABSOLUTE
    _printf_llu                              0x00000000   Number         0  stubs.o ABSOLUTE
    _printf_llx                              0x00000000   Number         0  stubs.o ABSOLUTE
    _printf_longlong_dec                     0x00000000   Number         0  stubs.o ABSOLUTE
    _printf_longlong_hex                     0x00000000   Number         0  stubs.o ABSOLUTE
    _printf_longlong_oct                     0x00000000   Number         0  stubs.o ABSOLUTE
    _printf_ls                               0x00000000   Number         0  stubs.o ABSOLUTE
    _printf_mbtowc                           0x00000000   Number         0  stubs.o ABSOLUTE
    _printf_n                                0x00000000   Number         0  stubs.o ABSOLUTE
    _printf_o                                0x00000000   Number         0  stubs.o ABSOLUTE
    _printf_p                                0x00000000   Number         0  stubs.o ABSOLUTE
    _printf_percent                          0x00000000   Number         0  stubs.o ABSOLUTE
    _printf_pre_padding                      0x00000000   Number         0  stubs.o ABSOLUTE
    _printf_return_value                     0x00000000   Number         0  stubs.o ABSOLUTE
    _printf_s                                0x00000000   Number         0  stubs.o ABSOLUTE
    _printf_sizespec                         0x00000000   Number         0  stubs.o ABSOLUTE
    _printf_str                              0x00000000   Number         0  stubs.o ABSOLUTE
    _printf_truncate_signed                  0x00000000   Number         0  stubs.o ABSOLUTE
    _printf_truncate_unsigned                0x00000000   Number         0  stubs.o ABSOLUTE
    _printf_u                                0x00000000   Number         0  stubs.o ABSOLUTE
    _printf_wc                               0x00000000   Number         0  stubs.o ABSOLUTE
    _printf_wctomb                           0x00000000   Number         0  stubs.o ABSOLUTE
    _printf_widthprec                        0x00000000   Number         0  stubs.o ABSOLUTE
    _printf_x                                0x00000000   Number         0  stubs.o ABSOLUTE
    __arm_fini_                               - Undefined Weak Reference
    __cpp_initialize__aeabi_                  - Undefined Weak Reference
    __cxa_finalize                            - Undefined Weak Reference
    _clock_init                               - Undefined Weak Reference
    _microlib_exit                            - Undefined Weak Reference
    __Vectors_Size                           0x00000130   Number         0  startup_stm32f103xe.o ABSOLUTE
    __Vectors                                0x08000000   Data           4  startup_stm32f103xe.o(RESET)
    __Vectors_End                            0x08000130   Data           0  startup_stm32f103xe.o(RESET)
    __main                                   0x08000131   Thumb Code     0  entry.o(.ARM.Collect$$$$00000000)
    _main_stk                                0x08000131   Thumb Code     0  entry2.o(.ARM.Collect$$$$00000001)
    _main_scatterload                        0x08000135   Thumb Code     0  entry5.o(.ARM.Collect$$$$00000004)
    __main_after_scatterload                 0x08000139   Thumb Code     0  entry5.o(.ARM.Collect$$$$00000004)
    _main_clock                              0x08000139   Thumb Code     0  entry7b.o(.ARM.Collect$$$$00000008)
    _main_cpp_init                           0x08000139   Thumb Code     0  entry8b.o(.ARM.Collect$$$$0000000A)
    _main_init                               0x08000139   Thumb Code     0  entry9a.o(.ARM.Collect$$$$0000000B)
    __rt_lib_shutdown_fini                   0x08000141   Thumb Code     0  entry12b.o(.ARM.Collect$$$$0000000E)
    __rt_final_cpp                           0x08000145   Thumb Code     0  entry10a.o(.ARM.Collect$$$$0000000F)
    __rt_final_exit                          0x08000145   Thumb Code     0  entry11a.o(.ARM.Collect$$$$00000011)
    Reset_Handler                            0x08000149   Thumb Code     8  startup_stm32f103xe.o(.text)
    ADC1_2_IRQHandler                        0x08000163   Thumb Code     0  startup_stm32f103xe.o(.text)
    ADC3_IRQHandler                          0x08000163   Thumb Code     0  startup_stm32f103xe.o(.text)
    CAN1_RX1_IRQHandler                      0x08000163   Thumb Code     0  startup_stm32f103xe.o(.text)
    CAN1_SCE_IRQHandler                      0x08000163   Thumb Code     0  startup_stm32f103xe.o(.text)
    DMA1_Channel2_IRQHandler                 0x08000163   Thumb Code     0  startup_stm32f103xe.o(.text)
    DMA1_Channel3_IRQHandler                 0x08000163   Thumb Code     0  startup_stm32f103xe.o(.text)
    DMA1_Channel5_IRQHandler                 0x08000163   Thumb Code     0  startup_stm32f103xe.o(.text)
    DMA1_Channel6_IRQHandler                 0x08000163   Thumb Code     0  startup_stm32f103xe.o(.text)
    DMA2_Channel1_IRQHandler                 0x08000163   Thumb Code     0  startup_stm32f103xe.o(.text)
    DMA2_Channel2_IRQHandler                 0x08000163   Thumb Code     0  startup_stm32f103xe.o(.text)
    DMA2_Channel3_IRQHandler                 0x08000163   Thumb Code     0  startup_stm32f103xe.o(.text)
    DMA2_Channel4_5_IRQHandler               0x08000163   Thumb Code     0  startup_stm32f103xe.o(.text)
    EXTI0_IRQHandler                         0x08000163   Thumb Code     0  startup_stm32f103xe.o(.text)
    EXTI15_10_IRQHandler                     0x08000163   Thumb Code     0  startup_stm32f103xe.o(.text)
    EXTI1_IRQHandler                         0x08000163   Thumb Code     0  startup_stm32f103xe.o(.text)
    EXTI2_IRQHandler                         0x08000163   Thumb Code     0  startup_stm32f103xe.o(.text)
    EXTI3_IRQHandler                         0x08000163   Thumb Code     0  startup_stm32f103xe.o(.text)
    EXTI4_IRQHandler                         0x08000163   Thumb Code     0  startup_stm32f103xe.o(.text)
    EXTI9_5_IRQHandler                       0x08000163   Thumb Code     0  startup_stm32f103xe.o(.text)
    FLASH_IRQHandler                         0x08000163   Thumb Code     0  startup_stm32f103xe.o(.text)
    FSMC_IRQHandler                          0x08000163   Thumb Code     0  startup_stm32f103xe.o(.text)
    I2C1_ER_IRQHandler                       0x08000163   Thumb Code     0  startup_stm32f103xe.o(.text)
    I2C1_EV_IRQHandler                       0x08000163   Thumb Code     0  startup_stm32f103xe.o(.text)
    I2C2_ER_IRQHandler                       0x08000163   Thumb Code     0  startup_stm32f103xe.o(.text)
    I2C2_EV_IRQHandler                       0x08000163   Thumb Code     0  startup_stm32f103xe.o(.text)
    PVD_IRQHandler                           0x08000163   Thumb Code     0  startup_stm32f103xe.o(.text)
    RCC_IRQHandler                           0x08000163   Thumb Code     0  startup_stm32f103xe.o(.text)
    RTC_Alarm_IRQHandler                     0x08000163   Thumb Code     0  startup_stm32f103xe.o(.text)
    RTC_IRQHandler                           0x08000163   Thumb Code     0  startup_stm32f103xe.o(.text)
    SDIO_IRQHandler                          0x08000163   Thumb Code     0  startup_stm32f103xe.o(.text)
    SPI1_IRQHandler                          0x08000163   Thumb Code     0  startup_stm32f103xe.o(.text)
    SPI2_IRQHandler                          0x08000163   Thumb Code     0  startup_stm32f103xe.o(.text)
    SPI3_IRQHandler                          0x08000163   Thumb Code     0  startup_stm32f103xe.o(.text)
    TAMPER_IRQHandler                        0x08000163   Thumb Code     0  startup_stm32f103xe.o(.text)
    TIM1_BRK_IRQHandler                      0x08000163   Thumb Code     0  startup_stm32f103xe.o(.text)
    TIM1_CC_IRQHandler                       0x08000163   Thumb Code     0  startup_stm32f103xe.o(.text)
    TIM1_TRG_COM_IRQHandler                  0x08000163   Thumb Code     0  startup_stm32f103xe.o(.text)
    TIM1_UP_IRQHandler                       0x08000163   Thumb Code     0  startup_stm32f103xe.o(.text)
    TIM2_IRQHandler                          0x08000163   Thumb Code     0  startup_stm32f103xe.o(.text)
    TIM3_IRQHandler                          0x08000163   Thumb Code     0  startup_stm32f103xe.o(.text)
    TIM4_IRQHandler                          0x08000163   Thumb Code     0  startup_stm32f103xe.o(.text)
    TIM5_IRQHandler                          0x08000163   Thumb Code     0  startup_stm32f103xe.o(.text)
    TIM6_IRQHandler                          0x08000163   Thumb Code     0  startup_stm32f103xe.o(.text)
    TIM7_IRQHandler                          0x08000163   Thumb Code     0  startup_stm32f103xe.o(.text)
    TIM8_BRK_IRQHandler                      0x08000163   Thumb Code     0  startup_stm32f103xe.o(.text)
    TIM8_CC_IRQHandler                       0x08000163   Thumb Code     0  startup_stm32f103xe.o(.text)
    TIM8_TRG_COM_IRQHandler                  0x08000163   Thumb Code     0  startup_stm32f103xe.o(.text)
    TIM8_UP_IRQHandler                       0x08000163   Thumb Code     0  startup_stm32f103xe.o(.text)
    UART5_IRQHandler                         0x08000163   Thumb Code     0  startup_stm32f103xe.o(.text)
    USBWakeUp_IRQHandler                     0x08000163   Thumb Code     0  startup_stm32f103xe.o(.text)
    USB_HP_CAN1_TX_IRQHandler                0x08000163   Thumb Code     0  startup_stm32f103xe.o(.text)
    USB_LP_CAN1_RX0_IRQHandler               0x08000163   Thumb Code     0  startup_stm32f103xe.o(.text)
    WWDG_IRQHandler                          0x08000163   Thumb Code     0  startup_stm32f103xe.o(.text)
    __aeabi_llsr                             0x0800016d   Thumb Code    32  llushr.o(.text)
    _ll_ushift_r                             0x0800016d   Thumb Code     0  llushr.o(.text)
    ___aeabi_memcpy4$move                    0x0800018d   Thumb Code     0  memmovea.o(.text)
    ___aeabi_memcpy8$move                    0x0800018d   Thumb Code     0  memmovea.o(.text)
    __aeabi_memcpy                           0x0800018d   Thumb Code    64  memmovea.o(.text)
    __aeabi_memmove                          0x0800018d   Thumb Code     0  memmovea.o(.text)
    __aeabi_memmove4                         0x0800018d   Thumb Code     0  memmovea.o(.text)
    __aeabi_memmove8                         0x0800018d   Thumb Code     0  memmovea.o(.text)
    __aeabi_memset                           0x080001cd   Thumb Code    14  memseta.o(.text)
    __aeabi_memset4                          0x080001cd   Thumb Code     0  memseta.o(.text)
    __aeabi_memset8                          0x080001cd   Thumb Code     0  memseta.o(.text)
    __aeabi_memclr                           0x080001db   Thumb Code     4  memseta.o(.text)
    __aeabi_memclr4                          0x080001db   Thumb Code     0  memseta.o(.text)
    __aeabi_memclr8                          0x080001db   Thumb Code     0  memseta.o(.text)
    _memset$wrapper                          0x080001df   Thumb Code    18  memseta.o(.text)
    strstr                                   0x080001f1   Thumb Code    36  strstr.o(.text)
    strncpy                                  0x08000215   Thumb Code    24  strncpy.o(.text)
    strchr                                   0x0800022d   Thumb Code    20  strchr.o(.text)
    strlen                                   0x08000241   Thumb Code    14  strlen.o(.text)
    strcmp                                   0x0800024f   Thumb Code    28  strcmp.o(.text)
    strncmp                                  0x0800026b   Thumb Code    30  strncmp.o(.text)
    strtok                                   0x08000289   Thumb Code    62  strtok.o(.text)
    strpbrk                                  0x080002cd   Thumb Code    32  strpbrk.o(.text)
    atoi                                     0x080002ed   Thumb Code    26  atoi.o(.text)
    __aeabi_fadd                             0x08000307   Thumb Code   164  fadd.o(.text)
    __aeabi_fsub                             0x080003ab   Thumb Code     6  fadd.o(.text)
    __aeabi_frsub                            0x080003b1   Thumb Code     6  fadd.o(.text)
    __aeabi_fmul                             0x080003b7   Thumb Code   100  fmul.o(.text)
    __aeabi_fdiv                             0x0800041b   Thumb Code   124  fdiv.o(.text)
    __aeabi_i2f                              0x08000497   Thumb Code    18  fflti.o(.text)
    __aeabi_ui2f                             0x080004a9   Thumb Code    10  ffltui.o(.text)
    __aeabi_f2iz                             0x080004b3   Thumb Code    50  ffixi.o(.text)
    __aeabi_f2d                              0x080004e5   Thumb Code    38  f2d.o(.text)
    __aeabi_cfcmpeq                          0x0800050d   Thumb Code     0  cfcmple.o(.text)
    __aeabi_cfcmple                          0x0800050d   Thumb Code    20  cfcmple.o(.text)
    __aeabi_uidiv                            0x08000521   Thumb Code     0  uidiv.o(.text)
    __aeabi_uidivmod                         0x08000521   Thumb Code    44  uidiv.o(.text)
    __aeabi_uldivmod                         0x0800054d   Thumb Code    98  uldiv.o(.text)
    strtol                                   0x080005af   Thumb Code   112  strtol.o(.text)
    __I$use$fp                               0x0800061f   Thumb Code     0  iusefp.o(.text)
    _float_round                             0x0800061f   Thumb Code    18  fepilogue.o(.text)
    _float_epilogue                          0x08000631   Thumb Code    92  fepilogue.o(.text)
    __ARM_scalbnf                            0x0800068d   Thumb Code    24  fscalb.o(.text)
    scalbnf                                  0x0800068d   Thumb Code     0  fscalb.o(.text)
    __aeabi_dadd                             0x080006a5   Thumb Code   322  dadd.o(.text)
    __aeabi_dsub                             0x080007e7   Thumb Code     6  dadd.o(.text)
    __aeabi_drsub                            0x080007ed   Thumb Code     6  dadd.o(.text)
    __aeabi_dmul                             0x080007f3   Thumb Code   228  dmul.o(.text)
    __aeabi_ddiv                             0x080008d7   Thumb Code   222  ddiv.o(.text)
    __aeabi_d2ulz                            0x080009b5   Thumb Code    48  dfixul.o(.text)
    _ffix_r                                  0x080009e5   Thumb Code    76  ffixir.o(.text)
    __aeabi_cdrcmple                         0x08000a31   Thumb Code    48  cdrcmple.o(.text)
    __fp_status                              0x08000a61   Thumb Code     4  fpstat.o(.text)
    __ieee_status                            0x08000a61   Thumb Code     0  fpstat.o(.text)
    __scatterload                            0x08000a65   Thumb Code    28  init.o(.text)
    __scatterload_rt2                        0x08000a65   Thumb Code     0  init.o(.text)
    __aeabi_llsl                             0x08000a89   Thumb Code    30  llshl.o(.text)
    _ll_shift_l                              0x08000a89   Thumb Code     0  llshl.o(.text)
    __aeabi_lasr                             0x08000aa7   Thumb Code    36  llsshr.o(.text)
    _ll_sshift_r                             0x08000aa7   Thumb Code     0  llsshr.o(.text)
    __rt_ctype_table                         0x08000acd   Thumb Code     4  ctype_o.o(.text)
    _strtoul                                 0x08000ad5   Thumb Code   158  _strtoul.o(.text)
    _double_round                            0x08000b73   Thumb Code    30  depilogue.o(.text)
    _double_epilogue                         0x08000b91   Thumb Code   156  depilogue.o(.text)
    _chval                                   0x08000c2d   Thumb Code    28  _chval.o(.text)
    __decompress                             0x08000c49   Thumb Code     0  __dczerorl2.o(.text)
    __decompress1                            0x08000c49   Thumb Code    86  __dczerorl2.o(.text)
    ADC_ConversionStop_Disable               0x08000c9f   Thumb Code    92  stm32f1xx_hal_adc.o(i.ADC_ConversionStop_Disable)
    ADC_DMAConvCplt                          0x08000cfb   Thumb Code    82  stm32f1xx_hal_adc.o(i.ADC_DMAConvCplt)
    ADC_DMAError                             0x08000d4d   Thumb Code    30  stm32f1xx_hal_adc.o(i.ADC_DMAError)
    ADC_DMAHalfConvCplt                      0x08000d6b   Thumb Code    14  stm32f1xx_hal_adc.o(i.ADC_DMAHalfConvCplt)
    ADC_Enable                               0x08000d79   Thumb Code   134  stm32f1xx_hal_adc.o(i.ADC_Enable)
    BusFault_Handler                         0x08000e2d   Thumb Code     4  stm32f1xx_it.o(i.BusFault_Handler)
    DHT11_ReadData                           0x08000f41   Thumb Code   302  dht11.o(i.DHT11_ReadData)
    DHT11_get_humi                           0x08001095   Thumb Code    18  dht11.o(i.DHT11_get_humi)
    DHT11_get_temp                           0x080010ad   Thumb Code    18  dht11.o(i.DHT11_get_temp)
    DHT11_init                               0x080010c5   Thumb Code   134  dht11.o(i.DHT11_init)
    DHT11_proc                               0x08001181   Thumb Code    80  dht11.o(i.DHT11_proc)
    DMA1_Channel1_IRQHandler                 0x080011e5   Thumb Code    10  stm32f1xx_it.o(i.DMA1_Channel1_IRQHandler)
    DMA1_Channel4_IRQHandler                 0x080011f5   Thumb Code    10  stm32f1xx_it.o(i.DMA1_Channel4_IRQHandler)
    DMA1_Channel7_IRQHandler                 0x08001205   Thumb Code    10  stm32f1xx_it.o(i.DMA1_Channel7_IRQHandler)
    DebugMon_Handler                         0x08001241   Thumb Code     2  stm32f1xx_it.o(i.DebugMon_Handler)
    Error_Handler                            0x08001243   Thumb Code     6  main.o(i.Error_Handler)
    HAL_ADCEx_Calibration_Start              0x08001249   Thumb Code   278  stm32f1xx_hal_adc_ex.o(i.HAL_ADCEx_Calibration_Start)
    HAL_ADC_ConfigChannel                    0x08001365   Thumb Code   338  stm32f1xx_hal_adc.o(i.HAL_ADC_ConfigChannel)
    HAL_ADC_ConvCpltCallback                 0x080014c5   Thumb Code     2  stm32f1xx_hal_adc.o(i.HAL_ADC_ConvCpltCallback)
    HAL_ADC_ConvHalfCpltCallback             0x080014c7   Thumb Code     2  stm32f1xx_hal_adc.o(i.HAL_ADC_ConvHalfCpltCallback)
    HAL_ADC_ErrorCallback                    0x080014c9   Thumb Code     2  stm32f1xx_hal_adc.o(i.HAL_ADC_ErrorCallback)
    HAL_ADC_Init                             0x080014cd   Thumb Code   340  stm32f1xx_hal_adc.o(i.HAL_ADC_Init)
    HAL_ADC_MspInit                          0x0800162d   Thumb Code   154  adc.o(i.HAL_ADC_MspInit)
    HAL_ADC_Start_DMA                        0x080016dd   Thumb Code   362  stm32f1xx_hal_adc.o(i.HAL_ADC_Start_DMA)
    HAL_DMA_Abort                            0x0800185d   Thumb Code    86  stm32f1xx_hal_dma.o(i.HAL_DMA_Abort)
    HAL_DMA_Abort_IT                         0x080018b5   Thumb Code   414  stm32f1xx_hal_dma.o(i.HAL_DMA_Abort_IT)
    HAL_DMA_IRQHandler                       0x08001a5d   Thumb Code   910  stm32f1xx_hal_dma.o(i.HAL_DMA_IRQHandler)
    HAL_DMA_Init                             0x08001df5   Thumb Code   132  stm32f1xx_hal_dma.o(i.HAL_DMA_Init)
    HAL_DMA_Start                            0x08001e81   Thumb Code   114  stm32f1xx_hal_dma.o(i.HAL_DMA_Start)
    HAL_DMA_Start_IT                         0x08001ef3   Thumb Code   156  stm32f1xx_hal_dma.o(i.HAL_DMA_Start_IT)
    HAL_Delay                                0x08001f91   Thumb Code    36  stm32f1xx_hal.o(i.HAL_Delay)
    HAL_GPIO_DeInit                          0x08001fb9   Thumb Code   308  stm32f1xx_hal_gpio.o(i.HAL_GPIO_DeInit)
    HAL_GPIO_Init                            0x0800210d   Thumb Code   792  stm32f1xx_hal_gpio.o(i.HAL_GPIO_Init)
    HAL_GPIO_ReadPin                         0x0800244d   Thumb Code    16  stm32f1xx_hal_gpio.o(i.HAL_GPIO_ReadPin)
    HAL_GPIO_WritePin                        0x0800245d   Thumb Code    12  stm32f1xx_hal_gpio.o(i.HAL_GPIO_WritePin)
    HAL_GetTick                              0x08002469   Thumb Code     6  stm32f1xx_hal.o(i.HAL_GetTick)
    HAL_I2C_DeInit                           0x08002475   Thumb Code    60  stm32f1xx_hal_i2c.o(i.HAL_I2C_DeInit)
    HAL_I2C_Init                             0x080024b1   Thumb Code   446  stm32f1xx_hal_i2c.o(i.HAL_I2C_Init)
    HAL_I2C_Master_Receive                   0x08002681   Thumb Code   858  stm32f1xx_hal_i2c.o(i.HAL_I2C_Master_Receive)
    HAL_I2C_Master_Transmit                  0x080029ed   Thumb Code   360  stm32f1xx_hal_i2c.o(i.HAL_I2C_Master_Transmit)
    HAL_I2C_MspDeInit                        0x08002b5d   Thumb Code    42  i2c.o(i.HAL_I2C_MspDeInit)
    HAL_I2C_MspInit                          0x08002b95   Thumb Code   104  i2c.o(i.HAL_I2C_MspInit)
    HAL_IncTick                              0x08002c09   Thumb Code    16  stm32f1xx_hal.o(i.HAL_IncTick)
    HAL_Init                                 0x08002c21   Thumb Code    34  stm32f1xx_hal.o(i.HAL_Init)
    HAL_InitTick                             0x08002c49   Thumb Code    64  stm32f1xx_hal.o(i.HAL_InitTick)
    HAL_MspInit                              0x08002c95   Thumb Code    76  stm32f1xx_hal_msp.o(i.HAL_MspInit)
    HAL_NVIC_EnableIRQ                       0x08002ce9   Thumb Code    32  stm32f1xx_hal_cortex.o(i.HAL_NVIC_EnableIRQ)
    HAL_NVIC_SetPriority                     0x08002d09   Thumb Code   124  stm32f1xx_hal_cortex.o(i.HAL_NVIC_SetPriority)
    HAL_NVIC_SetPriorityGrouping             0x08002d85   Thumb Code    32  stm32f1xx_hal_cortex.o(i.HAL_NVIC_SetPriorityGrouping)
    HAL_RCCEx_GetPeriphCLKFreq               0x08002dad   Thumb Code   260  stm32f1xx_hal_rcc_ex.o(i.HAL_RCCEx_GetPeriphCLKFreq)
    HAL_RCCEx_PeriphCLKConfig                0x08002ec5   Thumb Code   290  stm32f1xx_hal_rcc_ex.o(i.HAL_RCCEx_PeriphCLKConfig)
    HAL_RCC_ClockConfig                      0x08002ff5   Thumb Code   376  stm32f1xx_hal_rcc.o(i.HAL_RCC_ClockConfig)
    HAL_RCC_GetHCLKFreq                      0x08003181   Thumb Code     6  stm32f1xx_hal_rcc.o(i.HAL_RCC_GetHCLKFreq)
    HAL_RCC_GetPCLK1Freq                     0x0800318d   Thumb Code    22  stm32f1xx_hal_rcc.o(i.HAL_RCC_GetPCLK1Freq)
    HAL_RCC_GetPCLK2Freq                     0x080031ad   Thumb Code    22  stm32f1xx_hal_rcc.o(i.HAL_RCC_GetPCLK2Freq)
    HAL_RCC_GetSysClockFreq                  0x080031cd   Thumb Code    92  stm32f1xx_hal_rcc.o(i.HAL_RCC_GetSysClockFreq)
    HAL_RCC_OscConfig                        0x0800323d   Thumb Code  1114  stm32f1xx_hal_rcc.o(i.HAL_RCC_OscConfig)
    HAL_SYSTICK_Config                       0x080036a1   Thumb Code    52  stm32f1xx_hal_cortex.o(i.HAL_SYSTICK_Config)
    HAL_TIMEx_MasterConfigSynchronization    0x080036d5   Thumb Code   134  stm32f1xx_hal_tim_ex.o(i.HAL_TIMEx_MasterConfigSynchronization)
    HAL_TIM_Base_Init                        0x08003771   Thumb Code   102  stm32f1xx_hal_tim.o(i.HAL_TIM_Base_Init)
    HAL_TIM_Base_MspInit                     0x080037d9   Thumb Code   162  tim.o(i.HAL_TIM_Base_MspInit)
    HAL_TIM_ConfigClockSource                0x08003891   Thumb Code   268  stm32f1xx_hal_tim.o(i.HAL_TIM_ConfigClockSource)
    HAL_TIM_MspPostInit                      0x0800399d   Thumb Code    96  tim.o(i.HAL_TIM_MspPostInit)
    HAL_TIM_PWM_ConfigChannel                0x08003a0d   Thumb Code   260  stm32f1xx_hal_tim.o(i.HAL_TIM_PWM_ConfigChannel)
    HAL_TIM_PWM_Init                         0x08003b11   Thumb Code   102  stm32f1xx_hal_tim.o(i.HAL_TIM_PWM_Init)
    HAL_TIM_PWM_MspInit                      0x08003b77   Thumb Code     2  stm32f1xx_hal_tim.o(i.HAL_TIM_PWM_MspInit)
    HAL_TIM_PWM_Start                        0x08003b79   Thumb Code   222  stm32f1xx_hal_tim.o(i.HAL_TIM_PWM_Start)
    HAL_UARTEx_ReceiveToIdle_IT              0x08003c6d   Thumb Code   114  stm32f1xx_hal_uart.o(i.HAL_UARTEx_ReceiveToIdle_IT)
    HAL_UARTEx_RxEventCallback               0x08003ce1   Thumb Code   146  my_uart.o(i.HAL_UARTEx_RxEventCallback)
    HAL_UART_ErrorCallback                   0x08003da9   Thumb Code     2  stm32f1xx_hal_uart.o(i.HAL_UART_ErrorCallback)
    HAL_UART_IRQHandler                      0x08003dad   Thumb Code   736  stm32f1xx_hal_uart.o(i.HAL_UART_IRQHandler)
    HAL_UART_Init                            0x08004091   Thumb Code   118  stm32f1xx_hal_uart.o(i.HAL_UART_Init)
    HAL_UART_MspInit                         0x08004109   Thumb Code   496  usart.o(i.HAL_UART_MspInit)
    HAL_UART_RxCpltCallback                  0x08004319   Thumb Code     2  stm32f1xx_hal_uart.o(i.HAL_UART_RxCpltCallback)
    HAL_UART_Transmit                        0x0800431b   Thumb Code   190  stm32f1xx_hal_uart.o(i.HAL_UART_Transmit)
    HAL_UART_TxCpltCallback                  0x080043d9   Thumb Code     2  stm32f1xx_hal_uart.o(i.HAL_UART_TxCpltCallback)
    HardFault_Handler                        0x080043db   Thumb Code     4  stm32f1xx_it.o(i.HardFault_Handler)
    MQTT_Handle                              0x08004951   Thumb Code   582  esp32.o(i.MQTT_Handle)
    MX_ADC1_Init                             0x08004cd5   Thumb Code   106  adc.o(i.MX_ADC1_Init)
    MX_DMA_Init                              0x08004d49   Thumb Code    80  dma.o(i.MX_DMA_Init)
    MX_GPIO_Init                             0x08004d9d   Thumb Code   306  gpio.o(i.MX_GPIO_Init)
    MX_I2C1_Init                             0x08004ee5   Thumb Code    48  i2c.o(i.MX_I2C1_Init)
    MX_TIM4_Init                             0x08004f21   Thumb Code   190  tim.o(i.MX_TIM4_Init)
    MX_UART4_Init                            0x08004fe9   Thumb Code    46  usart.o(i.MX_UART4_Init)
    MX_USART1_UART_Init                      0x08005021   Thumb Code    46  usart.o(i.MX_USART1_UART_Init)
    MX_USART2_UART_Init                      0x08005059   Thumb Code    46  usart.o(i.MX_USART2_UART_Init)
    MX_USART3_UART_Init                      0x08005091   Thumb Code    46  usart.o(i.MX_USART3_UART_Init)
    MemManage_Handler                        0x080050c9   Thumb Code     4  stm32f1xx_it.o(i.MemManage_Handler)
    NMI_Handler                              0x080050cd   Thumb Code     4  stm32f1xx_it.o(i.NMI_Handler)
    PM25_get_ugm3                            0x080050d1   Thumb Code    88  pm25.o(i.PM25_get_ugm3)
    PM25_init                                0x08005139   Thumb Code   118  pm25.o(i.PM25_init)
    PM25_proc                                0x080051f5   Thumb Code   126  pm25.o(i.PM25_proc)
    PendSV_Handler                           0x08005289   Thumb Code     2  stm32f1xx_it.o(i.PendSV_Handler)
    SVC_Handler                              0x080052b5   Thumb Code     2  stm32f1xx_it.o(i.SVC_Handler)
    SysTick_Handler                          0x080052b7   Thumb Code     8  stm32f1xx_it.o(i.SysTick_Handler)
    SystemClock_Config                       0x080052bf   Thumb Code   130  main.o(i.SystemClock_Config)
    SystemInit                               0x08005341   Thumb Code     2  system_stm32f1xx.o(i.SystemInit)
    TIME_Handle                              0x08005345   Thumb Code    94  esp32.o(i.TIME_Handle)
    TIM_Base_SetConfig                       0x080053c9   Thumb Code   150  stm32f1xx_hal_tim.o(i.TIM_Base_SetConfig)
    TIM_CCxChannelCmd                        0x08005475   Thumb Code    34  stm32f1xx_hal_tim.o(i.TIM_CCxChannelCmd)
    TIM_ETR_SetConfig                        0x08005497   Thumb Code    22  stm32f1xx_hal_tim.o(i.TIM_ETR_SetConfig)
    TIM_OC2_SetConfig                        0x08005531   Thumb Code   114  stm32f1xx_hal_tim.o(i.TIM_OC2_SetConfig)
    UART4_IRQHandler                         0x080056c9   Thumb Code    10  stm32f1xx_it.o(i.UART4_IRQHandler)
    UART_Start_Receive_IT                    0x08005971   Thumb Code    64  stm32f1xx_hal_uart.o(i.UART_Start_Receive_IT)
    USART1_IRQHandler                        0x08005a9d   Thumb Code    10  stm32f1xx_it.o(i.USART1_IRQHandler)
    USART2_IRQHandler                        0x08005aad   Thumb Code    10  stm32f1xx_it.o(i.USART2_IRQHandler)
    USART3_IRQHandler                        0x08005abd   Thumb Code    10  stm32f1xx_it.o(i.USART3_IRQHandler)
    UsageFault_Handler                       0x08005acd   Thumb Code     4  stm32f1xx_it.o(i.UsageFault_Handler)
    __0snprintf                              0x08005ad1   Thumb Code    48  printfa.o(i.__0snprintf)
    __1snprintf                              0x08005ad1   Thumb Code     0  printfa.o(i.__0snprintf)
    __2snprintf                              0x08005ad1   Thumb Code     0  printfa.o(i.__0snprintf)
    __c89snprintf                            0x08005ad1   Thumb Code     0  printfa.o(i.__0snprintf)
    snprintf                                 0x08005ad1   Thumb Code     0  printfa.o(i.__0snprintf)
    __0sprintf                               0x08005b05   Thumb Code    34  printfa.o(i.__0sprintf)
    __1sprintf                               0x08005b05   Thumb Code     0  printfa.o(i.__0sprintf)
    __2sprintf                               0x08005b05   Thumb Code     0  printfa.o(i.__0sprintf)
    __c89sprintf                             0x08005b05   Thumb Code     0  printfa.o(i.__0sprintf)
    sprintf                                  0x08005b05   Thumb Code     0  printfa.o(i.__0sprintf)
    __0vsnprintf                             0x08005b2d   Thumb Code    46  printfa.o(i.__0vsnprintf)
    __1vsnprintf                             0x08005b2d   Thumb Code     0  printfa.o(i.__0vsnprintf)
    __2vsnprintf                             0x08005b2d   Thumb Code     0  printfa.o(i.__0vsnprintf)
    __c89vsnprintf                           0x08005b2d   Thumb Code     0  printfa.o(i.__0vsnprintf)
    vsnprintf                                0x08005b2d   Thumb Code     0  printfa.o(i.__0vsnprintf)
    __ARM_fpclassifyf                        0x08005b61   Thumb Code    38  fpclassifyf.o(i.__ARM_fpclassifyf)
    __aeabi_errno_addr                       0x08005bc1   Thumb Code     4  errno.o(i.__aeabi_errno_addr)
    __rt_errno_addr                          0x08005bc1   Thumb Code     0  errno.o(i.__aeabi_errno_addr)
    __mathlib_flt_divzero                    0x08005bc9   Thumb Code    10  funder.o(i.__mathlib_flt_divzero)
    __mathlib_flt_infnan2                    0x08005bd3   Thumb Code     4  funder.o(i.__mathlib_flt_infnan2)
    __mathlib_flt_invalid                    0x08005bd7   Thumb Code     8  funder.o(i.__mathlib_flt_invalid)
    __mathlib_flt_overflow                   0x08005bdf   Thumb Code    10  funder.o(i.__mathlib_flt_overflow)
    __mathlib_flt_underflow                  0x08005be9   Thumb Code    10  funder.o(i.__mathlib_flt_underflow)
    __scatterload_copy                       0x08005bf3   Thumb Code    14  handlers.o(i.__scatterload_copy)
    __scatterload_null                       0x08005c01   Thumb Code     2  handlers.o(i.__scatterload_null)
    __scatterload_zeroinit                   0x08005c03   Thumb Code    14  handlers.o(i.__scatterload_zeroinit)
    __set_errno                              0x08005c11   Thumb Code     6  errno.o(i.__set_errno)
    bh1750_get_lux                           0x080064c9   Thumb Code    18  bh1750.o(i.bh1750_get_lux)
    bh1750_init                              0x080064e1   Thumb Code   172  bh1750.o(i.bh1750_init)
    bh1750_proc                              0x080065dd   Thumb Code   128  bh1750.o(i.bh1750_proc)
    build_onenet_cmd                         0x0800671d   Thumb Code   256  esp32.o(i.build_onenet_cmd)
    esp32_check_cmd_timeout                  0x08006999   Thumb Code    54  esp32.o(i.esp32_check_cmd_timeout)
    esp32_check_online                       0x08006a09   Thumb Code   164  esp32.o(i.esp32_check_online)
    esp32_flush_reply                        0x08006b29   Thumb Code   140  esp32.o(i.esp32_flush_reply)
    esp32_init_nonblock                      0x08006c0d   Thumb Code  1760  esp32.o(i.esp32_init_nonblock)
    esp32_run_recv                           0x080073c1   Thumb Code   456  esp32.o(i.esp32_run_recv)
    esp32_run_send                           0x080075f1   Thumb Code   614  esp32.o(i.esp32_run_send)
    extract_json                             0x0800793d   Thumb Code   112  json_parser.o(i.extract_json)
    extract_topic                            0x080079b1   Thumb Code    82  json_parser.o(i.extract_topic)
    fan_get_speed                            0x08007a05   Thumb Code     6  fan.o(i.fan_get_speed)
    fan_init                                 0x08007a11   Thumb Code    26  fan.o(i.fan_init)
    fan_is_open                              0x08007a35   Thumb Code    16  fan.o(i.fan_is_open)
    fan_set                                  0x08007a49   Thumb Code    40  fan.o(i.fan_set)
    fan_set_gear                             0x08007a79   Thumb Code    24  fan.o(i.fan_set_gear)
    fan_speed_down                           0x08007a95   Thumb Code    30  fan.o(i.fan_speed_down)
    fan_speed_up                             0x08007ab9   Thumb Code    28  fan.o(i.fan_speed_up)
    get_msg_type                             0x08007ad9   Thumb Code    50  json_parser.o(i.get_msg_type)
    json_get_msg_id                          0x08007bdd   Thumb Code    78  json_parser.o(i.json_get_msg_id)
    lcd_recv                                 0x08007c35   Thumb Code    86  lcd.o(i.lcd_recv)
    lcd_send                                 0x08007c9d   Thumb Code   178  lcd.o(i.lcd_send)
    main                                     0x08007dc5   Thumb Code   140  main.o(i.main)
    malloc                                   0x08007e6d   Thumb Code    92  malloc.o(i.malloc)
    my_adc_init                              0x08007ed9   Thumb Code    28  my_adc.o(i.my_adc_init)
    my_uart_init                             0x08007efd   Thumb Code    48  my_uart.o(i.my_uart_init)
    parse_onenet_params                      0x08008261   Thumb Code   192  json_parser.o(i.parse_onenet_params)
    __mathlib_powf                           0x080083d9   Thumb Code     0  powf.o(i.powf)
    powf                                     0x080083d9   Thumb Code  1548  powf.o(i.powf)
    schedule_init                            0x08008a21   Thumb Code     8  schedule.o(i.schedule_init)
    schedule_run                             0x08008a2d   Thumb Code   104  schedule.o(i.schedule_run)
    smoke_get_ppm                            0x08008ac1   Thumb Code   132  smoke.o(i.smoke_get_ppm)
    smoke_init                               0x08008b59   Thumb Code   180  smoke.o(i.smoke_init)
    smoke_is_ready                           0x08008c65   Thumb Code    18  smoke.o(i.smoke_is_ready)
    smoke_proc                               0x08008c7d   Thumb Code   180  smoke.o(i.smoke_proc)
    uart_printf                              0x08008d65   Thumb Code    56  my_uart.o(i.uart_printf)
    voice_parse                              0x08008ea1   Thumb Code  1820  voice.o(i.voice_parse)
    voice_run_send                           0x08009695   Thumb Code    18  voice.o(i.voice_run_send)
    ws2812_2_get_base_b                      0x0800975d   Thumb Code     6  ws2812_2.o(i.ws2812_2_get_base_b)
    ws2812_2_get_base_g                      0x08009769   Thumb Code     6  ws2812_2.o(i.ws2812_2_get_base_g)
    ws2812_2_get_base_r                      0x08009775   Thumb Code     6  ws2812_2.o(i.ws2812_2_get_base_r)
    ws2812_2_set_all                         0x080098d1   Thumb Code    78  ws2812_2.o(i.ws2812_2_set_all)
    ws2812_color_to_buffer                   0x0800993d   Thumb Code   170  ws2812.o(i.ws2812_color_to_buffer)
    ws2812_get_base_b                        0x080099ed   Thumb Code     6  ws2812.o(i.ws2812_get_base_b)
    ws2812_get_base_g                        0x080099f9   Thumb Code     6  ws2812.o(i.ws2812_get_base_g)
    ws2812_get_base_r                        0x08009a05   Thumb Code     6  ws2812.o(i.ws2812_get_base_r)
    ws2812_is_open                           0x08009a11   Thumb Code    32  ws2812.o(i.ws2812_is_open)
    ws2812_send                              0x08009a3d   Thumb Code   292  ws2812.o(i.ws2812_send)
    ws2812_set_all                           0x08009b79   Thumb Code    78  ws2812.o(i.ws2812_set_all)
    AHBPrescTable                            0x08009c08   Data          16  system_stm32f1xx.o(.constdata)
    APBPrescTable                            0x08009c18   Data           8  system_stm32f1xx.o(.constdata)
    __ctype_table                            0x08009d74   Data         129  ctype_o.o(.constdata)
    Region$$Table$$Base                      0x08009ecc   Number         0  anon$$obj.o(Region$$Table)
    Region$$Table$$Limit                     0x08009eec   Number         0  anon$$obj.o(Region$$Table)
    uwTick                                   0x20000000   Data           4  stm32f1xx_hal.o(.data)
    uwTickPrio                               0x20000004   Data           4  stm32f1xx_hal.o(.data)
    uwTickFreq                               0x20000008   Data           1  stm32f1xx_hal.o(.data)
    SystemCoreClock                          0x2000000c   Data           4  system_stm32f1xx.o(.data)
    esp32_rx_pending                         0x20000010   Data           1  esp32.o(.data)
    at_cmd_busy                              0x20000011   Data           1  esp32.o(.data)
    esp32_initialized                        0x20000012   Data           1  esp32.o(.data)
    need_send_reply                          0x2000001a   Data           1  esp32.o(.data)
    task_num                                 0x20000034   Data           1  schedule.o(.data)
    uart_rx_byte                             0x200000b0   Data           1  my_uart.o(.data)
    uart_rx_len                              0x200000b1   Data           1  my_uart.o(.data)
    uart2_rx_byte                            0x200000b2   Data           1  my_uart.o(.data)
    uart2_rx_len                             0x200000b3   Data           1  my_uart.o(.data)
    uart3_rx_byte                            0x200000b4   Data           1  my_uart.o(.data)
    uart3_rx_len                             0x200000b5   Data           1  my_uart.o(.data)
    uart4_rx_byte                            0x200000b6   Data           1  my_uart.o(.data)
    uart4_rx_len                             0x200000b7   Data           1  my_uart.o(.data)
    adc_val                                  0x200000d0   Data           4  my_adc.o(.data)
    __microlib_freelist                      0x20000120   Data           4  mvars.o(.data)
    __microlib_freelist_initialised          0x20000124   Data           4  mvars.o(.data)
    hadc1                                    0x2000012c   Data          48  adc.o(.bss)
    hdma_adc1                                0x2000015c   Data          68  adc.o(.bss)
    hi2c1                                    0x200001a0   Data          84  i2c.o(.bss)
    htim4                                    0x200001f4   Data          72  tim.o(.bss)
    hdma_tim4_up                             0x2000023c   Data          68  tim.o(.bss)
    hdma_tim4_ch2                            0x20000280   Data          68  tim.o(.bss)
    huart4                                   0x200002c4   Data          72  usart.o(.bss)
    huart1                                   0x2000030c   Data          72  usart.o(.bss)
    huart2                                   0x20000354   Data          72  usart.o(.bss)
    huart3                                   0x2000039c   Data          72  usart.o(.bss)
    uart_rx_buf                              0x20000dc0   Data         512  my_uart.o(.bss)
    uart2_rx_buf                             0x20000fc0   Data         512  my_uart.o(.bss)
    uart3_rx_buf                             0x200011c0   Data         125  my_uart.o(.bss)
    uart4_rx_buf                             0x2000123d   Data         125  my_uart.o(.bss)
    dma_buffer                               0x2000133a   Data        2786  ws2812.o(.bss)
    dma_buffer2                              0x20001eac   Data        9346  ws2812_2.o(.bss)
    __heap_base                              0x20004570   Data           0  startup_stm32f103xe.o(HEAP)
    __heap_limit                             0x20004770   Data           0  startup_stm32f103xe.o(HEAP)
    __initial_sp                             0x20004b70   Data           0  startup_stm32f103xe.o(STACK)



==============================================================================

Memory Map of the image

  Image Entry point : 0x08000131

  Load Region LR_IROM1 (Base: 0x08000000, Size: 0x0000a018, Max: 0x00080000, ABSOLUTE, COMPRESSED[0x00009f38])

    Execution Region ER_IROM1 (Exec base: 0x08000000, Load base: 0x08000000, Size: 0x00009eec, Max: 0x00080000, ABSOLUTE)

    Exec Addr    Load Addr    Size         Type   Attr      Idx    E Section Name        Object

    0x08000000   0x08000000   0x00000130   Data   RO            3    RESET               startup_stm32f103xe.o
    0x08000130   0x08000130   0x00000000   Code   RO         4717  * .ARM.Collect$$$$00000000  mc_w.l(entry.o)
    0x08000130   0x08000130   0x00000004   Code   RO         5075    .ARM.Collect$$$$00000001  mc_w.l(entry2.o)
    0x08000134   0x08000134   0x00000004   Code   RO         5078    .ARM.Collect$$$$00000004  mc_w.l(entry5.o)
    0x08000138   0x08000138   0x00000000   Code   RO         5080    .ARM.Collect$$$$00000008  mc_w.l(entry7b.o)
    0x08000138   0x08000138   0x00000000   Code   RO         5082    .ARM.Collect$$$$0000000A  mc_w.l(entry8b.o)
    0x08000138   0x08000138   0x00000008   Code   RO         5083    .ARM.Collect$$$$0000000B  mc_w.l(entry9a.o)
    0x08000140   0x08000140   0x00000004   Code   RO         5090    .ARM.Collect$$$$0000000E  mc_w.l(entry12b.o)
    0x08000144   0x08000144   0x00000000   Code   RO         5085    .ARM.Collect$$$$0000000F  mc_w.l(entry10a.o)
    0x08000144   0x08000144   0x00000000   Code   RO         5087    .ARM.Collect$$$$00000011  mc_w.l(entry11a.o)
    0x08000144   0x08000144   0x00000004   Code   RO         5076    .ARM.Collect$$$$00002712  mc_w.l(entry2.o)
    0x08000148   0x08000148   0x00000024   Code   RO            4    .text               startup_stm32f103xe.o
    0x0800016c   0x0800016c   0x00000020   Code   RO         4720    .text               mc_w.l(llushr.o)
    0x0800018c   0x0800018c   0x00000040   Code   RO         4724    .text               mc_w.l(memmovea.o)
    0x080001cc   0x080001cc   0x00000024   Code   RO         4726    .text               mc_w.l(memseta.o)
    0x080001f0   0x080001f0   0x00000024   Code   RO         4728    .text               mc_w.l(strstr.o)
    0x08000214   0x08000214   0x00000018   Code   RO         4730    .text               mc_w.l(strncpy.o)
    0x0800022c   0x0800022c   0x00000014   Code   RO         4732    .text               mc_w.l(strchr.o)
    0x08000240   0x08000240   0x0000000e   Code   RO         4734    .text               mc_w.l(strlen.o)
    0x0800024e   0x0800024e   0x0000001c   Code   RO         4736    .text               mc_w.l(strcmp.o)
    0x0800026a   0x0800026a   0x0000001e   Code   RO         4738    .text               mc_w.l(strncmp.o)
    0x08000288   0x08000288   0x00000044   Code   RO         4740    .text               mc_w.l(strtok.o)
    0x080002cc   0x080002cc   0x00000020   Code   RO         4746    .text               mc_w.l(strpbrk.o)
    0x080002ec   0x080002ec   0x0000001a   Code   RO         5041    .text               mc_w.l(atoi.o)
    0x08000306   0x08000306   0x000000b0   Code   RO         5043    .text               mf_w.l(fadd.o)
    0x080003b6   0x080003b6   0x00000064   Code   RO         5045    .text               mf_w.l(fmul.o)
    0x0800041a   0x0800041a   0x0000007c   Code   RO         5047    .text               mf_w.l(fdiv.o)
    0x08000496   0x08000496   0x00000012   Code   RO         5049    .text               mf_w.l(fflti.o)
    0x080004a8   0x080004a8   0x0000000a   Code   RO         5051    .text               mf_w.l(ffltui.o)
    0x080004b2   0x080004b2   0x00000032   Code   RO         5053    .text               mf_w.l(ffixi.o)
    0x080004e4   0x080004e4   0x00000026   Code   RO         5055    .text               mf_w.l(f2d.o)
    0x0800050a   0x0800050a   0x00000002   PAD
    0x0800050c   0x0800050c   0x00000014   Code   RO         5057    .text               mf_w.l(cfcmple.o)
    0x08000520   0x08000520   0x0000002c   Code   RO         5094    .text               mc_w.l(uidiv.o)
    0x0800054c   0x0800054c   0x00000062   Code   RO         5096    .text               mc_w.l(uldiv.o)
    0x080005ae   0x080005ae   0x00000070   Code   RO         5107    .text               mc_w.l(strtol.o)
    0x0800061e   0x0800061e   0x00000000   Code   RO         5109    .text               mc_w.l(iusefp.o)
    0x0800061e   0x0800061e   0x0000006e   Code   RO         5110    .text               mf_w.l(fepilogue.o)
    0x0800068c   0x0800068c   0x00000018   Code   RO         5112    .text               mf_w.l(fscalb.o)
    0x080006a4   0x080006a4   0x0000014e   Code   RO         5114    .text               mf_w.l(dadd.o)
    0x080007f2   0x080007f2   0x000000e4   Code   RO         5116    .text               mf_w.l(dmul.o)
    0x080008d6   0x080008d6   0x000000de   Code   RO         5118    .text               mf_w.l(ddiv.o)
    0x080009b4   0x080009b4   0x00000030   Code   RO         5120    .text               mf_w.l(dfixul.o)
    0x080009e4   0x080009e4   0x0000004c   Code   RO         5122    .text               mf_w.l(ffixir.o)
    0x08000a30   0x08000a30   0x00000030   Code   RO         5124    .text               mf_w.l(cdrcmple.o)
    0x08000a60   0x08000a60   0x00000004   Code   RO         5126    .text               mf_w.l(fpstat.o)
    0x08000a64   0x08000a64   0x00000024   Code   RO         5128    .text               mc_w.l(init.o)
    0x08000a88   0x08000a88   0x0000001e   Code   RO         5131    .text               mc_w.l(llshl.o)
    0x08000aa6   0x08000aa6   0x00000024   Code   RO         5133    .text               mc_w.l(llsshr.o)
    0x08000aca   0x08000aca   0x00000002   PAD
    0x08000acc   0x08000acc   0x00000008   Code   RO         5135    .text               mc_w.l(ctype_o.o)
    0x08000ad4   0x08000ad4   0x0000009e   Code   RO         5163    .text               mc_w.l(_strtoul.o)
    0x08000b72   0x08000b72   0x000000ba   Code   RO         5166    .text               mf_w.l(depilogue.o)
    0x08000c2c   0x08000c2c   0x0000001c   Code   RO         5168    .text               mc_w.l(_chval.o)
    0x08000c48   0x08000c48   0x00000056   Code   RO         5178    .text               mc_w.l(__dczerorl2.o)
    0x08000c9e   0x08000c9e   0x0000005c   Code   RO          652    i.ADC_ConversionStop_Disable  stm32f1xx_hal_adc.o
    0x08000cfa   0x08000cfa   0x00000052   Code   RO          653    i.ADC_DMAConvCplt   stm32f1xx_hal_adc.o
    0x08000d4c   0x08000d4c   0x0000001e   Code   RO          654    i.ADC_DMAError      stm32f1xx_hal_adc.o
    0x08000d6a   0x08000d6a   0x0000000e   Code   RO          655    i.ADC_DMAHalfConvCplt  stm32f1xx_hal_adc.o
    0x08000d78   0x08000d78   0x00000090   Code   RO          656    i.ADC_Enable        stm32f1xx_hal_adc.o
    0x08000e08   0x08000e08   0x00000024   Code   RO         4293    i.BH1750_SendCommand  bh1750.o
    0x08000e2c   0x08000e2c   0x00000004   Code   RO          474    i.BusFault_Handler  stm32f1xx_it.o
    0x08000e30   0x08000e30   0x00000028   Code   RO         4438    i.DHT11_Mode_In     dht11.o
    0x08000e58   0x08000e58   0x0000002c   Code   RO         4439    i.DHT11_Mode_Out    dht11.o
    0x08000e84   0x08000e84   0x000000bc   Code   RO         4440    i.DHT11_ReadByte    dht11.o
    0x08000f40   0x08000f40   0x00000154   Code   RO         4441    i.DHT11_ReadData    dht11.o
    0x08001094   0x08001094   0x00000018   Code   RO         4442    i.DHT11_get_humi    dht11.o
    0x080010ac   0x080010ac   0x00000018   Code   RO         4443    i.DHT11_get_temp    dht11.o
    0x080010c4   0x080010c4   0x000000bc   Code   RO         4444    i.DHT11_init        dht11.o
    0x08001180   0x08001180   0x00000064   Code   RO         4446    i.DHT11_proc        dht11.o
    0x080011e4   0x080011e4   0x00000010   Code   RO          475    i.DMA1_Channel1_IRQHandler  stm32f1xx_it.o
    0x080011f4   0x080011f4   0x00000010   Code   RO          476    i.DMA1_Channel4_IRQHandler  stm32f1xx_it.o
    0x08001204   0x08001204   0x00000010   Code   RO          477    i.DMA1_Channel7_IRQHandler  stm32f1xx_it.o
    0x08001214   0x08001214   0x0000002c   Code   RO         1313    i.DMA_SetConfig     stm32f1xx_hal_dma.o
    0x08001240   0x08001240   0x00000002   Code   RO          478    i.DebugMon_Handler  stm32f1xx_it.o
    0x08001242   0x08001242   0x00000006   Code   RO           13    i.Error_Handler     main.o
    0x08001248   0x08001248   0x0000011c   Code   RO          832    i.HAL_ADCEx_Calibration_Start  stm32f1xx_hal_adc_ex.o
    0x08001364   0x08001364   0x00000160   Code   RO          658    i.HAL_ADC_ConfigChannel  stm32f1xx_hal_adc.o
    0x080014c4   0x080014c4   0x00000002   Code   RO          659    i.HAL_ADC_ConvCpltCallback  stm32f1xx_hal_adc.o
    0x080014c6   0x080014c6   0x00000002   Code   RO          660    i.HAL_ADC_ConvHalfCpltCallback  stm32f1xx_hal_adc.o
    0x080014c8   0x080014c8   0x00000002   Code   RO          662    i.HAL_ADC_ErrorCallback  stm32f1xx_hal_adc.o
    0x080014ca   0x080014ca   0x00000002   PAD
    0x080014cc   0x080014cc   0x00000160   Code   RO          667    i.HAL_ADC_Init      stm32f1xx_hal_adc.o
    0x0800162c   0x0800162c   0x000000b0   Code   RO          259    i.HAL_ADC_MspInit   adc.o
    0x080016dc   0x080016dc   0x00000180   Code   RO          674    i.HAL_ADC_Start_DMA  stm32f1xx_hal_adc.o
    0x0800185c   0x0800185c   0x00000056   Code   RO         1314    i.HAL_DMA_Abort     stm32f1xx_hal_dma.o
    0x080018b2   0x080018b2   0x00000002   PAD
    0x080018b4   0x080018b4   0x000001a8   Code   RO         1315    i.HAL_DMA_Abort_IT  stm32f1xx_hal_dma.o
    0x08001a5c   0x08001a5c   0x00000398   Code   RO         1319    i.HAL_DMA_IRQHandler  stm32f1xx_hal_dma.o
    0x08001df4   0x08001df4   0x0000008c   Code   RO         1320    i.HAL_DMA_Init      stm32f1xx_hal_dma.o
    0x08001e80   0x08001e80   0x00000072   Code   RO         1323    i.HAL_DMA_Start     stm32f1xx_hal_dma.o
    0x08001ef2   0x08001ef2   0x0000009c   Code   RO         1324    i.HAL_DMA_Start_IT  stm32f1xx_hal_dma.o
    0x08001f8e   0x08001f8e   0x00000002   PAD
    0x08001f90   0x08001f90   0x00000028   Code   RO          935    i.HAL_Delay         stm32f1xx_hal.o
    0x08001fb8   0x08001fb8   0x00000154   Code   RO         1247    i.HAL_GPIO_DeInit   stm32f1xx_hal_gpio.o
    0x0800210c   0x0800210c   0x00000340   Code   RO         1250    i.HAL_GPIO_Init     stm32f1xx_hal_gpio.o
    0x0800244c   0x0800244c   0x00000010   Code   RO         1252    i.HAL_GPIO_ReadPin  stm32f1xx_hal_gpio.o
    0x0800245c   0x0800245c   0x0000000c   Code   RO         1254    i.HAL_GPIO_WritePin  stm32f1xx_hal_gpio.o
    0x08002468   0x08002468   0x0000000c   Code   RO          939    i.HAL_GetTick       stm32f1xx_hal.o
    0x08002474   0x08002474   0x0000003c   Code   RO         1938    i.HAL_I2C_DeInit    stm32f1xx_hal_i2c.o
    0x080024b0   0x080024b0   0x000001d0   Code   RO         1947    i.HAL_I2C_Init      stm32f1xx_hal_i2c.o
    0x08002680   0x08002680   0x0000036c   Code   RO         1953    i.HAL_I2C_Master_Receive  stm32f1xx_hal_i2c.o
    0x080029ec   0x080029ec   0x00000170   Code   RO         1960    i.HAL_I2C_Master_Transmit  stm32f1xx_hal_i2c.o
    0x08002b5c   0x08002b5c   0x00000038   Code   RO          324    i.HAL_I2C_MspDeInit  i2c.o
    0x08002b94   0x08002b94   0x00000074   Code   RO          325    i.HAL_I2C_MspInit   i2c.o
    0x08002c08   0x08002c08   0x00000018   Code   RO          945    i.HAL_IncTick       stm32f1xx_hal.o
    0x08002c20   0x08002c20   0x00000028   Code   RO          946    i.HAL_Init          stm32f1xx_hal.o
    0x08002c48   0x08002c48   0x0000004c   Code   RO          947    i.HAL_InitTick      stm32f1xx_hal.o
    0x08002c94   0x08002c94   0x00000054   Code   RO          592    i.HAL_MspInit       stm32f1xx_hal_msp.o
    0x08002ce8   0x08002ce8   0x00000020   Code   RO         1410    i.HAL_NVIC_EnableIRQ  stm32f1xx_hal_cortex.o
    0x08002d08   0x08002d08   0x0000007c   Code   RO         1416    i.HAL_NVIC_SetPriority  stm32f1xx_hal_cortex.o
    0x08002d84   0x08002d84   0x00000028   Code   RO         1417    i.HAL_NVIC_SetPriorityGrouping  stm32f1xx_hal_cortex.o
    0x08002dac   0x08002dac   0x00000118   Code   RO         1211    i.HAL_RCCEx_GetPeriphCLKFreq  stm32f1xx_hal_rcc_ex.o
    0x08002ec4   0x08002ec4   0x00000130   Code   RO         1212    i.HAL_RCCEx_PeriphCLKConfig  stm32f1xx_hal_rcc_ex.o
    0x08002ff4   0x08002ff4   0x0000018c   Code   RO         1103    i.HAL_RCC_ClockConfig  stm32f1xx_hal_rcc.o
    0x08003180   0x08003180   0x0000000c   Code   RO         1108    i.HAL_RCC_GetHCLKFreq  stm32f1xx_hal_rcc.o
    0x0800318c   0x0800318c   0x00000020   Code   RO         1110    i.HAL_RCC_GetPCLK1Freq  stm32f1xx_hal_rcc.o
    0x080031ac   0x080031ac   0x00000020   Code   RO         1111    i.HAL_RCC_GetPCLK2Freq  stm32f1xx_hal_rcc.o
    0x080031cc   0x080031cc   0x00000070   Code   RO         1112    i.HAL_RCC_GetSysClockFreq  stm32f1xx_hal_rcc.o
    0x0800323c   0x0800323c   0x00000464   Code   RO         1115    i.HAL_RCC_OscConfig  stm32f1xx_hal_rcc.o
    0x080036a0   0x080036a0   0x00000034   Code   RO         1421    i.HAL_SYSTICK_Config  stm32f1xx_hal_cortex.o
    0x080036d4   0x080036d4   0x0000009c   Code   RO         3149    i.HAL_TIMEx_MasterConfigSynchronization  stm32f1xx_hal_tim_ex.o
    0x08003770   0x08003770   0x00000066   Code   RO         2415    i.HAL_TIM_Base_Init  stm32f1xx_hal_tim.o
    0x080037d6   0x080037d6   0x00000002   PAD
    0x080037d8   0x080037d8   0x000000b8   Code   RO          367    i.HAL_TIM_Base_MspInit  tim.o
    0x08003890   0x08003890   0x0000010c   Code   RO         2424    i.HAL_TIM_ConfigClockSource  stm32f1xx_hal_tim.o
    0x0800399c   0x0800399c   0x00000070   Code   RO          368    i.HAL_TIM_MspPostInit  tim.o
    0x08003a0c   0x08003a0c   0x00000104   Code   RO         2487    i.HAL_TIM_PWM_ConfigChannel  stm32f1xx_hal_tim.o
    0x08003b10   0x08003b10   0x00000066   Code   RO         2490    i.HAL_TIM_PWM_Init  stm32f1xx_hal_tim.o
    0x08003b76   0x08003b76   0x00000002   Code   RO         2492    i.HAL_TIM_PWM_MspInit  stm32f1xx_hal_tim.o
    0x08003b78   0x08003b78   0x000000f4   Code   RO         2495    i.HAL_TIM_PWM_Start  stm32f1xx_hal_tim.o
    0x08003c6c   0x08003c6c   0x00000072   Code   RO         3408    i.HAL_UARTEx_ReceiveToIdle_IT  stm32f1xx_hal_uart.o
    0x08003cde   0x08003cde   0x00000002   PAD
    0x08003ce0   0x08003ce0   0x000000c8   Code   RO         4026    i.HAL_UARTEx_RxEventCallback  my_uart.o
    0x08003da8   0x08003da8   0x00000002   Code   RO         3423    i.HAL_UART_ErrorCallback  stm32f1xx_hal_uart.o
    0x08003daa   0x08003daa   0x00000002   PAD
    0x08003dac   0x08003dac   0x000002e4   Code   RO         3426    i.HAL_UART_IRQHandler  stm32f1xx_hal_uart.o
    0x08004090   0x08004090   0x00000076   Code   RO         3427    i.HAL_UART_Init     stm32f1xx_hal_uart.o
    0x08004106   0x08004106   0x00000002   PAD
    0x08004108   0x08004108   0x00000210   Code   RO          415    i.HAL_UART_MspInit  usart.o
    0x08004318   0x08004318   0x00000002   Code   RO         3433    i.HAL_UART_RxCpltCallback  stm32f1xx_hal_uart.o
    0x0800431a   0x0800431a   0x000000be   Code   RO         3435    i.HAL_UART_Transmit  stm32f1xx_hal_uart.o
    0x080043d8   0x080043d8   0x00000002   Code   RO         3438    i.HAL_UART_TxCpltCallback  stm32f1xx_hal_uart.o
    0x080043da   0x080043da   0x00000004   Code   RO          479    i.HardFault_Handler  stm32f1xx_it.o
    0x080043de   0x080043de   0x0000003e   Code   RO         1991    i.I2C_IsAcknowledgeFailed  stm32f1xx_hal_i2c.o
    0x0800441c   0x0800441c   0x00000138   Code   RO         1994    i.I2C_MasterRequestRead  stm32f1xx_hal_i2c.o
    0x08004554   0x08004554   0x000000c0   Code   RO         1995    i.I2C_MasterRequestWrite  stm32f1xx_hal_i2c.o
    0x08004614   0x08004614   0x0000002c   Code   RO         4294    i.I2C_Reset         bh1750.o
    0x08004640   0x08004640   0x00000066   Code   RO         2011    i.I2C_WaitOnBTFFlagUntilTimeout  stm32f1xx_hal_i2c.o
    0x080046a6   0x080046a6   0x000000be   Code   RO         2012    i.I2C_WaitOnFlagUntilTimeout  stm32f1xx_hal_i2c.o
    0x08004764   0x08004764   0x000000fa   Code   RO         2013    i.I2C_WaitOnMasterAddressFlagUntilTimeout  stm32f1xx_hal_i2c.o
    0x0800485e   0x0800485e   0x0000008a   Code   RO         2014    i.I2C_WaitOnRXNEFlagUntilTimeout  stm32f1xx_hal_i2c.o
    0x080048e8   0x080048e8   0x00000066   Code   RO         2017    i.I2C_WaitOnTXEFlagUntilTimeout  stm32f1xx_hal_i2c.o
    0x0800494e   0x0800494e   0x00000002   PAD
    0x08004950   0x08004950   0x00000384   Code   RO         3807    i.MQTT_Handle       esp32.o
    0x08004cd4   0x08004cd4   0x00000074   Code   RO          260    i.MX_ADC1_Init      adc.o
    0x08004d48   0x08004d48   0x00000054   Code   RO          300    i.MX_DMA_Init       dma.o
    0x08004d9c   0x08004d9c   0x00000148   Code   RO          234    i.MX_GPIO_Init      gpio.o
    0x08004ee4   0x08004ee4   0x0000003c   Code   RO          326    i.MX_I2C1_Init      i2c.o
    0x08004f20   0x08004f20   0x000000c8   Code   RO          369    i.MX_TIM4_Init      tim.o
    0x08004fe8   0x08004fe8   0x00000038   Code   RO          416    i.MX_UART4_Init     usart.o
    0x08005020   0x08005020   0x00000038   Code   RO          417    i.MX_USART1_UART_Init  usart.o
    0x08005058   0x08005058   0x00000038   Code   RO          418    i.MX_USART2_UART_Init  usart.o
    0x08005090   0x08005090   0x00000038   Code   RO          419    i.MX_USART3_UART_Init  usart.o
    0x080050c8   0x080050c8   0x00000004   Code   RO          480    i.MemManage_Handler  stm32f1xx_it.o
    0x080050cc   0x080050cc   0x00000004   Code   RO          481    i.NMI_Handler       stm32f1xx_it.o
    0x080050d0   0x080050d0   0x00000068   Code   RO         4240    i.PM25_get_ugm3     pm25.o
    0x08005138   0x08005138   0x000000bc   Code   RO         4241    i.PM25_init         pm25.o
    0x080051f4   0x080051f4   0x00000094   Code   RO         4242    i.PM25_proc         pm25.o
    0x08005288   0x08005288   0x00000002   Code   RO          482    i.PendSV_Handler    stm32f1xx_it.o
    0x0800528a   0x0800528a   0x00000002   PAD
    0x0800528c   0x0800528c   0x00000028   Code   RO         1116    i.RCC_Delay         stm32f1xx_hal_rcc.o
    0x080052b4   0x080052b4   0x00000002   Code   RO          483    i.SVC_Handler       stm32f1xx_it.o
    0x080052b6   0x080052b6   0x00000008   Code   RO          484    i.SysTick_Handler   stm32f1xx_it.o
    0x080052be   0x080052be   0x00000082   Code   RO           14    i.SystemClock_Config  main.o
    0x08005340   0x08005340   0x00000002   Code   RO         3771    i.SystemInit        system_stm32f1xx.o
    0x08005342   0x08005342   0x00000002   PAD
    0x08005344   0x08005344   0x00000084   Code   RO         3808    i.TIME_Handle       esp32.o
    0x080053c8   0x080053c8   0x000000ac   Code   RO         2508    i.TIM_Base_SetConfig  stm32f1xx_hal_tim.o
    0x08005474   0x08005474   0x00000022   Code   RO         2509    i.TIM_CCxChannelCmd  stm32f1xx_hal_tim.o
    0x08005496   0x08005496   0x00000016   Code   RO         2519    i.TIM_ETR_SetConfig  stm32f1xx_hal_tim.o
    0x080054ac   0x080054ac   0x00000012   Code   RO         2520    i.TIM_ITRx_SetConfig  stm32f1xx_hal_tim.o
    0x080054be   0x080054be   0x00000002   PAD
    0x080054c0   0x080054c0   0x00000070   Code   RO         2521    i.TIM_OC1_SetConfig  stm32f1xx_hal_tim.o
    0x08005530   0x08005530   0x0000007c   Code   RO         2522    i.TIM_OC2_SetConfig  stm32f1xx_hal_tim.o
    0x080055ac   0x080055ac   0x00000078   Code   RO         2523    i.TIM_OC3_SetConfig  stm32f1xx_hal_tim.o
    0x08005624   0x08005624   0x00000054   Code   RO         2524    i.TIM_OC4_SetConfig  stm32f1xx_hal_tim.o
    0x08005678   0x08005678   0x00000026   Code   RO         2526    i.TIM_TI1_ConfigInputStage  stm32f1xx_hal_tim.o
    0x0800569e   0x0800569e   0x00000028   Code   RO         2528    i.TIM_TI2_ConfigInputStage  stm32f1xx_hal_tim.o
    0x080056c6   0x080056c6   0x00000002   PAD
    0x080056c8   0x080056c8   0x00000010   Code   RO          485    i.UART4_IRQHandler  stm32f1xx_it.o
    0x080056d8   0x080056d8   0x00000014   Code   RO         3440    i.UART_DMAAbortOnError  stm32f1xx_hal_uart.o
    0x080056ec   0x080056ec   0x0000006c   Code   RO         3450    i.UART_EndRxTransfer  stm32f1xx_hal_uart.o
    0x08005758   0x08005758   0x00000020   Code   RO         3451    i.UART_EndTransmit_IT  stm32f1xx_hal_uart.o
    0x08005778   0x08005778   0x000000fc   Code   RO         3453    i.UART_Receive_IT   stm32f1xx_hal_uart.o
    0x08005874   0x08005874   0x000000fc   Code   RO         3454    i.UART_SetConfig    stm32f1xx_hal_uart.o
    0x08005970   0x08005970   0x00000040   Code   RO         3456    i.UART_Start_Receive_IT  stm32f1xx_hal_uart.o
    0x080059b0   0x080059b0   0x00000060   Code   RO         3457    i.UART_Transmit_IT  stm32f1xx_hal_uart.o
    0x08005a10   0x08005a10   0x0000008c   Code   RO         3458    i.UART_WaitOnFlagUntilTimeout  stm32f1xx_hal_uart.o
    0x08005a9c   0x08005a9c   0x00000010   Code   RO          486    i.USART1_IRQHandler  stm32f1xx_it.o
    0x08005aac   0x08005aac   0x00000010   Code   RO          487    i.USART2_IRQHandler  stm32f1xx_it.o
    0x08005abc   0x08005abc   0x00000010   Code   RO          488    i.USART3_IRQHandler  stm32f1xx_it.o
    0x08005acc   0x08005acc   0x00000004   Code   RO          489    i.UsageFault_Handler  stm32f1xx_it.o
    0x08005ad0   0x08005ad0   0x00000034   Code   RO         4986    i.__0snprintf       mc_w.l(printfa.o)
    0x08005b04   0x08005b04   0x00000028   Code   RO         4987    i.__0sprintf        mc_w.l(printfa.o)
    0x08005b2c   0x08005b2c   0x00000034   Code   RO         4990    i.__0vsnprintf      mc_w.l(printfa.o)
    0x08005b60   0x08005b60   0x00000026   Code   RO         5059    i.__ARM_fpclassifyf  m_ws.l(fpclassifyf.o)
    0x08005b86   0x08005b86   0x00000002   PAD
    0x08005b88   0x08005b88   0x00000010   Code   RO         1423    i.__NVIC_GetPriorityGrouping  stm32f1xx_hal_cortex.o
    0x08005b98   0x08005b98   0x00000028   Code   RO         1424    i.__NVIC_SetPriority  stm32f1xx_hal_cortex.o
    0x08005bc0   0x08005bc0   0x00000008   Code   RO         5100    i.__aeabi_errno_addr  mc_w.l(errno.o)
    0x08005bc8   0x08005bc8   0x0000000a   Code   RO         5061    i.__mathlib_flt_divzero  m_ws.l(funder.o)
    0x08005bd2   0x08005bd2   0x00000004   Code   RO         5063    i.__mathlib_flt_infnan2  m_ws.l(funder.o)
    0x08005bd6   0x08005bd6   0x00000008   Code   RO         5064    i.__mathlib_flt_invalid  m_ws.l(funder.o)
    0x08005bde   0x08005bde   0x0000000a   Code   RO         5065    i.__mathlib_flt_overflow  m_ws.l(funder.o)
    0x08005be8   0x08005be8   0x0000000a   Code   RO         5067    i.__mathlib_flt_underflow  m_ws.l(funder.o)
    0x08005bf2   0x08005bf2   0x0000000e   Code   RO         5172    i.__scatterload_copy  mc_w.l(handlers.o)
    0x08005c00   0x08005c00   0x00000002   Code   RO         5173    i.__scatterload_null  mc_w.l(handlers.o)
    0x08005c02   0x08005c02   0x0000000e   Code   RO         5174    i.__scatterload_zeroinit  mc_w.l(handlers.o)
    0x08005c10   0x08005c10   0x0000000c   Code   RO         5102    i.__set_errno       mc_w.l(errno.o)
    0x08005c1c   0x08005c1c   0x00000184   Code   RO         4992    i._fp_digits        mc_w.l(printfa.o)
    0x08005da0   0x08005da0   0x000006b4   Code   RO         4993    i._printf_core      mc_w.l(printfa.o)
    0x08006454   0x08006454   0x00000024   Code   RO         4994    i._printf_post_padding  mc_w.l(printfa.o)
    0x08006478   0x08006478   0x0000002e   Code   RO         4995    i._printf_pre_padding  mc_w.l(printfa.o)
    0x080064a6   0x080064a6   0x00000016   Code   RO         4996    i._snputc           mc_w.l(printfa.o)
    0x080064bc   0x080064bc   0x0000000a   Code   RO         4997    i._sputc            mc_w.l(printfa.o)
    0x080064c6   0x080064c6   0x00000002   PAD
    0x080064c8   0x080064c8   0x00000018   Code   RO         4296    i.bh1750_get_lux    bh1750.o
    0x080064e0   0x080064e0   0x000000fc   Code   RO         4298    i.bh1750_init       bh1750.o
    0x080065dc   0x080065dc   0x000000b0   Code   RO         4299    i.bh1750_proc       bh1750.o
    0x0800668c   0x0800668c   0x0000005c   Code   RO         4300    i.bh1750_read_raw   bh1750.o
    0x080066e8   0x080066e8   0x00000034   Code   RO         3809    i.buf_consume       esp32.o
    0x0800671c   0x0800671c   0x000001d4   Code   RO         3810    i.build_onenet_cmd  esp32.o
    0x080068f0   0x080068f0   0x00000048   Code   RO         3811    i.check_uart2_response  esp32.o
    0x08006938   0x08006938   0x00000030   Code   RO         4243    i.delay_us          pm25.o
    0x08006968   0x08006968   0x00000030   Code   RO         4447    i.delay_us          dht11.o
    0x08006998   0x08006998   0x00000070   Code   RO         3812    i.esp32_check_cmd_timeout  esp32.o
    0x08006a08   0x08006a08   0x00000120   Code   RO         3813    i.esp32_check_online  esp32.o
    0x08006b28   0x08006b28   0x000000e4   Code   RO         3814    i.esp32_flush_reply  esp32.o
    0x08006c0c   0x08006c0c   0x000007b4   Code   RO         3816    i.esp32_init_nonblock  esp32.o
    0x080073c0   0x080073c0   0x00000230   Code   RO         3817    i.esp32_run_recv    esp32.o
    0x080075f0   0x080075f0   0x0000034c   Code   RO         3818    i.esp32_run_send    esp32.o
    0x0800793c   0x0800793c   0x00000074   Code   RO         4135    i.extract_json      json_parser.o
    0x080079b0   0x080079b0   0x00000052   Code   RO         4136    i.extract_topic     json_parser.o
    0x08007a02   0x08007a02   0x00000002   PAD
    0x08007a04   0x08007a04   0x0000000c   Code   RO         4514    i.fan_get_speed     fan.o
    0x08007a10   0x08007a10   0x00000024   Code   RO         4515    i.fan_init          fan.o
    0x08007a34   0x08007a34   0x00000014   Code   RO         4516    i.fan_is_open       fan.o
    0x08007a48   0x08007a48   0x00000030   Code   RO         4517    i.fan_set           fan.o
    0x08007a78   0x08007a78   0x0000001c   Code   RO         4518    i.fan_set_gear      fan.o
    0x08007a94   0x08007a94   0x00000024   Code   RO         4519    i.fan_speed_down    fan.o
    0x08007ab8   0x08007ab8   0x00000020   Code   RO         4520    i.fan_speed_up      fan.o
    0x08007ad8   0x08007ad8   0x00000080   Code   RO         4137    i.get_msg_type      json_parser.o
    0x08007b58   0x08007b58   0x00000084   Code   RO         4138    i.json_find_value   json_parser.o
    0x08007bdc   0x08007bdc   0x00000058   Code   RO         4139    i.json_get_msg_id   json_parser.o
    0x08007c34   0x08007c34   0x00000068   Code   RO         4395    i.lcd_recv          lcd.o
    0x08007c9c   0x08007c9c   0x00000128   Code   RO         4396    i.lcd_send          lcd.o
    0x08007dc4   0x08007dc4   0x000000a8   Code   RO           15    i.main              main.o
    0x08007e6c   0x08007e6c   0x0000006c   Code   RO         5014    i.malloc            mc_w.l(malloc.o)
    0x08007ed8   0x08007ed8   0x00000024   Code   RO         4208    i.my_adc_init       my_adc.o
    0x08007efc   0x08007efc   0x00000050   Code   RO         4027    i.my_uart_init      my_uart.o
    0x08007f4c   0x08007f4c   0x00000048   Code   RO         4140    i.parse_bool_value  json_parser.o
    0x08007f94   0x08007f94   0x00000090   Code   RO         4141    i.parse_float_value  json_parser.o
    0x08008024   0x08008024   0x00000036   Code   RO         4142    i.parse_int_value   json_parser.o
    0x0800805a   0x0800805a   0x00000002   PAD
    0x0800805c   0x0800805c   0x00000204   Code   RO         4397    i.parse_lcd_buf     lcd.o
    0x08008260   0x08008260   0x000000c0   Code   RO         4143    i.parse_onenet_params  json_parser.o
    0x08008320   0x08008320   0x000000b6   Code   RO         4144    i.parse_string_value  json_parser.o
    0x080083d6   0x080083d6   0x00000002   PAD
    0x080083d8   0x080083d8   0x00000620   Code   RO         4708    i.powf              m_ws.l(powf.o)
    0x080089f8   0x080089f8   0x00000028   Code   RO         3819    i.queue_set_reply   esp32.o
    0x08008a20   0x08008a20   0x0000000c   Code   RO         3979    i.schedule_init     schedule.o
    0x08008a2c   0x08008a2c   0x00000074   Code   RO         3980    i.schedule_run      schedule.o
    0x08008aa0   0x08008aa0   0x00000020   Code   RO         4398    i.send_end          lcd.o
    0x08008ac0   0x08008ac0   0x00000098   Code   RO         4071    i.smoke_get_ppm     smoke.o
    0x08008b58   0x08008b58   0x0000010c   Code   RO         4072    i.smoke_init        smoke.o
    0x08008c64   0x08008c64   0x00000018   Code   RO         4074    i.smoke_is_ready    smoke.o
    0x08008c7c   0x08008c7c   0x000000e8   Code   RO         4075    i.smoke_proc        smoke.o
    0x08008d64   0x08008d64   0x00000038   Code   RO         4028    i.uart_printf       my_uart.o
    0x08008d9c   0x08008d9c   0x00000104   Code   RO         4358    i.voice_append_number  voice.o
    0x08008ea0   0x08008ea0   0x000007f4   Code   RO         4359    i.voice_parse       voice.o
    0x08009694   0x08009694   0x00000018   Code   RO         4360    i.voice_run_send    voice.o
    0x080096ac   0x080096ac   0x000000b0   Code   RO         4645    i.ws2812_2_color_to_buffer  ws2812_2.o
    0x0800975c   0x0800975c   0x0000000c   Code   RO         4646    i.ws2812_2_get_base_b  ws2812_2.o
    0x08009768   0x08009768   0x0000000c   Code   RO         4647    i.ws2812_2_get_base_g  ws2812_2.o
    0x08009774   0x08009774   0x0000000c   Code   RO         4648    i.ws2812_2_get_base_r  ws2812_2.o
    0x08009780   0x08009780   0x00000150   Code   RO         4650    i.ws2812_2_send     ws2812_2.o
    0x080098d0   0x080098d0   0x0000006c   Code   RO         4651    i.ws2812_2_set_all  ws2812_2.o
    0x0800993c   0x0800993c   0x000000b0   Code   RO         4577    i.ws2812_color_to_buffer  ws2812.o
    0x080099ec   0x080099ec   0x0000000c   Code   RO         4578    i.ws2812_get_base_b  ws2812.o
    0x080099f8   0x080099f8   0x0000000c   Code   RO         4579    i.ws2812_get_base_g  ws2812.o
    0x08009a04   0x08009a04   0x0000000c   Code   RO         4580    i.ws2812_get_base_r  ws2812.o
    0x08009a10   0x08009a10   0x0000002c   Code   RO         4581    i.ws2812_is_open    ws2812.o
    0x08009a3c   0x08009a3c   0x0000013c   Code   RO         4582    i.ws2812_send       ws2812.o
    0x08009b78   0x08009b78   0x0000006c   Code   RO         4583    i.ws2812_set_all    ws2812.o
    0x08009be4   0x08009be4   0x00000012   Data   RO         1117    .constdata          stm32f1xx_hal_rcc.o
    0x08009bf6   0x08009bf6   0x00000012   Data   RO         1213    .constdata          stm32f1xx_hal_rcc_ex.o
    0x08009c08   0x08009c08   0x00000018   Data   RO         3772    .constdata          system_stm32f1xx.o
    0x08009c20   0x08009c20   0x0000000a   Data   RO         4361    .constdata          voice.o
    0x08009c2a   0x08009c2a   0x0000000a   Data   RO         4521    .constdata          fan.o
    0x08009c34   0x08009c34   0x00000140   Data   RO         4709    .constdata          m_ws.l(powf.o)
    0x08009d74   0x08009d74   0x00000081   Data   RO         5136    .constdata          mc_w.l(ctype_o.o)
    0x08009df5   0x08009df5   0x00000003   PAD
    0x08009df8   0x08009df8   0x00000004   Data   RO         5137    .constdata          mc_w.l(ctype_o.o)
    0x08009dfc   0x08009dfc   0x000000cd   Data   RO         3822    .conststring        esp32.o
    0x08009ec9   0x08009ec9   0x00000003   PAD
    0x08009ecc   0x08009ecc   0x00000020   Data   RO         5170    Region$$Table       anon$$obj.o


    Execution Region RW_IRAM1 (Exec base: 0x20000000, Load base: 0x08009eec, Size: 0x00004b70, Max: 0x00010000, ABSOLUTE, COMPRESSED[0x0000004c])

    Exec Addr    Load Addr    Size         Type   Attr      Idx    E Section Name        Object

    0x20000000   COMPRESSED   0x00000009   Data   RW          953    .data               stm32f1xx_hal.o
    0x20000009   COMPRESSED   0x00000003   PAD
    0x2000000c   COMPRESSED   0x00000004   Data   RW         3773    .data               system_stm32f1xx.o
    0x20000010   COMPRESSED   0x00000024   Data   RW         3823    .data               esp32.o
    0x20000034   COMPRESSED   0x0000007c   Data   RW         3982    .data               schedule.o
    0x200000b0   COMPRESSED   0x00000008   Data   RW         4030    .data               my_uart.o
    0x200000b8   COMPRESSED   0x00000018   Data   RW         4076    .data               smoke.o
    0x200000d0   COMPRESSED   0x00000004   Data   RW         4209    .data               my_adc.o
    0x200000d4   COMPRESSED   0x0000000c   Data   RW         4244    .data               pm25.o
    0x200000e0   COMPRESSED   0x00000010   Data   RW         4301    .data               bh1750.o
    0x200000f0   COMPRESSED   0x00000006   Data   RW         4400    .data               lcd.o
    0x200000f6   COMPRESSED   0x00000002   PAD
    0x200000f8   COMPRESSED   0x00000014   Data   RW         4448    .data               dht11.o
    0x2000010c   COMPRESSED   0x00000002   Data   RW         4522    .data               fan.o
    0x2000010e   COMPRESSED   0x00000006   Data   RW         4585    .data               ws2812.o
    0x20000114   COMPRESSED   0x00000006   Data   RW         4653    .data               ws2812_2.o
    0x2000011a   COMPRESSED   0x00000002   PAD
    0x2000011c   COMPRESSED   0x00000004   Data   RW         4741    .data               mc_w.l(strtok.o)
    0x20000120   COMPRESSED   0x00000004   Data   RW         5098    .data               mc_w.l(mvars.o)
    0x20000124   COMPRESSED   0x00000004   Data   RW         5099    .data               mc_w.l(mvars.o)
    0x20000128   COMPRESSED   0x00000004   Data   RW         5103    .data               mc_w.l(errno.o)
    0x2000012c        -       0x00000074   Zero   RW          261    .bss                adc.o
    0x200001a0        -       0x00000054   Zero   RW          327    .bss                i2c.o
    0x200001f4        -       0x000000d0   Zero   RW          370    .bss                tim.o
    0x200002c4        -       0x00000120   Zero   RW          420    .bss                usart.o
    0x200003e4        -       0x000009dc   Zero   RW         3821    .bss                esp32.o
    0x20000dc0        -       0x000004fa   Zero   RW         4029    .bss                my_uart.o
    0x200012ba        -       0x00000080   Zero   RW         4399    .bss                lcd.o
    0x2000133a        -       0x00000b72   Zero   RW         4584    .bss                ws2812.o
    0x20001eac        -       0x000026c2   Zero   RW         4652    .bss                ws2812_2.o
    0x2000456e   COMPRESSED   0x00000002   PAD
    0x20004570        -       0x00000200   Zero   RW            2    HEAP                startup_stm32f103xe.o
    0x20004770        -       0x00000400   Zero   RW            1    STACK               startup_stm32f103xe.o


==============================================================================

Image component sizes


      Code (inc. data)   RO Data    RW Data    ZI Data      Debug   Object Name

       292         32          0          0        116       1727   adc.o
       624        148          0         16          0       3909   bh1750.o
       996        220          0         20          0       5773   dht11.o
        84          4          0          0          0        742   dma.o
      5668       1848        205         36       2524      14312   esp32.o
       212         42         10          2          0       3694   fan.o
       328         22          0          0          0       1051   gpio.o
       232         38          0          0         84       2089   i2c.o
      1190        138          0          0          0       7954   json_parser.o
       948        236          0          6        128       2886   lcd.o
       304         28          0          0          0     518936   main.o
        36          8          0          4          0       1012   my_adc.o
       336         86          0          8       1274       2853   my_uart.o
       488        120          0         12          0       2860   pm25.o
       128         16          0        124          0       1686   schedule.o
       676        166          0         24          0       3355   smoke.o
        36          8        304          0       1536        796   startup_stm32f103xe.o
       192         36          0          9          0       6437   stm32f1xx_hal.o
      1456         58          0          0          0       8274   stm32f1xx_hal_adc.o
       284          6          0          0          0       1450   stm32f1xx_hal_adc_ex.o
       304         22          0          0          0      29359   stm32f1xx_hal_cortex.o
      1884         28          0          0          0       6094   stm32f1xx_hal_dma.o
      1200         72          0          0          0       4245   stm32f1xx_hal_gpio.o
      3116         54          0          0          0      11907   stm32f1xx_hal_i2c.o
        84          8          0          0          0        882   stm32f1xx_hal_msp.o
      1748         98         18          0          0       5912   stm32f1xx_hal_rcc.o
       584         34         18          0          0       2373   stm32f1xx_hal_rcc_ex.o
      1742         80          0          0          0      11858   stm32f1xx_hal_tim.o
       156         22          0          0          0       1328   stm32f1xx_hal_tim_ex.o
      2132          8          0          0          0      11997   stm32f1xx_hal_uart.o
       146         42          0          0          0       7090   stm32f1xx_it.o
         2          0         24          4          0       1095   system_stm32f1xx.o
       496         48          0          0        208       2579   tim.o
       752         72          0          0        288       3503   usart.o
      2320        516         10          0          0       4459   voice.o
       680         90          0          6       2930       4969   ws2812.o
       656         82          0          6       9922       4431   ws2812_2.o

    ----------------------------------------------------------------------
     32542       4536        624        284      19012     705877   Object Totals
         0          0         32          0          0          0   (incl. Generated)
        30          0          3          7          2          0   (incl. Padding)

    ----------------------------------------------------------------------

      Code (inc. data)   RO Data    RW Data    ZI Data      Debug   Library Member Name

        38          0          0          0          0         68   fpclassifyf.o
        42          0          0          0          0        340   funder.o
      1568         80        320          0          0        224   powf.o
        86          0          0          0          0          0   __dczerorl2.o
        28          0          0          0          0         68   _chval.o
       158          0          0          0          0         92   _strtoul.o
        26          0          0          0          0         80   atoi.o
         8          4        133          0          0         68   ctype_o.o
         0          0          0          0          0          0   entry.o
         0          0          0          0          0          0   entry10a.o
         0          0          0          0          0          0   entry11a.o
         4          0          0          0          0          0   entry12b.o
         8          4          0          0          0          0   entry2.o
         4          0          0          0          0          0   entry5.o
         0          0          0          0          0          0   entry7b.o
         0          0          0          0          0          0   entry8b.o
         8          4          0          0          0          0   entry9a.o
        20         10          0          4          0        136   errno.o
        30          0          0          0          0          0   handlers.o
        36          8          0          0          0         68   init.o
         0          0          0          0          0          0   iusefp.o
        30          0          0          0          0         68   llshl.o
        36          0          0          0          0         68   llsshr.o
        32          0          0          0          0         68   llushr.o
       108         16          0          0          0         84   malloc.o
        64          0          0          0          0         76   memmovea.o
        36          0          0          0          0        108   memseta.o
         0          0          0          8          0          0   mvars.o
      2362         96          0          0          0        768   printfa.o
        20          0          0          0          0         68   strchr.o
        28          0          0          0          0         76   strcmp.o
        14          0          0          0          0         68   strlen.o
        30          0          0          0          0         80   strncmp.o
        24          0          0          0          0         76   strncpy.o
        32          0          0          0          0         76   strpbrk.o
        36          0          0          0          0         80   strstr.o
        68          6          0          4          0         80   strtok.o
       112          0          0          0          0         88   strtol.o
        44          0          0          0          0         80   uidiv.o
        98          0          0          0          0         92   uldiv.o
        48          0          0          0          0         68   cdrcmple.o
        20          0          0          0          0         68   cfcmple.o
       334          0          0          0          0        148   dadd.o
       222          0          0          0          0        100   ddiv.o
       186          0          0          0          0        176   depilogue.o
        48          0          0          0          0         68   dfixul.o
       228          0          0          0          0         96   dmul.o
        38          0          0          0          0         68   f2d.o
       176          0          0          0          0        140   fadd.o
       124          0          0          0          0         88   fdiv.o
       110          0          0          0          0        168   fepilogue.o
        50          0          0          0          0         68   ffixi.o
        76          0          0          0          0         76   ffixir.o
        18          0          0          0          0         68   fflti.o
        10          0          0          0          0         68   ffltui.o
       100          0          0          0          0         76   fmul.o
         4          0          0          0          0         68   fpstat.o
        24          0          0          0          0         68   fscalb.o

    ----------------------------------------------------------------------
      7062        228        456         16          0       4928   Library Totals
         8          0          3          0          0          0   (incl. Padding)

    ----------------------------------------------------------------------

      Code (inc. data)   RO Data    RW Data    ZI Data      Debug   Library Name

      1648         80        320          0          0        632   m_ws.l
      3590        148        133         16          0       2616   mc_w.l
      1816          0          0          0          0       1680   mf_w.l

    ----------------------------------------------------------------------
      7062        228        456         16          0       4928   Library Totals

    ----------------------------------------------------------------------

==============================================================================


      Code (inc. data)   RO Data    RW Data    ZI Data      Debug   

     39604       4764       1080        300      19012     698037   Grand Totals
     39604       4764       1080         76      19012     698037   ELF Image Totals (compressed)
     39604       4764       1080         76          0          0   ROM Totals

==============================================================================

    Total RO  Size (Code + RO Data)                40684 (  39.73kB)
    Total RW  Size (RW Data + ZI Data)             19312 (  18.86kB)
    Total ROM Size (Code + RO Data + RW Data)      40760 (  39.80kB)

==============================================================================

