Component: ARM Compiler 5.06 update 7 (build 960) Tool: armlink [4d3601]

==============================================================================

Section Cross References

    startup_stm32f103xe.o(RESET) refers to startup_stm32f103xe.o(STACK) for __initial_sp
    startup_stm32f103xe.o(RESET) refers to startup_stm32f103xe.o(.text) for Reset_Handler
    startup_stm32f103xe.o(RESET) refers to stm32f1xx_it.o(i.NMI_Handler) for NMI_Handler
    startup_stm32f103xe.o(RESET) refers to stm32f1xx_it.o(i.HardFault_Handler) for HardFault_Handler
    startup_stm32f103xe.o(RESET) refers to stm32f1xx_it.o(i.MemManage_Handler) for MemManage_Handler
    startup_stm32f103xe.o(RESET) refers to stm32f1xx_it.o(i.BusFault_Handler) for BusFault_Handler
    startup_stm32f103xe.o(RESET) refers to stm32f1xx_it.o(i.UsageFault_Handler) for UsageFault_Handler
    startup_stm32f103xe.o(RESET) refers to stm32f1xx_it.o(i.SVC_Handler) for SVC_Handler
    startup_stm32f103xe.o(RESET) refers to stm32f1xx_it.o(i.DebugMon_Handler) for DebugMon_Handler
    startup_stm32f103xe.o(RESET) refers to stm32f1xx_it.o(i.PendSV_Handler) for PendSV_Handler
    startup_stm32f103xe.o(RESET) refers to stm32f1xx_it.o(i.SysTick_Handler) for SysTick_Handler
    startup_stm32f103xe.o(RESET) refers to stm32f1xx_it.o(i.DMA1_Channel1_IRQHandler) for DMA1_Channel1_IRQHandler
    startup_stm32f103xe.o(RESET) refers to stm32f1xx_it.o(i.DMA1_Channel7_IRQHandler) for DMA1_Channel7_IRQHandler
    startup_stm32f103xe.o(RESET) refers to stm32f1xx_it.o(i.USART1_IRQHandler) for USART1_IRQHandler
    startup_stm32f103xe.o(RESET) refers to stm32f1xx_it.o(i.USART2_IRQHandler) for USART2_IRQHandler
    startup_stm32f103xe.o(RESET) refers to stm32f1xx_it.o(i.USART3_IRQHandler) for USART3_IRQHandler
    startup_stm32f103xe.o(RESET) refers to stm32f1xx_it.o(i.UART4_IRQHandler) for UART4_IRQHandler
    startup_stm32f103xe.o(.text) refers to system_stm32f1xx.o(i.SystemInit) for SystemInit
    startup_stm32f103xe.o(.text) refers to entry.o(.ARM.Collect$$$$00000000) for __main
    main.o(i.SystemClock_Config) refers to memseta.o(.text) for __aeabi_memclr4
    main.o(i.SystemClock_Config) refers to stm32f1xx_hal_rcc.o(i.HAL_RCC_OscConfig) for HAL_RCC_OscConfig
    main.o(i.SystemClock_Config) refers to main.o(i.Error_Handler) for Error_Handler
    main.o(i.SystemClock_Config) refers to stm32f1xx_hal_rcc.o(i.HAL_RCC_ClockConfig) for HAL_RCC_ClockConfig
    main.o(i.SystemClock_Config) refers to stm32f1xx_hal_rcc_ex.o(i.HAL_RCCEx_PeriphCLKConfig) for HAL_RCCEx_PeriphCLKConfig
    main.o(i.main) refers to stm32f1xx_hal.o(i.HAL_Init) for HAL_Init
    main.o(i.main) refers to main.o(i.SystemClock_Config) for SystemClock_Config
    main.o(i.main) refers to gpio.o(i.MX_GPIO_Init) for MX_GPIO_Init
    main.o(i.main) refers to dma.o(i.MX_DMA_Init) for MX_DMA_Init
    main.o(i.main) refers to usart.o(i.MX_USART1_UART_Init) for MX_USART1_UART_Init
    main.o(i.main) refers to usart.o(i.MX_USART2_UART_Init) for MX_USART2_UART_Init
    main.o(i.main) refers to adc.o(i.MX_ADC1_Init) for MX_ADC1_Init
    main.o(i.main) refers to tim.o(i.MX_TIM4_Init) for MX_TIM4_Init
    main.o(i.main) refers to i2c.o(i.MX_I2C1_Init) for MX_I2C1_Init
    main.o(i.main) refers to usart.o(i.MX_UART4_Init) for MX_UART4_Init
    main.o(i.main) refers to usart.o(i.MX_USART3_UART_Init) for MX_USART3_UART_Init
    main.o(i.main) refers to schedule.o(i.schedule_init) for schedule_init
    main.o(i.main) refers to my_uart.o(i.my_uart_init) for my_uart_init
    main.o(i.main) refers to my_adc.o(i.my_adc_init) for my_adc_init
    main.o(i.main) refers to my_uart.o(i.uart_printf) for uart_printf
    main.o(i.main) refers to ws2812.o(i.ws2812_set_all_brightness_level) for ws2812_set_all_brightness_level
    main.o(i.main) refers to smoke.o(i.smoke_init) for smoke_init
    main.o(i.main) refers to dht11.o(i.DHT11_init) for DHT11_init
    main.o(i.main) refers to pm25.o(i.PM25_init) for PM25_init
    main.o(i.main) refers to fan.o(i.fan_init) for fan_init
    main.o(i.main) refers to bh1750.o(i.bh1750_init) for bh1750_init
    main.o(i.main) refers to schedule.o(i.schedule_run) for schedule_run
    main.o(i.main) refers to usart.o(.bss) for huart1
    gpio.o(i.MX_GPIO_Init) refers to stm32f1xx_hal_gpio.o(i.HAL_GPIO_WritePin) for HAL_GPIO_WritePin
    gpio.o(i.MX_GPIO_Init) refers to stm32f1xx_hal_gpio.o(i.HAL_GPIO_Init) for HAL_GPIO_Init
    adc.o(i.HAL_ADC_MspDeInit) refers to stm32f1xx_hal_gpio.o(i.HAL_GPIO_DeInit) for HAL_GPIO_DeInit
    adc.o(i.HAL_ADC_MspDeInit) refers to stm32f1xx_hal_dma.o(i.HAL_DMA_DeInit) for HAL_DMA_DeInit
    adc.o(i.HAL_ADC_MspInit) refers to stm32f1xx_hal_gpio.o(i.HAL_GPIO_Init) for HAL_GPIO_Init
    adc.o(i.HAL_ADC_MspInit) refers to stm32f1xx_hal_dma.o(i.HAL_DMA_Init) for HAL_DMA_Init
    adc.o(i.HAL_ADC_MspInit) refers to main.o(i.Error_Handler) for Error_Handler
    adc.o(i.HAL_ADC_MspInit) refers to adc.o(.bss) for hdma_adc1
[...]
    __NVIC_SetPriority                       0x08005861   Thumb Code    32  stm32f1xx_hal_cortex.o(i.__NVIC_SetPriority)
    i.__aeabi_errno_addr                     0x08005888   Section        0  errno.o(i.__aeabi_errno_addr)
    i.__scatterload_copy                     0x08005890   Section       14  handlers.o(i.__scatterload_copy)
    i.__scatterload_null                     0x0800589e   Section        2  handlers.o(i.__scatterload_null)
    i.__scatterload_zeroinit                 0x080058a0   Section       14  handlers.o(i.__scatterload_zeroinit)
    i._fp_digits                             0x080058b0   Section        0  printfa.o(i._fp_digits)
    _fp_digits                               0x080058b1   Thumb Code   366  printfa.o(i._fp_digits)
    i._printf_core                           0x08005a34   Section        0  printfa.o(i._printf_core)
    _printf_core                             0x08005a35   Thumb Code  1704  printfa.o(i._printf_core)
    i._printf_post_padding                   0x080060e8   Section        0  printfa.o(i._printf_post_padding)
    _printf_post_padding                     0x080060e9   Thumb Code    36  printfa.o(i._printf_post_padding)
    i._printf_pre_padding                    0x0800610c   Section        0  printfa.o(i._printf_pre_padding)
    _printf_pre_padding                      0x0800610d   Thumb Code    46  printfa.o(i._printf_pre_padding)
    i._snputc                                0x0800613a   Section        0  printfa.o(i._snputc)
    _snputc                                  0x0800613b   Thumb Code    22  printfa.o(i._snputc)
    i._sputc                                 0x08006150   Section        0  printfa.o(i._sputc)
    _sputc                                   0x08006151   Thumb Code    10  printfa.o(i._sputc)
    i.bh1750_get_lux                         0x0800615c   Section        0  bh1750.o(i.bh1750_get_lux)
    i.bh1750_init                            0x08006174   Section        0  bh1750.o(i.bh1750_init)
    i.bh1750_proc                            0x08006270   Section        0  bh1750.o(i.bh1750_proc)
    i.bh1750_read_raw                        0x08006320   Section        0  bh1750.o(i.bh1750_read_raw)
    bh1750_read_raw                          0x08006321   Thumb Code    78  bh1750.o(i.bh1750_read_raw)
    i.delay_us                               0x0800637c   Section        0  pm25.o(i.delay_us)
    delay_us                                 0x0800637d   Thumb Code    36  pm25.o(i.delay_us)
    i.delay_us                               0x080063ac   Section        0  dht11.o(i.delay_us)
    delay_us                                 0x080063ad   Thumb Code    36  dht11.o(i.delay_us)
    i.esp32_run_recv                         0x080063dc   Section        0  esp32.o(i.esp32_run_recv)
    i.extract_json                           0x08006478   Section        0  json_parser.o(i.extract_json)
    i.extract_topic                          0x080064ec   Section        0  json_parser.o(i.extract_topic)
    i.fan_init                               0x08006540   Section        0  fan.o(i.fan_init)
    i.fan_is_open                            0x08006564   Section        0  fan.o(i.fan_is_open)
    i.fan_set                                0x08006578   Section        0  fan.o(i.fan_set)
    i.fan_set_gear                           0x080065a8   Section        0  fan.o(i.fan_set_gear)
    i.fan_speed_down                         0x080065c4   Section        0  fan.o(i.fan_speed_down)
    i.fan_speed_up                           0x080065e8   Section        0  fan.o(i.fan_speed_up)
    i.get_msg_type                           0x08006608   Section        0  json_parser.o(i.get_msg_type)
    i.json_find_value                        0x08006688   Section        0  json_parser.o(i.json_find_value)
    json_find_value                          0x08006689   Thumb Code   108  json_parser.o(i.json_find_value)
    i.json_get_msg_id                        0x0800670c   Section        0  json_parser.o(i.json_get_msg_id)
    i.lcd_recv                               0x08006764   Section        0  lcd.o(i.lcd_recv)
    i.lcd_send                               0x080067e4   Section        0  lcd.o(i.lcd_send)
    i.main                                   0x080068fc   Section        0  main.o(i.main)
    i.malloc                                 0x0800699c   Section        0  malloc.o(i.malloc)
    i.my_adc_init                            0x08006a08   Section        0  my_adc.o(i.my_adc_init)
    i.my_uart_init                           0x08006a2c   Section        0  my_uart.o(i.my_uart_init)
    i.parse_bool_value                       0x08006a7c   Section        0  json_parser.o(i.parse_bool_value)
    parse_bool_value                         0x08006a7d   Thumb Code    54  json_parser.o(i.parse_bool_value)
    i.parse_float_value                      0x08006ac4   Section        0  json_parser.o(i.parse_float_value)
    parse_float_value                        0x08006ac5   Thumb Code   140  json_parser.o(i.parse_float_value)
    i.parse_int_value                        0x08006b54   Section        0  json_parser.o(i.parse_int_value)
    parse_int_value                          0x08006b55   Thumb Code    54  json_parser.o(i.parse_int_value)
    i.parse_onenet_params                    0x08006b8a   Section        0  json_parser.o(i.parse_onenet_params)
    i.parse_string_value                     0x08006c4a   Section        0  json_parser.o(i.parse_string_value)
    parse_string_value                       0x08006c4b   Thumb Code   182  json_parser.o(i.parse_string_value)
    i.parse_uart4_data                       0x08006d00   Section        0  lcd.o(i.parse_uart4_data)
    parse_uart4_data                         0x08006d01   Thumb Code   324  lcd.o(i.parse_uart4_data)
    i.queue_set_reply                        0x08006e8c   Section        0  esp32.o(i.queue_set_reply)
    queue_set_reply                          0x08006e8d   Thumb Code    48  esp32.o(i.queue_set_reply)
    i.schedule_init                          0x08006f04   Section        0  schedule.o(i.schedule_init)
    i.schedule_run                           0x08006f10   Section        0  schedule.o(i.schedule_run)
    i.send_end                               0x08006f7c   Section        0  lcd.o(i.send_end)
    send_end                                 0x08006f7d   Thumb Code    20  lcd.o(i.send_end)
    i.smoke_get_adc                          0x08006f9c   Section        0  smoke.o(i.smoke_get_adc)
    i.smoke_init                             0x08006fb4   Section        0  smoke.o(i.smoke_init)
    i.smoke_is_ready                         0x080070c0   Section        0  smoke.o(i.smoke_is_ready)
    i.smoke_proc                             0x080070d8   Section        0  smoke.o(i.smoke_proc)
    i.uart_printf                            0x080071c0   Section        0  my_uart.o(i.uart_printf)
    i.voice_parse                            0x080071f8   Section        0  voice.o(i.voice_parse)
    i.voice_run_send                         0x080077d8   Section        0  voice.o(i.voice_run_send)
    i.ws2812_color_to_buffer                 0x080077f0   Section        0  ws2812.o(i.ws2812_color_to_buffer)
    i.ws2812_get_base_b                      0x080078a0   Section        0  ws2812.o(i.ws2812_get_base_b)
    i.ws2812_get_base_g                      0x080078ac   Section        0  ws2812.o(i.ws2812_get_base_g)
    i.ws2812_get_base_r                      0x080078b8   Section        0  ws2812.o(i.ws2812_get_base_r)
    i.ws2812_get_brightness                  0x080078c4   Section        0  ws2812.o(i.ws2812_get_brightness)
    i.ws2812_is_open                         0x080078d0   Section        0  ws2812.o(i.ws2812_is_open)
    i.ws2812_send                            0x08007908   Section        0  ws2812.o(i.ws2812_send)
    i.ws2812_set_all                         0x080079a8   Section        0  ws2812.o(i.ws2812_set_all)
    i.ws2812_set_all_brightness_level        0x08007a28   Section        0  ws2812.o(i.ws2812_set_all_brightness_level)
    i.ws2812_set_brightness                  0x08007a90   Section        0  ws2812.o(i.ws2812_set_brightness)
    .constdata                               0x08007abc   Section       18  stm32f1xx_hal_rcc.o(.constdata)
    aPLLMULFactorTable                       0x08007abc   Data          16  stm32f1xx_hal_rcc.o(.constdata)
    aPredivFactorTable                       0x08007acc   Data           2  stm32f1xx_hal_rcc.o(.constdata)
    .constdata                               0x08007ace   Section       18  stm32f1xx_hal_rcc_ex.o(.constdata)
    aPLLMULFactorTable                       0x08007ace   Data          16  stm32f1xx_hal_rcc_ex.o(.constdata)
    aPredivFactorTable                       0x08007ade   Data           2  stm32f1xx_hal_rcc_ex.o(.constdata)
    .constdata                               0x08007ae0   Section       24  system_stm32f1xx.o(.constdata)
    .constdata                               0x08007af8   Section       10  fan.o(.constdata)
    gear_table                               0x08007af8   Data          10  fan.o(.constdata)
    .constdata                               0x08007b02   Section      129  ctype_o.o(.constdata)
    .constdata                               0x08007b84   Section        4  ctype_o.o(.constdata)
    table                                    0x08007b84   Data           4  ctype_o.o(.constdata)
    .conststring                             0x08007b88   Section       77  esp32.o(.conststring)
    .data                                    0x20000000   Section        9  stm32f1xx_hal.o(.data)
    .data                                    0x2000000c   Section        4  system_stm32f1xx.o(.data)
    .data                                    0x20000010   Section       16  esp32.o(.data)
    pending_reply_valid                      0x20000011   Data           1  esp32.o(.data)
    pending_reply_try_count                  0x20000012   Data           1  esp32.o(.data)
    pending_reply_last_send                  0x20000014   Data           4  esp32.o(.data)
    ntp_updated                              0x20000018   Data           1  esp32.o(.data)
    test_int                                 0x2000001c   Data           4  esp32.o(.data)
    .data                                    0x20000020   Section       88  schedule.o(.data)
    schedule_task_t                          0x20000024   Data          84  schedule.o(.data)
    .data                                    0x20000078   Section        8  my_uart.o(.data)
    .data                                    0x20000080   Section       24  smoke.o(.data)
    buf                                      0x20000080   Data           4  smoke.o(.data)
    buf_index                                0x20000084   Data           4  smoke.o(.data)
    g_adc                                    0x20000088   Data           4  smoke.o(.data)
    g_alarm                                  0x2000008c   Data           4  smoke.o(.data)
    g_ready                                  0x20000090   Data           4  smoke.o(.data)
    g_start                                  0x20000094   Data           4  smoke.o(.data)
    .data                                    0x20000098   Section        4  my_adc.o(.data)
    .data                                    0x2000009c   Section       12  pm25.o(.data)
    buf                                      0x2000009c   Data           4  pm25.o(.data)
    buf_index                                0x200000a0   Data           4  pm25.o(.data)
    g_adc                                    0x200000a4   Data           4  pm25.o(.data)
    .data                                    0x200000a8   Section       16  bh1750.o(.data)
    buf                                      0x200000a8   Data           4  bh1750.o(.data)
    buf_index                                0x200000ac   Data           4  bh1750.o(.data)
    g_lux                                    0x200000b0   Data           4  bh1750.o(.data)
    g_raw_lux                                0x200000b4   Data           4  bh1750.o(.data)
    .data                                    0x200000b8   Section        3  lcd.o(.data)
    cur_r                                    0x200000b8   Data           1  lcd.o(.data)
    cur_g                                    0x200000b9   Data           1  lcd.o(.data)
    cur_b                                    0x200000ba   Data           1  lcd.o(.data)
    .data                                    0x200000bc   Section       20  dht11.o(.data)
    g_temp                                   0x200000bc   Data           4  dht11.o(.data)
    g_humi                                   0x200000c0   Data           4  dht11.o(.data)
    g_ready                                  0x200000c4   Data           4  dht11.o(.data)
    g_start_tick                             0x200000c8   Data           4  dht11.o(.data)
    g_last_sample_tick                       0x200000cc   Data           4  dht11.o(.data)
    .data                                    0x200000d0   Section        2  fan.o(.data)
    fan_cur_speed                            0x200000d0   Data           2  fan.o(.data)
    .data                                    0x200000d2   Section        7  ws2812.o(.data)
    ws2812_cur_r                             0x200000d2   Data           1  ws2812.o(.data)
    ws2812_cur_g                             0x200000d3   Data           1  ws2812.o(.data)
    ws2812_cur_b                             0x200000d4   Data           1  ws2812.o(.data)
    ws2812_base_r                            0x200000d5   Data           1  ws2812.o(.data)
    ws2812_base_g                            0x200000d6   Data           1  ws2812.o(.data)
    ws2812_base_b                            0x200000d7   Data           1  ws2812.o(.data)
    ws2812_brightness                        0x200000d8   Data           1  ws2812.o(.data)
    .data                                    0x200000dc   Section        4  strtok.o(.data)
    state                                    0x200000dc   Data           4  strtok.o(.data)
    .data                                    0x200000e0   Section        4  mvars.o(.data)
    .data                                    0x200000e4   Section        4  mvars.o(.data)
    .data                                    0x200000e8   Section        4  errno.o(.data)
    _errno                                   0x200000e8   Data           4  errno.o(.data)
    .bss                                     0x200000ec   Section      116  adc.o(.bss)
    .bss                                     0x20000160   Section       84  i2c.o(.bss)
    .bss                                     0x200001b4   Section      140  tim.o(.bss)
    .bss                                     0x20000240   Section      288  usart.o(.bss)
    .bss                                     0x20000360   Section     2496  esp32.o(.bss)
    pending_reply_cmd                        0x20000360   Data         256  esp32.o(.bss)
    ntp_time_str                             0x20000460   Data          64  esp32.o(.bss)
    cmd_buf                                  0x200004a0   Data         512  esp32.o(.bss)
    cmd_buf                                  0x200006a0   Data         512  esp32.o(.bss)
    payload                                  0x200008a0   Data         512  esp32.o(.bss)
    topic                                    0x20000aa0   Data         128  esp32.o(.bss)
    json_buf                                 0x20000b20   Data         512  esp32.o(.bss)
    .bss                                     0x20000d20   Section     1274  my_uart.o(.bss)
    .bss                                     0x2000121a   Section     2428  ws2812.o(.bss)
    color_data                               0x20001b0c   Data         138  ws2812.o(.bss)
    HEAP                                     0x20001b98   Section      512  startup_stm32f103xe.o(HEAP)
    STACK                                    0x20001d98   Section     1024  startup_stm32f103xe.o(STACK)

    Global Symbols

    Symbol Name                              Value     Ov Type        Size  Object(Section)

    BuildAttributes$$THM_ISAv4$P$D$K$B$S$PE$A:L22UL41UL21$X:L11$S22US41US21$IEEE1$IW$USESV6$~STKCKD$USESV7$~SHL$OTIME$ROPI$EBA8$MICROLIB$REQ8$PRES8$EABIv2 0x00000000   Number         0  anon$$obj.o ABSOLUTE
    __ARM_use_no_argv                        0x00000000   Number         0  main.o ABSOLUTE
    _printf_a                                0x00000000   Number         0  stubs.o ABSOLUTE
    _printf_c                                0x00000000   Number         0  stubs.o ABSOLUTE
    _printf_charcount                        0x00000000   Number         0  stubs.o ABSOLUTE
    _printf_d                                0x00000000   Number         0  stubs.o ABSOLUTE
    _printf_e                                0x00000000   Number         0  stubs.o ABSOLUTE
    _printf_f                                0x00000000   Number         0  stubs.o ABSOLUTE
    _printf_flags                            0x00000000   Number         0  stubs.o ABSOLUTE
    _printf_fp_dec                           0x00000000   Number         0  stubs.o ABSOLUTE
    _printf_fp_hex                           0x00000000   Number         0  stubs.o ABSOLUTE
    _printf_g                                0x00000000   Number         0  stubs.o ABSOLUTE
    _printf_i                                0x00000000   Number         0  stubs.o ABSOLUTE
    _printf_int_dec                          0x00000000   Number         0  stubs.o ABSOLUTE
    _printf_l                                0x00000000   Number         0  stubs.o ABSOLUTE
    _printf_lc                               0x00000000   Number         0  stubs.o ABSOLUTE
    _printf_ll                               0x00000000   Number         0  stubs.o ABSOLUTE
    _printf_lld                              0x00000000   Number         0  stubs.o ABSOLUTE
    _printf_lli                              0x00000000   Number         0  stubs.o ABSOLUTE
    _printf_llo                              0x00000000   Number         0  stubs.o ABSOLUTE
    _printf_llu                              0x00000000   Number         0  stubs.o ABSOLUTE
    _printf_llx                              0x00000000   Number         0  stubs.o ABSOLUTE
    _printf_longlong_dec                     0x00000000   Number         0  stubs.o ABSOLUTE
    _printf_longlong_hex                     0x00000000   Number         0  stubs.o ABSOLUTE
    _printf_longlong_oct                     0x00000000   Number         0  stubs.o ABSOLUTE
    _printf_ls                               0x00000000   Number         0  stubs.o ABSOLUTE
    _printf_mbtowc                           0x00000000   Number         0  stubs.o ABSOLUTE
    _printf_n                                0x00000000   Number         0  stubs.o ABSOLUTE
    _printf_o                                0x00000000   Number         0  stubs.o ABSOLUTE
    _printf_p                                0x00000000   Number         0  stubs.o ABSOLUTE
    _printf_percent                          0x00000000   Number         0  stubs.o ABSOLUTE
    _printf_pre_padding                      0x00000000   Number         0  stubs.o ABSOLUTE
    _printf_return_value                     0x00000000   Number         0  stubs.o ABSOLUTE
    _printf_s                                0x00000000   Number         0  stubs.o ABSOLUTE
    _printf_sizespec                         0x00000000   Number         0  stubs.o ABSOLUTE
    _printf_str                              0x00000000   Number         0  stubs.o ABSOLUTE
    _printf_truncate_signed                  0x00000000   Number         0  stubs.o ABSOLUTE
    _printf_truncate_unsigned                0x00000000   Number         0  stubs.o ABSOLUTE
    _printf_u                                0x00000000   Number         0  stubs.o ABSOLUTE
    _printf_wc                               0x00000000   Number         0  stubs.o ABSOLUTE
    _printf_wctomb                           0x00000000   Number         0  stubs.o ABSOLUTE
    _printf_widthprec                        0x00000000   Number         0  stubs.o ABSOLUTE
    _printf_x                                0x00000000   Number         0  stubs.o ABSOLUTE
    __arm_fini_                               - Undefined Weak Reference
    __cpp_initialize__aeabi_                  - Undefined Weak Reference
    __cxa_finalize                            - Undefined Weak Reference
    __decompress                              - Undefined Weak Reference
    _clock_init                               - Undefined Weak Reference
    _microlib_exit                            - Undefined Weak Reference
    __Vectors_Size                           0x00000130   Number         0  startup_stm32f103xe.o ABSOLUTE
    __Vectors                                0x08000000   Data           4  startup_stm32f103xe.o(RESET)
    __Vectors_End                            0x08000130   Data           0  startup_stm32f103xe.o(RESET)
    __main                                   0x08000131   Thumb Code     0  entry.o(.ARM.Collect$$$$00000000)
    _main_stk                                0x08000131   Thumb Code     0  entry2.o(.ARM.Collect$$$$00000001)
    _main_scatterload                        0x08000135   Thumb Code     0  entry5.o(.ARM.Collect$$$$00000004)
    __main_after_scatterload                 0x08000139   Thumb Code     0  entry5.o(.ARM.Collect$$$$00000004)
    _main_clock                              0x08000139   Thumb Code     0  entry7b.o(.ARM.Collect$$$$00000008)
    _main_cpp_init                           0x08000139   Thumb Code     0  entry8b.o(.ARM.Collect$$$$0000000A)
    _main_init                               0x08000139   Thumb Code     0  entry9a.o(.ARM.Collect$$$$0000000B)
    __rt_lib_shutdown_fini                   0x08000141   Thumb Code     0  entry12b.o(.ARM.Collect$$$$0000000E)
    __rt_final_cpp                           0x08000145   Thumb Code     0  entry10a.o(.ARM.Collect$$$$0000000F)
    __rt_final_exit                          0x08000145   Thumb Code     0  entry11a.o(.ARM.Collect$$$$00000011)
    Reset_Handler                            0x08000149   Thumb Code     8  startup_stm32f103xe.o(.text)
    ADC1_2_IRQHandler                        0x08000163   Thumb Code     0  startup_stm32f103xe.o(.text)
    ADC3_IRQHandler                          0x08000163   Thumb Code     0  startup_stm32f103xe.o(.text)
    CAN1_RX1_IRQHandler                      0x08000163   Thumb Code     0  startup_stm32f103xe.o(.text)
    CAN1_SCE_IRQHandler                      0x08000163   Thumb Code     0  startup_stm32f103xe.o(.text)
    DMA1_Channel2_IRQHandler                 0x08000163   Thumb Code     0  startup_stm32f103xe.o(.text)
    DMA1_Channel3_IRQHandler                 0x08000163   Thumb Code     0  startup_stm32f103xe.o(.text)
    DMA1_Channel4_IRQHandler                 0x08000163   Thumb Code     0  startup_stm32f103xe.o(.text)
    DMA1_Channel5_IRQHandler                 0x08000163   Thumb Code     0  startup_stm32f103xe.o(.text)
    DMA1_Channel6_IRQHandler                 0x08000163   Thumb Code     0  startup_stm32f103xe.o(.text)
    DMA2_Channel1_IRQHandler                 0x08000163   Thumb Code     0  startup_stm32f103xe.o(.text)
    DMA2_Channel2_IRQHandler                 0x08000163   Thumb Code     0  startup_stm32f103xe.o(.text)
    DMA2_Channel3_IRQHandler                 0x08000163   Thumb Code     0  startup_stm32f103xe.o(.text)
    DMA2_Channel4_5_IRQHandler               0x08000163   Thumb Code     0  startup_stm32f103xe.o(.text)
    EXTI0_IRQHandler                         0x08000163   Thumb Code     0  startup_stm32f103xe.o(.text)
    EXTI15_10_IRQHandler                     0x08000163   Thumb Code     0  startup_stm32f103xe.o(.text)
    EXTI1_IRQHandler                         0x08000163   Thumb Code     0  startup_stm32f103xe.o(.text)
    EXTI2_IRQHandler                         0x08000163   Thumb Code     0  startup_stm32f103xe.o(.text)
    EXTI3_IRQHandler                         0x08000163   Thumb Code     0  startup_stm32f103xe.o(.text)
    EXTI4_IRQHandler                         0x08000163   Thumb Code     0  startup_stm32f103xe.o(.text)
    EXTI9_5_IRQHandler                       0x08000163   Thumb Code     0  startup_stm32f103xe.o(.text)
    FLASH_IRQHandler                         0x08000163   Thumb Code     0  startup_stm32f103xe.o(.text)
    FSMC_IRQHandler                          0x08000163   Thumb Code     0  startup_stm32f103xe.o(.text)
    I2C1_ER_IRQHandler                       0x08000163   Thumb Code     0  startup_stm32f103xe.o(.text)
    I2C1_EV_IRQHandler                       0x08000163   Thumb Code     0  startup_stm32f103xe.o(.text)
    I2C2_ER_IRQHandler                       0x08000163   Thumb Code     0  startup_stm32f103xe.o(.text)
    I2C2_EV_IRQHandler                       0x08000163   Thumb Code     0  startup_stm32f103xe.o(.text)
    PVD_IRQHandler                           0x08000163   Thumb Code     0  startup_stm32f103xe.o(.text)
    RCC_IRQHandler                           0x08000163   Thumb Code     0  startup_stm32f103xe.o(.text)
    RTC_Alarm_IRQHandler                     0x08000163   Thumb Code     0  startup_stm32f103xe.o(.text)
    RTC_IRQHandler                           0x08000163   Thumb Code     0  startup_stm32f103xe.o(.text)
    SDIO_IRQHandler                          0x08000163   Thumb Code     0  startup_stm32f103xe.o(.text)
    SPI1_IRQHandler                          0x08000163   Thumb Code     0  startup_stm32f103xe.o(.text)
    SPI2_IRQHandler                          0x08000163   Thumb Code     0  startup_stm32f103xe.o(.text)
    SPI3_IRQHandler                          0x08000163   Thumb Code     0  startup_stm32f103xe.o(.text)
    TAMPER_IRQHandler                        0x08000163   Thumb Code     0  startup_stm32f103xe.o(.text)
    TIM1_BRK_IRQHandler                      0x08000163   Thumb Code     0  startup_stm32f103xe.o(.text)
    TIM1_CC_IRQHandler                       0x08000163   Thumb Code     0  startup_stm32f103xe.o(.text)
    TIM1_TRG_COM_IRQHandler                  0x08000163   Thumb Code     0  startup_stm32f103xe.o(.text)
    TIM1_UP_IRQHandler                       0x08000163   Thumb Code     0  startup_stm32f103xe.o(.text)
    TIM2_IRQHandler                          0x08000163   Thumb Code     0  startup_stm32f103xe.o(.text)
    TIM3_IRQHandler                          0x08000163   Thumb Code     0  startup_stm32f103xe.o(.text)
    TIM4_IRQHandler                          0x08000163   Thumb Code     0  startup_stm32f103xe.o(.text)
    TIM5_IRQHandler                          0x08000163   Thumb Code     0  startup_stm32f103xe.o(.text)
    TIM6_IRQHandler                          0x08000163   Thumb Code     0  startup_stm32f103xe.o(.text)
    TIM7_IRQHandler                          0x08000163   Thumb Code     0  startup_stm32f103xe.o(.text)
    TIM8_BRK_IRQHandler                      0x08000163   Thumb Code     0  startup_stm32f103xe.o(.text)
    TIM8_CC_IRQHandler                       0x08000163   Thumb Code     0  startup_stm32f103xe.o(.text)
    TIM8_TRG_COM_IRQHandler                  0x08000163   Thumb Code     0  startup_stm32f103xe.o(.text)
    TIM8_UP_IRQHandler                       0x08000163   Thumb Code     0  startup_stm32f103xe.o(.text)
    UART5_IRQHandler                         0x08000163   Thumb Code     0  startup_stm32f103xe.o(.text)
    USBWakeUp_IRQHandler                     0x08000163   Thumb Code     0  startup_stm32f103xe.o(.text)
    USB_HP_CAN1_TX_IRQHandler                0x08000163   Thumb Code     0  startup_stm32f103xe.o(.text)
    USB_LP_CAN1_RX0_IRQHandler               0x08000163   Thumb Code     0  startup_stm32f103xe.o(.text)
    WWDG_IRQHandler                          0x08000163   Thumb Code     0  startup_stm32f103xe.o(.text)
    __aeabi_llsr                             0x0800016d   Thumb Code    32  llushr.o(.text)
    _ll_ushift_r                             0x0800016d   Thumb Code     0  llushr.o(.text)
    __aeabi_memset                           0x0800018d   Thumb Code    14  memseta.o(.text)
    __aeabi_memset4                          0x0800018d   Thumb Code     0  memseta.o(.text)
    __aeabi_memset8                          0x0800018d   Thumb Code     0  memseta.o(.text)
    __aeabi_memclr                           0x0800019b   Thumb Code     4  memseta.o(.text)
    __aeabi_memclr4                          0x0800019b   Thumb Code     0  memseta.o(.text)
    __aeabi_memclr8                          0x0800019b   Thumb Code     0  memseta.o(.text)
    _memset$wrapper                          0x0800019f   Thumb Code    18  memseta.o(.text)
    strstr                                   0x080001b1   Thumb Code    36  strstr.o(.text)
    strncpy                                  0x080001d5   Thumb Code    24  strncpy.o(.text)
    strchr                                   0x080001ed   Thumb Code    20  strchr.o(.text)
    strlen                                   0x08000201   Thumb Code    14  strlen.o(.text)
    strcmp                                   0x0800020f   Thumb Code    28  strcmp.o(.text)
    strncmp                                  0x0800022b   Thumb Code    30  strncmp.o(.text)
    strtok                                   0x08000249   Thumb Code    62  strtok.o(.text)
    atoi                                     0x0800028d   Thumb Code    26  atoi.o(.text)
    __aeabi_fadd                             0x080002a7   Thumb Code   164  fadd.o(.text)
    __aeabi_fsub                             0x0800034b   Thumb Code     6  fadd.o(.text)
    __aeabi_frsub                            0x08000351   Thumb Code     6  fadd.o(.text)
    __aeabi_fmul                             0x08000357   Thumb Code   100  fmul.o(.text)
    __aeabi_fdiv                             0x080003bb   Thumb Code   124  fdiv.o(.text)
    __aeabi_i2f                              0x08000437   Thumb Code    18  fflti.o(.text)
    __aeabi_ui2f                             0x08000449   Thumb Code    10  ffltui.o(.text)
    __aeabi_f2d                              0x08000453   Thumb Code    38  f2d.o(.text)
    __aeabi_cfcmpeq                          0x08000479   Thumb Code     0  cfcmple.o(.text)
    __aeabi_cfcmple                          0x08000479   Thumb Code    20  cfcmple.o(.text)
    __aeabi_uidiv                            0x0800048d   Thumb Code     0  uidiv.o(.text)
    __aeabi_uidivmod                         0x0800048d   Thumb Code    44  uidiv.o(.text)
    __aeabi_uldivmod                         0x080004b9   Thumb Code    98  uldiv.o(.text)
    strtol                                   0x0800051b   Thumb Code   112  strtol.o(.text)
    __I$use$fp                               0x0800058b   Thumb Code     0  iusefp.o(.text)
    _float_round                             0x0800058b   Thumb Code    18  fepilogue.o(.text)
    _float_epilogue                          0x0800059d   Thumb Code    92  fepilogue.o(.text)
    __aeabi_dadd                             0x080005f9   Thumb Code   322  dadd.o(.text)
    __aeabi_dsub                             0x0800073b   Thumb Code     6  dadd.o(.text)
    __aeabi_drsub                            0x08000741   Thumb Code     6  dadd.o(.text)
    __aeabi_dmul                             0x08000747   Thumb Code   228  dmul.o(.text)
    __aeabi_ddiv                             0x0800082b   Thumb Code   222  ddiv.o(.text)
    __aeabi_d2ulz                            0x08000909   Thumb Code    48  dfixul.o(.text)
    __aeabi_cdrcmple                         0x08000939   Thumb Code    48  cdrcmple.o(.text)
    __scatterload                            0x08000969   Thumb Code    28  init.o(.text)
    __scatterload_rt2                        0x08000969   Thumb Code     0  init.o(.text)
    __aeabi_llsl                             0x0800098d   Thumb Code    30  llshl.o(.text)
    _ll_shift_l                              0x0800098d   Thumb Code     0  llshl.o(.text)
    __aeabi_lasr                             0x080009ab   Thumb Code    36  llsshr.o(.text)
    _ll_sshift_r                             0x080009ab   Thumb Code     0  llsshr.o(.text)
    __rt_ctype_table                         0x080009d1   Thumb Code     4  ctype_o.o(.text)
    _strtoul                                 0x080009d9   Thumb Code   158  _strtoul.o(.text)
    _double_round                            0x08000a77   Thumb Code    30  depilogue.o(.text)
    _double_epilogue                         0x08000a95   Thumb Code   156  depilogue.o(.text)
    _chval                                   0x08000b31   Thumb Code    28  _chval.o(.text)
    ADC_ConversionStop_Disable               0x08000b4d   Thumb Code    92  stm32f1xx_hal_adc.o(i.ADC_ConversionStop_Disable)
    ADC_DMAConvCplt                          0x08000ba9   Thumb Code    82  stm32f1xx_hal_adc.o(i.ADC_DMAConvCplt)
    ADC_DMAError                             0x08000bfb   Thumb Code    30  stm32f1xx_hal_adc.o(i.ADC_DMAError)
    ADC_DMAHalfConvCplt                      0x08000c19   Thumb Code    14  stm32f1xx_hal_adc.o(i.ADC_DMAHalfConvCplt)
    ADC_Enable                               0x08000c29   Thumb Code   134  stm32f1xx_hal_adc.o(i.ADC_Enable)
    BusFault_Handler                         0x08000cdd   Thumb Code     4  stm32f1xx_it.o(i.BusFault_Handler)
    DHT11_ReadData                           0x08000df1   Thumb Code   302  dht11.o(i.DHT11_ReadData)
    DHT11_get_humi                           0x08000f45   Thumb Code    18  dht11.o(i.DHT11_get_humi)
    DHT11_get_temp                           0x08000f5d   Thumb Code    18  dht11.o(i.DHT11_get_temp)
    DHT11_init                               0x08000f75   Thumb Code   134  dht11.o(i.DHT11_init)
    DHT11_proc                               0x08001031   Thumb Code    80  dht11.o(i.DHT11_proc)
    DMA1_Channel1_IRQHandler                 0x08001095   Thumb Code    10  stm32f1xx_it.o(i.DMA1_Channel1_IRQHandler)
    DMA1_Channel7_IRQHandler                 0x080010a5   Thumb Code    10  stm32f1xx_it.o(i.DMA1_Channel7_IRQHandler)
    DebugMon_Handler                         0x080010e1   Thumb Code     2  stm32f1xx_it.o(i.DebugMon_Handler)
    Error_Handler                            0x080010e3   Thumb Code     6  main.o(i.Error_Handler)
    HAL_ADCEx_Calibration_Start              0x080010e9   Thumb Code   278  stm32f1xx_hal_adc_ex.o(i.HAL_ADCEx_Calibration_Start)
    HAL_ADC_ConfigChannel                    0x08001205   Thumb Code   338  stm32f1xx_hal_adc.o(i.HAL_ADC_ConfigChannel)
    HAL_ADC_ConvCpltCallback                 0x08001365   Thumb Code     2  stm32f1xx_hal_adc.o(i.HAL_ADC_ConvCpltCallback)
    HAL_ADC_ConvHalfCpltCallback             0x08001367   Thumb Code     2  stm32f1xx_hal_adc.o(i.HAL_ADC_ConvHalfCpltCallback)
    HAL_ADC_ErrorCallback                    0x08001369   Thumb Code     2  stm32f1xx_hal_adc.o(i.HAL_ADC_ErrorCallback)
    HAL_ADC_Init                             0x0800136d   Thumb Code   340  stm32f1xx_hal_adc.o(i.HAL_ADC_Init)
    HAL_ADC_MspInit                          0x080014cd   Thumb Code   154  adc.o(i.HAL_ADC_MspInit)
    HAL_ADC_Start_DMA                        0x0800157d   Thumb Code   362  stm32f1xx_hal_adc.o(i.HAL_ADC_Start_DMA)
    HAL_DMA_Abort                            0x080016fd   Thumb Code    86  stm32f1xx_hal_dma.o(i.HAL_DMA_Abort)
    HAL_DMA_Abort_IT                         0x08001755   Thumb Code   414  stm32f1xx_hal_dma.o(i.HAL_DMA_Abort_IT)
    HAL_DMA_IRQHandler                       0x080018fd   Thumb Code   910  stm32f1xx_hal_dma.o(i.HAL_DMA_IRQHandler)
    HAL_DMA_Init                             0x08001c95   Thumb Code   132  stm32f1xx_hal_dma.o(i.HAL_DMA_Init)
    HAL_DMA_Start                            0x08001d21   Thumb Code   114  stm32f1xx_hal_dma.o(i.HAL_DMA_Start)
    HAL_DMA_Start_IT                         0x08001d93   Thumb Code   156  stm32f1xx_hal_dma.o(i.HAL_DMA_Start_IT)
    HAL_Delay                                0x08001e31   Thumb Code    36  stm32f1xx_hal.o(i.HAL_Delay)
    HAL_GPIO_DeInit                          0x08001e59   Thumb Code   308  stm32f1xx_hal_gpio.o(i.HAL_GPIO_DeInit)
    HAL_GPIO_Init                            0x08001fad   Thumb Code   792  stm32f1xx_hal_gpio.o(i.HAL_GPIO_Init)
    HAL_GPIO_ReadPin                         0x080022ed   Thumb Code    16  stm32f1xx_hal_gpio.o(i.HAL_GPIO_ReadPin)
    HAL_GPIO_WritePin                        0x080022fd   Thumb Code    12  stm32f1xx_hal_gpio.o(i.HAL_GPIO_WritePin)
    HAL_GetTick                              0x08002309   Thumb Code     6  stm32f1xx_hal.o(i.HAL_GetTick)
    HAL_I2C_DeInit                           0x08002315   Thumb Code    60  stm32f1xx_hal_i2c.o(i.HAL_I2C_DeInit)
    HAL_I2C_Init                             0x08002351   Thumb Code   446  stm32f1xx_hal_i2c.o(i.HAL_I2C_Init)
    HAL_I2C_Master_Receive                   0x08002521   Thumb Code   858  stm32f1xx_hal_i2c.o(i.HAL_I2C_Master_Receive)
    HAL_I2C_Master_Transmit                  0x0800288d   Thumb Code   360  stm32f1xx_hal_i2c.o(i.HAL_I2C_Master_Transmit)
    HAL_I2C_MspDeInit                        0x080029fd   Thumb Code    42  i2c.o(i.HAL_I2C_MspDeInit)
    HAL_I2C_MspInit                          0x08002a35   Thumb Code   104  i2c.o(i.HAL_I2C_MspInit)
    HAL_IncTick                              0x08002aa9   Thumb Code    16  stm32f1xx_hal.o(i.HAL_IncTick)
    HAL_Init                                 0x08002ac1   Thumb Code    34  stm32f1xx_hal.o(i.HAL_Init)
    HAL_InitTick                             0x08002ae9   Thumb Code    64  stm32f1xx_hal.o(i.HAL_InitTick)
    HAL_MspInit                              0x08002b35   Thumb Code    76  stm32f1xx_hal_msp.o(i.HAL_MspInit)
    HAL_NVIC_EnableIRQ                       0x08002b89   Thumb Code    32  stm32f1xx_hal_cortex.o(i.HAL_NVIC_EnableIRQ)
    HAL_NVIC_SetPriority                     0x08002ba9   Thumb Code   124  stm32f1xx_hal_cortex.o(i.HAL_NVIC_SetPriority)
    HAL_NVIC_SetPriorityGrouping             0x08002c25   Thumb Code    32  stm32f1xx_hal_cortex.o(i.HAL_NVIC_SetPriorityGrouping)
    HAL_RCCEx_GetPeriphCLKFreq               0x08002c4d   Thumb Code   260  stm32f1xx_hal_rcc_ex.o(i.HAL_RCCEx_GetPeriphCLKFreq)
    HAL_RCCEx_PeriphCLKConfig                0x08002d65   Thumb Code   290  stm32f1xx_hal_rcc_ex.o(i.HAL_RCCEx_PeriphCLKConfig)
    HAL_RCC_ClockConfig                      0x08002e95   Thumb Code   376  stm32f1xx_hal_rcc.o(i.HAL_RCC_ClockConfig)
    HAL_RCC_GetHCLKFreq                      0x08003021   Thumb Code     6  stm32f1xx_hal_rcc.o(i.HAL_RCC_GetHCLKFreq)
    HAL_RCC_GetPCLK1Freq                     0x0800302d   Thumb Code    22  stm32f1xx_hal_rcc.o(i.HAL_RCC_GetPCLK1Freq)
    HAL_RCC_GetPCLK2Freq                     0x0800304d   Thumb Code    22  stm32f1xx_hal_rcc.o(i.HAL_RCC_GetPCLK2Freq)
    HAL_RCC_GetSysClockFreq                  0x0800306d   Thumb Code    92  stm32f1xx_hal_rcc.o(i.HAL_RCC_GetSysClockFreq)
    HAL_RCC_OscConfig                        0x080030dd   Thumb Code  1114  stm32f1xx_hal_rcc.o(i.HAL_RCC_OscConfig)
    HAL_SYSTICK_Config                       0x08003541   Thumb Code    52  stm32f1xx_hal_cortex.o(i.HAL_SYSTICK_Config)
    HAL_TIMEx_MasterConfigSynchronization    0x08003575   Thumb Code   134  stm32f1xx_hal_tim_ex.o(i.HAL_TIMEx_MasterConfigSynchronization)
    HAL_TIM_Base_Init                        0x08003611   Thumb Code   102  stm32f1xx_hal_tim.o(i.HAL_TIM_Base_Init)
    HAL_TIM_Base_MspInit                     0x08003679   Thumb Code   100  tim.o(i.HAL_TIM_Base_MspInit)
    HAL_TIM_ConfigClockSource                0x080036ed   Thumb Code   268  stm32f1xx_hal_tim.o(i.HAL_TIM_ConfigClockSource)
    HAL_TIM_MspPostInit                      0x080037f9   Thumb Code   114  tim.o(i.HAL_TIM_MspPostInit)
    HAL_TIM_PWM_ConfigChannel                0x0800387d   Thumb Code   260  stm32f1xx_hal_tim.o(i.HAL_TIM_PWM_ConfigChannel)
    HAL_TIM_PWM_Init                         0x08003981   Thumb Code   102  stm32f1xx_hal_tim.o(i.HAL_TIM_PWM_Init)
    HAL_TIM_PWM_MspInit                      0x080039e7   Thumb Code     2  stm32f1xx_hal_tim.o(i.HAL_TIM_PWM_MspInit)
    HAL_TIM_PWM_Start                        0x080039e9   Thumb Code   222  stm32f1xx_hal_tim.o(i.HAL_TIM_PWM_Start)
    HAL_TIM_PWM_Stop                         0x08003add   Thumb Code   160  stm32f1xx_hal_tim.o(i.HAL_TIM_PWM_Stop)
    HAL_UARTEx_ReceiveToIdle_IT              0x08003b85   Thumb Code   114  stm32f1xx_hal_uart.o(i.HAL_UARTEx_ReceiveToIdle_IT)
    HAL_UARTEx_RxEventCallback               0x08003bf9   Thumb Code   146  my_uart.o(i.HAL_UARTEx_RxEventCallback)
    HAL_UART_ErrorCallback                   0x08003cc1   Thumb Code     2  stm32f1xx_hal_uart.o(i.HAL_UART_ErrorCallback)
    HAL_UART_IRQHandler                      0x08003cc5   Thumb Code   736  stm32f1xx_hal_uart.o(i.HAL_UART_IRQHandler)
    HAL_UART_Init                            0x08003fa9   Thumb Code   118  stm32f1xx_hal_uart.o(i.HAL_UART_Init)
    HAL_UART_MspInit                         0x08004021   Thumb Code   496  usart.o(i.HAL_UART_MspInit)
    HAL_UART_RxCpltCallback                  0x08004231   Thumb Code     2  stm32f1xx_hal_uart.o(i.HAL_UART_RxCpltCallback)
    HAL_UART_Transmit                        0x08004233   Thumb Code   190  stm32f1xx_hal_uart.o(i.HAL_UART_Transmit)
    HAL_UART_TxCpltCallback                  0x080042f1   Thumb Code     2  stm32f1xx_hal_uart.o(i.HAL_UART_TxCpltCallback)
    HardFault_Handler                        0x080042f3   Thumb Code     4  stm32f1xx_it.o(i.HardFault_Handler)
    MQTT_Handle                              0x08004869   Thumb Code   336  esp32.o(i.MQTT_Handle)
    MX_ADC1_Init                             0x08004ab9   Thumb Code   106  adc.o(i.MX_ADC1_Init)
    MX_DMA_Init                              0x08004b2d   Thumb Code    64  dma.o(i.MX_DMA_Init)
    MX_GPIO_Init                             0x08004b71   Thumb Code   306  gpio.o(i.MX_GPIO_Init)
    MX_I2C1_Init                             0x08004cb9   Thumb Code    48  i2c.o(i.MX_I2C1_Init)
    MX_TIM4_Init                             0x08004cf5   Thumb Code   174  tim.o(i.MX_TIM4_Init)
    MX_UART4_Init                            0x08004dad   Thumb Code    46  usart.o(i.MX_UART4_Init)
    MX_USART1_UART_Init                      0x08004de5   Thumb Code    46  usart.o(i.MX_USART1_UART_Init)
    MX_USART2_UART_Init                      0x08004e1d   Thumb Code    46  usart.o(i.MX_USART2_UART_Init)
    MX_USART3_UART_Init                      0x08004e55   Thumb Code    46  usart.o(i.MX_USART3_UART_Init)
    MemManage_Handler                        0x08004e8d   Thumb Code     4  stm32f1xx_it.o(i.MemManage_Handler)
    NMI_Handler                              0x08004e91   Thumb Code     4  stm32f1xx_it.o(i.NMI_Handler)
    PM25_get_adc                             0x08004e95   Thumb Code    18  pm25.o(i.PM25_get_adc)
    PM25_init                                0x08004ead   Thumb Code   118  pm25.o(i.PM25_init)
    PM25_proc                                0x08004f69   Thumb Code   126  pm25.o(i.PM25_proc)
    PendSV_Handler                           0x08004ffd   Thumb Code     2  stm32f1xx_it.o(i.PendSV_Handler)
    SVC_Handler                              0x08005029   Thumb Code     2  stm32f1xx_it.o(i.SVC_Handler)
    SysTick_Handler                          0x0800502b   Thumb Code     8  stm32f1xx_it.o(i.SysTick_Handler)
    SystemClock_Config                       0x08005033   Thumb Code   130  main.o(i.SystemClock_Config)
    SystemInit                               0x080050b5   Thumb Code     2  system_stm32f1xx.o(i.SystemInit)
    TIM_Base_SetConfig                       0x080050b9   Thumb Code   150  stm32f1xx_hal_tim.o(i.TIM_Base_SetConfig)
    TIM_CCxChannelCmd                        0x08005165   Thumb Code    34  stm32f1xx_hal_tim.o(i.TIM_CCxChannelCmd)
    TIM_ETR_SetConfig                        0x08005187   Thumb Code    22  stm32f1xx_hal_tim.o(i.TIM_ETR_SetConfig)
    TIM_OC2_SetConfig                        0x08005221   Thumb Code   114  stm32f1xx_hal_tim.o(i.TIM_OC2_SetConfig)
    UART4_IRQHandler                         0x080053b9   Thumb Code    10  stm32f1xx_it.o(i.UART4_IRQHandler)
    UART_Start_Receive_IT                    0x08005661   Thumb Code    64  stm32f1xx_hal_uart.o(i.UART_Start_Receive_IT)
    USART1_IRQHandler                        0x0800578d   Thumb Code    10  stm32f1xx_it.o(i.USART1_IRQHandler)
    USART2_IRQHandler                        0x0800579d   Thumb Code    10  stm32f1xx_it.o(i.USART2_IRQHandler)
    USART3_IRQHandler                        0x080057ad   Thumb Code    10  stm32f1xx_it.o(i.USART3_IRQHandler)
    UsageFault_Handler                       0x080057bd   Thumb Code     4  stm32f1xx_it.o(i.UsageFault_Handler)
    __0snprintf                              0x080057c1   Thumb Code    48  printfa.o(i.__0snprintf)
    __1snprintf                              0x080057c1   Thumb Code     0  printfa.o(i.__0snprintf)
    __2snprintf                              0x080057c1   Thumb Code     0  printfa.o(i.__0snprintf)
    __c89snprintf                            0x080057c1   Thumb Code     0  printfa.o(i.__0snprintf)
    snprintf                                 0x080057c1   Thumb Code     0  printfa.o(i.__0snprintf)
    __0sprintf                               0x080057f5   Thumb Code    34  printfa.o(i.__0sprintf)
    __1sprintf                               0x080057f5   Thumb Code     0  printfa.o(i.__0sprintf)
    __2sprintf                               0x080057f5   Thumb Code     0  printfa.o(i.__0sprintf)
    __c89sprintf                             0x080057f5   Thumb Code     0  printfa.o(i.__0sprintf)
    sprintf                                  0x080057f5   Thumb Code     0  printfa.o(i.__0sprintf)
    __0vsnprintf                             0x0800581d   Thumb Code    46  printfa.o(i.__0vsnprintf)
    __1vsnprintf                             0x0800581d   Thumb Code     0  printfa.o(i.__0vsnprintf)
    __2vsnprintf                             0x0800581d   Thumb Code     0  printfa.o(i.__0vsnprintf)
    __c89vsnprintf                           0x0800581d   Thumb Code     0  printfa.o(i.__0vsnprintf)
    vsnprintf                                0x0800581d   Thumb Code     0  printfa.o(i.__0vsnprintf)
    __aeabi_errno_addr                       0x08005889   Thumb Code     4  errno.o(i.__aeabi_errno_addr)
    __rt_errno_addr                          0x08005889   Thumb Code     0  errno.o(i.__aeabi_errno_addr)
    __scatterload_copy                       0x08005891   Thumb Code    14  handlers.o(i.__scatterload_copy)
    __scatterload_null                       0x0800589f   Thumb Code     2  handlers.o(i.__scatterload_null)
    __scatterload_zeroinit                   0x080058a1   Thumb Code    14  handlers.o(i.__scatterload_zeroinit)
    bh1750_get_lux                           0x0800615d   Thumb Code    18  bh1750.o(i.bh1750_get_lux)
    bh1750_init                              0x08006175   Thumb Code   172  bh1750.o(i.bh1750_init)
    bh1750_proc                              0x08006271   Thumb Code   128  bh1750.o(i.bh1750_proc)
    esp32_run_recv                           0x080063dd   Thumb Code   108  esp32.o(i.esp32_run_recv)
    extract_json                             0x08006479   Thumb Code   112  json_parser.o(i.extract_json)
    extract_topic                            0x080064ed   Thumb Code    82  json_parser.o(i.extract_topic)
    fan_init                                 0x08006541   Thumb Code    26  fan.o(i.fan_init)
    fan_is_open                              0x08006565   Thumb Code    16  fan.o(i.fan_is_open)
    fan_set                                  0x08006579   Thumb Code    40  fan.o(i.fan_set)
    fan_set_gear                             0x080065a9   Thumb Code    24  fan.o(i.fan_set_gear)
    fan_speed_down                           0x080065c5   Thumb Code    30  fan.o(i.fan_speed_down)
    fan_speed_up                             0x080065e9   Thumb Code    28  fan.o(i.fan_speed_up)
    get_msg_type                             0x08006609   Thumb Code    50  json_parser.o(i.get_msg_type)
    json_get_msg_id                          0x0800670d   Thumb Code    78  json_parser.o(i.json_get_msg_id)
    lcd_recv                                 0x08006765   Thumb Code    84  lcd.o(i.lcd_recv)
    lcd_send                                 0x080067e5   Thumb Code   162  lcd.o(i.lcd_send)
    main                                     0x080068fd   Thumb Code   132  main.o(i.main)
    malloc                                   0x0800699d   Thumb Code    92  malloc.o(i.malloc)
    my_adc_init                              0x08006a09   Thumb Code    28  my_adc.o(i.my_adc_init)
    my_uart_init                             0x08006a2d   Thumb Code    48  my_uart.o(i.my_uart_init)
    parse_onenet_params                      0x08006b8b   Thumb Code   192  json_parser.o(i.parse_onenet_params)
    schedule_init                            0x08006f05   Thumb Code     8  schedule.o(i.schedule_init)
    schedule_run                             0x08006f11   Thumb Code    96  schedule.o(i.schedule_run)
    smoke_get_adc                            0x08006f9d   Thumb Code    18  smoke.o(i.smoke_get_adc)
    smoke_init                               0x08006fb5   Thumb Code   180  smoke.o(i.smoke_init)
    smoke_is_ready                           0x080070c1   Thumb Code    18  smoke.o(i.smoke_is_ready)
    smoke_proc                               0x080070d9   Thumb Code   180  smoke.o(i.smoke_proc)
    uart_printf                              0x080071c1   Thumb Code    56  my_uart.o(i.uart_printf)
    voice_parse                              0x080071f9   Thumb Code  1406  voice.o(i.voice_parse)
    voice_run_send                           0x080077d9   Thumb Code    18  voice.o(i.voice_run_send)
    ws2812_color_to_buffer                   0x080077f1   Thumb Code   170  ws2812.o(i.ws2812_color_to_buffer)
    ws2812_get_base_b                        0x080078a1   Thumb Code     6  ws2812.o(i.ws2812_get_base_b)
    ws2812_get_base_g                        0x080078ad   Thumb Code     6  ws2812.o(i.ws2812_get_base_g)
    ws2812_get_base_r                        0x080078b9   Thumb Code     6  ws2812.o(i.ws2812_get_base_r)
    ws2812_get_brightness                    0x080078c5   Thumb Code     6  ws2812.o(i.ws2812_get_brightness)
    ws2812_is_open                           0x080078d1   Thumb Code    40  ws2812.o(i.ws2812_is_open)
    ws2812_send                              0x08007909   Thumb Code   134  ws2812.o(i.ws2812_send)
    ws2812_set_all                           0x080079a9   Thumb Code    94  ws2812.o(i.ws2812_set_all)
    ws2812_set_all_brightness_level          0x08007a29   Thumb Code    86  ws2812.o(i.ws2812_set_all_brightness_level)
    ws2812_set_brightness                    0x08007a91   Thumb Code    30  ws2812.o(i.ws2812_set_brightness)
    AHBPrescTable                            0x08007ae0   Data          16  system_stm32f1xx.o(.constdata)
    APBPrescTable                            0x08007af0   Data           8  system_stm32f1xx.o(.constdata)
    __ctype_table                            0x08007b02   Data         129  ctype_o.o(.constdata)
    Region$$Table$$Base                      0x08007bd8   Number         0  anon$$obj.o(Region$$Table)
    Region$$Table$$Limit                     0x08007bf8   Number         0  anon$$obj.o(Region$$Table)
    uwTick                                   0x20000000   Data           4  stm32f1xx_hal.o(.data)
    uwTickPrio                               0x20000004   Data           4  stm32f1xx_hal.o(.data)
    uwTickFreq                               0x20000008   Data           1  stm32f1xx_hal.o(.data)
    SystemCoreClock                          0x2000000c   Data           4  system_stm32f1xx.o(.data)
    esp32_rx_pending                         0x20000010   Data           1  esp32.o(.data)
    task_num                                 0x20000020   Data           1  schedule.o(.data)
    uart_rx_byte                             0x20000078   Data           1  my_uart.o(.data)
    uart_rx_len                              0x20000079   Data           1  my_uart.o(.data)
    uart2_rx_byte                            0x2000007a   Data           1  my_uart.o(.data)
    uart2_rx_len                             0x2000007b   Data           1  my_uart.o(.data)
    uart3_rx_byte                            0x2000007c   Data           1  my_uart.o(.data)
    uart3_rx_len                             0x2000007d   Data           1  my_uart.o(.data)
    uart4_rx_byte                            0x2000007e   Data           1  my_uart.o(.data)
    uart4_rx_len                             0x2000007f   Data           1  my_uart.o(.data)
    adc_val                                  0x20000098   Data           4  my_adc.o(.data)
    __microlib_freelist                      0x200000e0   Data           4  mvars.o(.data)
    __microlib_freelist_initialised          0x200000e4   Data           4  mvars.o(.data)
    hadc1                                    0x200000ec   Data          48  adc.o(.bss)
    hdma_adc1                                0x2000011c   Data          68  adc.o(.bss)
    hi2c1                                    0x20000160   Data          84  i2c.o(.bss)
    htim4                                    0x200001b4   Data          72  tim.o(.bss)
    hdma_tim4_up                             0x200001fc   Data          68  tim.o(.bss)
    huart4                                   0x20000240   Data          72  usart.o(.bss)
    huart1                                   0x20000288   Data          72  usart.o(.bss)
    huart2                                   0x200002d0   Data          72  usart.o(.bss)
    huart3                                   0x20000318   Data          72  usart.o(.bss)
    uart_rx_buf                              0x20000d20   Data         512  my_uart.o(.bss)
    uart2_rx_buf                             0x20000f20   Data         512  my_uart.o(.bss)
    uart3_rx_buf                             0x20001120   Data         125  my_uart.o(.bss)
    uart4_rx_buf                             0x2000119d   Data         125  my_uart.o(.bss)
    dma_buffer                               0x2000121a   Data        2290  ws2812.o(.bss)
    __heap_base                              0x20001b98   Data           0  startup_stm32f103xe.o(HEAP)
    __heap_limit                             0x20001d98   Data           0  startup_stm32f103xe.o(HEAP)
    __initial_sp                             0x20002198   Data           0  startup_stm32f103xe.o(STACK)



==============================================================================

Memory Map of the image

  Image Entry point : 0x08000131

  Load Region LR_IROM1 (Base: 0x08000000, Size: 0x00007ce4, Max: 0x00080000, ABSOLUTE)

    Execution Region ER_IROM1 (Exec base: 0x08000000, Load base: 0x08000000, Size: 0x00007bf8, Max: 0x00080000, ABSOLUTE)

    Exec Addr    Load Addr    Size         Type   Attr      Idx    E Section Name        Object

    0x08000000   0x08000000   0x00000130   Data   RO            3    RESET               startup_stm32f103xe.o
    0x08000130   0x08000130   0x00000000   Code   RO         4593  * .ARM.Collect$$$$00000000  mc_w.l(entry.o)
    0x08000130   0x08000130   0x00000004   Code   RO         4923    .ARM.Collect$$$$00000001  mc_w.l(entry2.o)
    0x08000134   0x08000134   0x00000004   Code   RO         4926    .ARM.Collect$$$$00000004  mc_w.l(entry5.o)
    0x08000138   0x08000138   0x00000000   Code   RO         4928    .ARM.Collect$$$$00000008  mc_w.l(entry7b.o)
    0x08000138   0x08000138   0x00000000   Code   RO         4930    .ARM.Collect$$$$0000000A  mc_w.l(entry8b.o)
    0x08000138   0x08000138   0x00000008   Code   RO         4931    .ARM.Collect$$$$0000000B  mc_w.l(entry9a.o)
    0x08000140   0x08000140   0x00000004   Code   RO         4938    .ARM.Collect$$$$0000000E  mc_w.l(entry12b.o)
    0x08000144   0x08000144   0x00000000   Code   RO         4933    .ARM.Collect$$$$0000000F  mc_w.l(entry10a.o)
    0x08000144   0x08000144   0x00000000   Code   RO         4935    .ARM.Collect$$$$00000011  mc_w.l(entry11a.o)
    0x08000144   0x08000144   0x00000004   Code   RO         4924    .ARM.Collect$$$$00002712  mc_w.l(entry2.o)
    0x08000148   0x08000148   0x00000024   Code   RO            4    .text               startup_stm32f103xe.o
    0x0800016c   0x0800016c   0x00000020   Code   RO         4596    .text               mc_w.l(llushr.o)
    0x0800018c   0x0800018c   0x00000024   Code   RO         4598    .text               mc_w.l(memseta.o)
    0x080001b0   0x080001b0   0x00000024   Code   RO         4600    .text               mc_w.l(strstr.o)
    0x080001d4   0x080001d4   0x00000018   Code   RO         4602    .text               mc_w.l(strncpy.o)
    0x080001ec   0x080001ec   0x00000014   Code   RO         4604    .text               mc_w.l(strchr.o)
    0x08000200   0x08000200   0x0000000e   Code   RO         4606    .text               mc_w.l(strlen.o)
    0x0800020e   0x0800020e   0x0000001c   Code   RO         4608    .text               mc_w.l(strcmp.o)
    0x0800022a   0x0800022a   0x0000001e   Code   RO         4610    .text               mc_w.l(strncmp.o)
    0x08000248   0x08000248   0x00000044   Code   RO         4612    .text               mc_w.l(strtok.o)
    0x0800028c   0x0800028c   0x0000001a   Code   RO         4907    .text               mc_w.l(atoi.o)
    0x080002a6   0x080002a6   0x000000b0   Code   RO         4909    .text               mf_w.l(fadd.o)
    0x08000356   0x08000356   0x00000064   Code   RO         4911    .text               mf_w.l(fmul.o)
    0x080003ba   0x080003ba   0x0000007c   Code   RO         4913    .text               mf_w.l(fdiv.o)
    0x08000436   0x08000436   0x00000012   Code   RO         4915    .text               mf_w.l(fflti.o)
    0x08000448   0x08000448   0x0000000a   Code   RO         4917    .text               mf_w.l(ffltui.o)
    0x08000452   0x08000452   0x00000026   Code   RO         4919    .text               mf_w.l(f2d.o)
    0x08000478   0x08000478   0x00000014   Code   RO         4921    .text               mf_w.l(cfcmple.o)
    0x0800048c   0x0800048c   0x0000002c   Code   RO         4942    .text               mc_w.l(uidiv.o)
    0x080004b8   0x080004b8   0x00000062   Code   RO         4944    .text               mc_w.l(uldiv.o)
    0x0800051a   0x0800051a   0x00000070   Code   RO         4959    .text               mc_w.l(strtol.o)
    0x0800058a   0x0800058a   0x00000000   Code   RO         4961    .text               mc_w.l(iusefp.o)
    0x0800058a   0x0800058a   0x0000006e   Code   RO         4962    .text               mf_w.l(fepilogue.o)
    0x080005f8   0x080005f8   0x0000014e   Code   RO         4964    .text               mf_w.l(dadd.o)
    0x08000746   0x08000746   0x000000e4   Code   RO         4966    .text               mf_w.l(dmul.o)
    0x0800082a   0x0800082a   0x000000de   Code   RO         4968    .text               mf_w.l(ddiv.o)
    0x08000908   0x08000908   0x00000030   Code   RO         4970    .text               mf_w.l(dfixul.o)
    0x08000938   0x08000938   0x00000030   Code   RO         4972    .text               mf_w.l(cdrcmple.o)
    0x08000968   0x08000968   0x00000024   Code   RO         4974    .text               mc_w.l(init.o)
    0x0800098c   0x0800098c   0x0000001e   Code   RO         4977    .text               mc_w.l(llshl.o)
    0x080009aa   0x080009aa   0x00000024   Code   RO         4979    .text               mc_w.l(llsshr.o)
    0x080009ce   0x080009ce   0x00000002   PAD
    0x080009d0   0x080009d0   0x00000008   Code   RO         4981    .text               mc_w.l(ctype_o.o)
    0x080009d8   0x080009d8   0x0000009e   Code   RO         5009    .text               mc_w.l(_strtoul.o)
    0x08000a76   0x08000a76   0x000000ba   Code   RO         5012    .text               mf_w.l(depilogue.o)
    0x08000b30   0x08000b30   0x0000001c   Code   RO         5014    .text               mc_w.l(_chval.o)
    0x08000b4c   0x08000b4c   0x0000005c   Code   RO          642    i.ADC_ConversionStop_Disable  stm32f1xx_hal_adc.o
    0x08000ba8   0x08000ba8   0x00000052   Code   RO          643    i.ADC_DMAConvCplt   stm32f1xx_hal_adc.o
    0x08000bfa   0x08000bfa   0x0000001e   Code   RO          644    i.ADC_DMAError      stm32f1xx_hal_adc.o
    0x08000c18   0x08000c18   0x0000000e   Code   RO          645    i.ADC_DMAHalfConvCplt  stm32f1xx_hal_adc.o
    0x08000c26   0x08000c26   0x00000002   PAD
    0x08000c28   0x08000c28   0x00000090   Code   RO          646    i.ADC_Enable        stm32f1xx_hal_adc.o
    0x08000cb8   0x08000cb8   0x00000024   Code   RO         4234    i.BH1750_SendCommand  bh1750.o
    0x08000cdc   0x08000cdc   0x00000004   Code   RO          470    i.BusFault_Handler  stm32f1xx_it.o
    0x08000ce0   0x08000ce0   0x00000028   Code   RO         4371    i.DHT11_Mode_In     dht11.o
    0x08000d08   0x08000d08   0x0000002c   Code   RO         4372    i.DHT11_Mode_Out    dht11.o
    0x08000d34   0x08000d34   0x000000bc   Code   RO         4373    i.DHT11_ReadByte    dht11.o
    0x08000df0   0x08000df0   0x00000154   Code   RO         4374    i.DHT11_ReadData    dht11.o
    0x08000f44   0x08000f44   0x00000018   Code   RO         4375    i.DHT11_get_humi    dht11.o
    0x08000f5c   0x08000f5c   0x00000018   Code   RO         4376    i.DHT11_get_temp    dht11.o
    0x08000f74   0x08000f74   0x000000bc   Code   RO         4377    i.DHT11_init        dht11.o
    0x08001030   0x08001030   0x00000064   Code   RO         4379    i.DHT11_proc        dht11.o
    0x08001094   0x08001094   0x00000010   Code   RO          471    i.DMA1_Channel1_IRQHandler  stm32f1xx_it.o
    0x080010a4   0x080010a4   0x00000010   Code   RO          472    i.DMA1_Channel7_IRQHandler  stm32f1xx_it.o
    0x080010b4   0x080010b4   0x0000002c   Code   RO         1303    i.DMA_SetConfig     stm32f1xx_hal_dma.o
    0x080010e0   0x080010e0   0x00000002   Code   RO          473    i.DebugMon_Handler  stm32f1xx_it.o
    0x080010e2   0x080010e2   0x00000006   Code   RO           13    i.Error_Handler     main.o
    0x080010e8   0x080010e8   0x0000011c   Code   RO          822    i.HAL_ADCEx_Calibration_Start  stm32f1xx_hal_adc_ex.o
    0x08001204   0x08001204   0x00000160   Code   RO          648    i.HAL_ADC_ConfigChannel  stm32f1xx_hal_adc.o
    0x08001364   0x08001364   0x00000002   Code   RO          649    i.HAL_ADC_ConvCpltCallback  stm32f1xx_hal_adc.o
    0x08001366   0x08001366   0x00000002   Code   RO          650    i.HAL_ADC_ConvHalfCpltCallback  stm32f1xx_hal_adc.o
    0x08001368   0x08001368   0x00000002   Code   RO          652    i.HAL_ADC_ErrorCallback  stm32f1xx_hal_adc.o
    0x0800136a   0x0800136a   0x00000002   PAD
    0x0800136c   0x0800136c   0x00000160   Code   RO          657    i.HAL_ADC_Init      stm32f1xx_hal_adc.o
    0x080014cc   0x080014cc   0x000000b0   Code   RO          255    i.HAL_ADC_MspInit   adc.o
    0x0800157c   0x0800157c   0x00000180   Code   RO          664    i.HAL_ADC_Start_DMA  stm32f1xx_hal_adc.o
    0x080016fc   0x080016fc   0x00000056   Code   RO         1304    i.HAL_DMA_Abort     stm32f1xx_hal_dma.o
    0x08001752   0x08001752   0x00000002   PAD
    0x08001754   0x08001754   0x000001a8   Code   RO         1305    i.HAL_DMA_Abort_IT  stm32f1xx_hal_dma.o
    0x080018fc   0x080018fc   0x00000398   Code   RO         1309    i.HAL_DMA_IRQHandler  stm32f1xx_hal_dma.o
    0x08001c94   0x08001c94   0x0000008c   Code   RO         1310    i.HAL_DMA_Init      stm32f1xx_hal_dma.o
    0x08001d20   0x08001d20   0x00000072   Code   RO         1313    i.HAL_DMA_Start     stm32f1xx_hal_dma.o
    0x08001d92   0x08001d92   0x0000009c   Code   RO         1314    i.HAL_DMA_Start_IT  stm32f1xx_hal_dma.o
    0x08001e2e   0x08001e2e   0x00000002   PAD
    0x08001e30   0x08001e30   0x00000028   Code   RO          925    i.HAL_Delay         stm32f1xx_hal.o
    0x08001e58   0x08001e58   0x00000154   Code   RO         1237    i.HAL_GPIO_DeInit   stm32f1xx_hal_gpio.o
    0x08001fac   0x08001fac   0x00000340   Code   RO         1240    i.HAL_GPIO_Init     stm32f1xx_hal_gpio.o
    0x080022ec   0x080022ec   0x00000010   Code   RO         1242    i.HAL_GPIO_ReadPin  stm32f1xx_hal_gpio.o
    0x080022fc   0x080022fc   0x0000000c   Code   RO         1244    i.HAL_GPIO_WritePin  stm32f1xx_hal_gpio.o
    0x08002308   0x08002308   0x0000000c   Code   RO          929    i.HAL_GetTick       stm32f1xx_hal.o
    0x08002314   0x08002314   0x0000003c   Code   RO         1928    i.HAL_I2C_DeInit    stm32f1xx_hal_i2c.o
    0x08002350   0x08002350   0x000001d0   Code   RO         1937    i.HAL_I2C_Init      stm32f1xx_hal_i2c.o
    0x08002520   0x08002520   0x0000036c   Code   RO         1943    i.HAL_I2C_Master_Receive  stm32f1xx_hal_i2c.o
    0x0800288c   0x0800288c   0x00000170   Code   RO         1950    i.HAL_I2C_Master_Transmit  stm32f1xx_hal_i2c.o
    0x080029fc   0x080029fc   0x00000038   Code   RO          320    i.HAL_I2C_MspDeInit  i2c.o
    0x08002a34   0x08002a34   0x00000074   Code   RO          321    i.HAL_I2C_MspInit   i2c.o
    0x08002aa8   0x08002aa8   0x00000018   Code   RO          935    i.HAL_IncTick       stm32f1xx_hal.o
    0x08002ac0   0x08002ac0   0x00000028   Code   RO          936    i.HAL_Init          stm32f1xx_hal.o
    0x08002ae8   0x08002ae8   0x0000004c   Code   RO          937    i.HAL_InitTick      stm32f1xx_hal.o
    0x08002b34   0x08002b34   0x00000054   Code   RO          582    i.HAL_MspInit       stm32f1xx_hal_msp.o
    0x08002b88   0x08002b88   0x00000020   Code   RO         1400    i.HAL_NVIC_EnableIRQ  stm32f1xx_hal_cortex.o
    0x08002ba8   0x08002ba8   0x0000007c   Code   RO         1406    i.HAL_NVIC_SetPriority  stm32f1xx_hal_cortex.o
    0x08002c24   0x08002c24   0x00000028   Code   RO         1407    i.HAL_NVIC_SetPriorityGrouping  stm32f1xx_hal_cortex.o
    0x08002c4c   0x08002c4c   0x00000118   Code   RO         1201    i.HAL_RCCEx_GetPeriphCLKFreq  stm32f1xx_hal_rcc_ex.o
    0x08002d64   0x08002d64   0x00000130   Code   RO         1202    i.HAL_RCCEx_PeriphCLKConfig  stm32f1xx_hal_rcc_ex.o
    0x08002e94   0x08002e94   0x0000018c   Code   RO         1093    i.HAL_RCC_ClockConfig  stm32f1xx_hal_rcc.o
    0x08003020   0x08003020   0x0000000c   Code   RO         1098    i.HAL_RCC_GetHCLKFreq  stm32f1xx_hal_rcc.o
    0x0800302c   0x0800302c   0x00000020   Code   RO         1100    i.HAL_RCC_GetPCLK1Freq  stm32f1xx_hal_rcc.o
    0x0800304c   0x0800304c   0x00000020   Code   RO         1101    i.HAL_RCC_GetPCLK2Freq  stm32f1xx_hal_rcc.o
    0x0800306c   0x0800306c   0x00000070   Code   RO         1102    i.HAL_RCC_GetSysClockFreq  stm32f1xx_hal_rcc.o
    0x080030dc   0x080030dc   0x00000464   Code   RO         1105    i.HAL_RCC_OscConfig  stm32f1xx_hal_rcc.o
    0x08003540   0x08003540   0x00000034   Code   RO         1411    i.HAL_SYSTICK_Config  stm32f1xx_hal_cortex.o
    0x08003574   0x08003574   0x0000009c   Code   RO         3139    i.HAL_TIMEx_MasterConfigSynchronization  stm32f1xx_hal_tim_ex.o
    0x08003610   0x08003610   0x00000066   Code   RO         2405    i.HAL_TIM_Base_Init  stm32f1xx_hal_tim.o
    0x08003676   0x08003676   0x00000002   PAD
    0x08003678   0x08003678   0x00000074   Code   RO          363    i.HAL_TIM_Base_MspInit  tim.o
    0x080036ec   0x080036ec   0x0000010c   Code   RO         2414    i.HAL_TIM_ConfigClockSource  stm32f1xx_hal_tim.o
    0x080037f8   0x080037f8   0x00000084   Code   RO          364    i.HAL_TIM_MspPostInit  tim.o
    0x0800387c   0x0800387c   0x00000104   Code   RO         2477    i.HAL_TIM_PWM_ConfigChannel  stm32f1xx_hal_tim.o
    0x08003980   0x08003980   0x00000066   Code   RO         2480    i.HAL_TIM_PWM_Init  stm32f1xx_hal_tim.o
    0x080039e6   0x080039e6   0x00000002   Code   RO         2482    i.HAL_TIM_PWM_MspInit  stm32f1xx_hal_tim.o
    0x080039e8   0x080039e8   0x000000f4   Code   RO         2485    i.HAL_TIM_PWM_Start  stm32f1xx_hal_tim.o
    0x08003adc   0x08003adc   0x000000a8   Code   RO         2488    i.HAL_TIM_PWM_Stop  stm32f1xx_hal_tim.o
    0x08003b84   0x08003b84   0x00000072   Code   RO         3398    i.HAL_UARTEx_ReceiveToIdle_IT  stm32f1xx_hal_uart.o
    0x08003bf6   0x08003bf6   0x00000002   PAD
    0x08003bf8   0x08003bf8   0x000000c8   Code   RO         3983    i.HAL_UARTEx_RxEventCallback  my_uart.o
    0x08003cc0   0x08003cc0   0x00000002   Code   RO         3413    i.HAL_UART_ErrorCallback  stm32f1xx_hal_uart.o
    0x08003cc2   0x08003cc2   0x00000002   PAD
    0x08003cc4   0x08003cc4   0x000002e4   Code   RO         3416    i.HAL_UART_IRQHandler  stm32f1xx_hal_uart.o
    0x08003fa8   0x08003fa8   0x00000076   Code   RO         3417    i.HAL_UART_Init     stm32f1xx_hal_uart.o
    0x0800401e   0x0800401e   0x00000002   PAD
    0x08004020   0x08004020   0x00000210   Code   RO          411    i.HAL_UART_MspInit  usart.o
    0x08004230   0x08004230   0x00000002   Code   RO         3423    i.HAL_UART_RxCpltCallback  stm32f1xx_hal_uart.o
    0x08004232   0x08004232   0x000000be   Code   RO         3425    i.HAL_UART_Transmit  stm32f1xx_hal_uart.o
    0x080042f0   0x080042f0   0x00000002   Code   RO         3428    i.HAL_UART_TxCpltCallback  stm32f1xx_hal_uart.o
    0x080042f2   0x080042f2   0x00000004   Code   RO          474    i.HardFault_Handler  stm32f1xx_it.o
    0x080042f6   0x080042f6   0x0000003e   Code   RO         1981    i.I2C_IsAcknowledgeFailed  stm32f1xx_hal_i2c.o
    0x08004334   0x08004334   0x00000138   Code   RO         1984    i.I2C_MasterRequestRead  stm32f1xx_hal_i2c.o
    0x0800446c   0x0800446c   0x000000c0   Code   RO         1985    i.I2C_MasterRequestWrite  stm32f1xx_hal_i2c.o
    0x0800452c   0x0800452c   0x0000002c   Code   RO         4235    i.I2C_Reset         bh1750.o
    0x08004558   0x08004558   0x00000066   Code   RO         2001    i.I2C_WaitOnBTFFlagUntilTimeout  stm32f1xx_hal_i2c.o
    0x080045be   0x080045be   0x000000be   Code   RO         2002    i.I2C_WaitOnFlagUntilTimeout  stm32f1xx_hal_i2c.o
    0x0800467c   0x0800467c   0x000000fa   Code   RO         2003    i.I2C_WaitOnMasterAddressFlagUntilTimeout  stm32f1xx_hal_i2c.o
    0x08004776   0x08004776   0x0000008a   Code   RO         2004    i.I2C_WaitOnRXNEFlagUntilTimeout  stm32f1xx_hal_i2c.o
    0x08004800   0x08004800   0x00000066   Code   RO         2007    i.I2C_WaitOnTXEFlagUntilTimeout  stm32f1xx_hal_i2c.o
    0x08004866   0x08004866   0x00000002   PAD
    0x08004868   0x08004868   0x00000250   Code   RO         3797    i.MQTT_Handle       esp32.o
    0x08004ab8   0x08004ab8   0x00000074   Code   RO          256    i.MX_ADC1_Init      adc.o
    0x08004b2c   0x08004b2c   0x00000044   Code   RO          296    i.MX_DMA_Init       dma.o
    0x08004b70   0x08004b70   0x00000148   Code   RO          230    i.MX_GPIO_Init      gpio.o
    0x08004cb8   0x08004cb8   0x0000003c   Code   RO          322    i.MX_I2C1_Init      i2c.o
    0x08004cf4   0x08004cf4   0x000000b8   Code   RO          365    i.MX_TIM4_Init      tim.o
    0x08004dac   0x08004dac   0x00000038   Code   RO          412    i.MX_UART4_Init     usart.o
    0x08004de4   0x08004de4   0x00000038   Code   RO          413    i.MX_USART1_UART_Init  usart.o
    0x08004e1c   0x08004e1c   0x00000038   Code   RO          414    i.MX_USART2_UART_Init  usart.o
    0x08004e54   0x08004e54   0x00000038   Code   RO          415    i.MX_USART3_UART_Init  usart.o
    0x08004e8c   0x08004e8c   0x00000004   Code   RO          475    i.MemManage_Handler  stm32f1xx_it.o
    0x08004e90   0x08004e90   0x00000004   Code   RO          476    i.NMI_Handler       stm32f1xx_it.o
    0x08004e94   0x08004e94   0x00000018   Code   RO         4186    i.PM25_get_adc      pm25.o
    0x08004eac   0x08004eac   0x000000bc   Code   RO         4187    i.PM25_init         pm25.o
    0x08004f68   0x08004f68   0x00000094   Code   RO         4188    i.PM25_proc         pm25.o
    0x08004ffc   0x08004ffc   0x00000002   Code   RO          477    i.PendSV_Handler    stm32f1xx_it.o
    0x08004ffe   0x08004ffe   0x00000002   PAD
    0x08005000   0x08005000   0x00000028   Code   RO         1106    i.RCC_Delay         stm32f1xx_hal_rcc.o
    0x08005028   0x08005028   0x00000002   Code   RO          478    i.SVC_Handler       stm32f1xx_it.o
    0x0800502a   0x0800502a   0x00000008   Code   RO          479    i.SysTick_Handler   stm32f1xx_it.o
    0x08005032   0x08005032   0x00000082   Code   RO           14    i.SystemClock_Config  main.o
    0x080050b4   0x080050b4   0x00000002   Code   RO         3761    i.SystemInit        system_stm32f1xx.o
    0x080050b6   0x080050b6   0x00000002   PAD
    0x080050b8   0x080050b8   0x000000ac   Code   RO         2498    i.TIM_Base_SetConfig  stm32f1xx_hal_tim.o
    0x08005164   0x08005164   0x00000022   Code   RO         2499    i.TIM_CCxChannelCmd  stm32f1xx_hal_tim.o
    0x08005186   0x08005186   0x00000016   Code   RO         2509    i.TIM_ETR_SetConfig  stm32f1xx_hal_tim.o
    0x0800519c   0x0800519c   0x00000012   Code   RO         2510    i.TIM_ITRx_SetConfig  stm32f1xx_hal_tim.o
    0x080051ae   0x080051ae   0x00000002   PAD
    0x080051b0   0x080051b0   0x00000070   Code   RO         2511    i.TIM_OC1_SetConfig  stm32f1xx_hal_tim.o
    0x08005220   0x08005220   0x0000007c   Code   RO         2512    i.TIM_OC2_SetConfig  stm32f1xx_hal_tim.o
    0x0800529c   0x0800529c   0x00000078   Code   RO         2513    i.TIM_OC3_SetConfig  stm32f1xx_hal_tim.o
    0x08005314   0x08005314   0x00000054   Code   RO         2514    i.TIM_OC4_SetConfig  stm32f1xx_hal_tim.o
    0x08005368   0x08005368   0x00000026   Code   RO         2516    i.TIM_TI1_ConfigInputStage  stm32f1xx_hal_tim.o
    0x0800538e   0x0800538e   0x00000028   Code   RO         2518    i.TIM_TI2_ConfigInputStage  stm32f1xx_hal_tim.o
    0x080053b6   0x080053b6   0x00000002   PAD
    0x080053b8   0x080053b8   0x00000010   Code   RO          480    i.UART4_IRQHandler  stm32f1xx_it.o
    0x080053c8   0x080053c8   0x00000014   Code   RO         3430    i.UART_DMAAbortOnError  stm32f1xx_hal_uart.o
    0x080053dc   0x080053dc   0x0000006c   Code   RO         3440    i.UART_EndRxTransfer  stm32f1xx_hal_uart.o
    0x08005448   0x08005448   0x00000020   Code   RO         3441    i.UART_EndTransmit_IT  stm32f1xx_hal_uart.o
    0x08005468   0x08005468   0x000000fc   Code   RO         3443    i.UART_Receive_IT   stm32f1xx_hal_uart.o
    0x08005564   0x08005564   0x000000fc   Code   RO         3444    i.UART_SetConfig    stm32f1xx_hal_uart.o
    0x08005660   0x08005660   0x00000040   Code   RO         3446    i.UART_Start_Receive_IT  stm32f1xx_hal_uart.o
    0x080056a0   0x080056a0   0x00000060   Code   RO         3447    i.UART_Transmit_IT  stm32f1xx_hal_uart.o
    0x08005700   0x08005700   0x0000008c   Code   RO         3448    i.UART_WaitOnFlagUntilTimeout  stm32f1xx_hal_uart.o
    0x0800578c   0x0800578c   0x00000010   Code   RO          481    i.USART1_IRQHandler  stm32f1xx_it.o
    0x0800579c   0x0800579c   0x00000010   Code   RO          482    i.USART2_IRQHandler  stm32f1xx_it.o
    0x080057ac   0x080057ac   0x00000010   Code   RO          483    i.USART3_IRQHandler  stm32f1xx_it.o
    0x080057bc   0x080057bc   0x00000004   Code   RO          484    i.UsageFault_Handler  stm32f1xx_it.o
    0x080057c0   0x080057c0   0x00000034   Code   RO         4852    i.__0snprintf       mc_w.l(printfa.o)
    0x080057f4   0x080057f4   0x00000028   Code   RO         4853    i.__0sprintf        mc_w.l(printfa.o)
    0x0800581c   0x0800581c   0x00000034   Code   RO         4856    i.__0vsnprintf      mc_w.l(printfa.o)
    0x08005850   0x08005850   0x00000010   Code   RO         1413    i.__NVIC_GetPriorityGrouping  stm32f1xx_hal_cortex.o
    0x08005860   0x08005860   0x00000028   Code   RO         1414    i.__NVIC_SetPriority  stm32f1xx_hal_cortex.o
    0x08005888   0x08005888   0x00000008   Code   RO         4952    i.__aeabi_errno_addr  mc_w.l(errno.o)
    0x08005890   0x08005890   0x0000000e   Code   RO         5018    i.__scatterload_copy  mc_w.l(handlers.o)
    0x0800589e   0x0800589e   0x00000002   Code   RO         5019    i.__scatterload_null  mc_w.l(handlers.o)
    0x080058a0   0x080058a0   0x0000000e   Code   RO         5020    i.__scatterload_zeroinit  mc_w.l(handlers.o)
    0x080058ae   0x080058ae   0x00000002   PAD
    0x080058b0   0x080058b0   0x00000184   Code   RO         4858    i._fp_digits        mc_w.l(printfa.o)
    0x08005a34   0x08005a34   0x000006b4   Code   RO         4859    i._printf_core      mc_w.l(printfa.o)
    0x080060e8   0x080060e8   0x00000024   Code   RO         4860    i._printf_post_padding  mc_w.l(printfa.o)
    0x0800610c   0x0800610c   0x0000002e   Code   RO         4861    i._printf_pre_padding  mc_w.l(printfa.o)
    0x0800613a   0x0800613a   0x00000016   Code   RO         4862    i._snputc           mc_w.l(printfa.o)
    0x08006150   0x08006150   0x0000000a   Code   RO         4863    i._sputc            mc_w.l(printfa.o)
    0x0800615a   0x0800615a   0x00000002   PAD
    0x0800615c   0x0800615c   0x00000018   Code   RO         4237    i.bh1750_get_lux    bh1750.o
    0x08006174   0x08006174   0x000000fc   Code   RO         4239    i.bh1750_init       bh1750.o
    0x08006270   0x08006270   0x000000b0   Code   RO         4240    i.bh1750_proc       bh1750.o
    0x08006320   0x08006320   0x0000005c   Code   RO         4241    i.bh1750_read_raw   bh1750.o
    0x0800637c   0x0800637c   0x00000030   Code   RO         4189    i.delay_us          pm25.o
    0x080063ac   0x080063ac   0x00000030   Code   RO         4380    i.delay_us          dht11.o
    0x080063dc   0x080063dc   0x0000009c   Code   RO         3801    i.esp32_run_recv    esp32.o
    0x08006478   0x08006478   0x00000074   Code   RO         4082    i.extract_json      json_parser.o
    0x080064ec   0x080064ec   0x00000052   Code   RO         4083    i.extract_topic     json_parser.o
    0x0800653e   0x0800653e   0x00000002   PAD
    0x08006540   0x08006540   0x00000024   Code   RO         4448    i.fan_init          fan.o
    0x08006564   0x08006564   0x00000014   Code   RO         4449    i.fan_is_open       fan.o
    0x08006578   0x08006578   0x00000030   Code   RO         4450    i.fan_set           fan.o
    0x080065a8   0x080065a8   0x0000001c   Code   RO         4451    i.fan_set_gear      fan.o
    0x080065c4   0x080065c4   0x00000024   Code   RO         4452    i.fan_speed_down    fan.o
    0x080065e8   0x080065e8   0x00000020   Code   RO         4453    i.fan_speed_up      fan.o
    0x08006608   0x08006608   0x00000080   Code   RO         4084    i.get_msg_type      json_parser.o
    0x08006688   0x08006688   0x00000084   Code   RO         4085    i.json_find_value   json_parser.o
    0x0800670c   0x0800670c   0x00000058   Code   RO         4086    i.json_get_msg_id   json_parser.o
    0x08006764   0x08006764   0x00000080   Code   RO         4329    i.lcd_recv          lcd.o
    0x080067e4   0x080067e4   0x00000118   Code   RO         4330    i.lcd_send          lcd.o
    0x080068fc   0x080068fc   0x000000a0   Code   RO           15    i.main              main.o
    0x0800699c   0x0800699c   0x0000006c   Code   RO         4880    i.malloc            mc_w.l(malloc.o)
    0x08006a08   0x08006a08   0x00000024   Code   RO         4155    i.my_adc_init       my_adc.o
    0x08006a2c   0x08006a2c   0x00000050   Code   RO         3984    i.my_uart_init      my_uart.o
    0x08006a7c   0x08006a7c   0x00000048   Code   RO         4087    i.parse_bool_value  json_parser.o
    0x08006ac4   0x08006ac4   0x00000090   Code   RO         4088    i.parse_float_value  json_parser.o
    0x08006b54   0x08006b54   0x00000036   Code   RO         4089    i.parse_int_value   json_parser.o
    0x08006b8a   0x08006b8a   0x000000c0   Code   RO         4090    i.parse_onenet_params  json_parser.o
    0x08006c4a   0x08006c4a   0x000000b6   Code   RO         4091    i.parse_string_value  json_parser.o
    0x08006d00   0x08006d00   0x0000018c   Code   RO         4331    i.parse_uart4_data  lcd.o
    0x08006e8c   0x08006e8c   0x00000078   Code   RO         3803    i.queue_set_reply   esp32.o
    0x08006f04   0x08006f04   0x0000000c   Code   RO         3936    i.schedule_init     schedule.o
    0x08006f10   0x08006f10   0x0000006c   Code   RO         3937    i.schedule_run      schedule.o
    0x08006f7c   0x08006f7c   0x00000020   Code   RO         4332    i.send_end          lcd.o
    0x08006f9c   0x08006f9c   0x00000018   Code   RO         4027    i.smoke_get_adc     smoke.o
    0x08006fb4   0x08006fb4   0x0000010c   Code   RO         4028    i.smoke_init        smoke.o
    0x080070c0   0x080070c0   0x00000018   Code   RO         4030    i.smoke_is_ready    smoke.o
    0x080070d8   0x080070d8   0x000000e8   Code   RO         4031    i.smoke_proc        smoke.o
    0x080071c0   0x080071c0   0x00000038   Code   RO         3985    i.uart_printf       my_uart.o
    0x080071f8   0x080071f8   0x000005e0   Code   RO         4299    i.voice_parse       voice.o
    0x080077d8   0x080077d8   0x00000018   Code   RO         4300    i.voice_run_send    voice.o
    0x080077f0   0x080077f0   0x000000b0   Code   RO         4510    i.ws2812_color_to_buffer  ws2812.o
    0x080078a0   0x080078a0   0x0000000c   Code   RO         4511    i.ws2812_get_base_b  ws2812.o
    0x080078ac   0x080078ac   0x0000000c   Code   RO         4512    i.ws2812_get_base_g  ws2812.o
    0x080078b8   0x080078b8   0x0000000c   Code   RO         4513    i.ws2812_get_base_r  ws2812.o
    0x080078c4   0x080078c4   0x0000000c   Code   RO         4514    i.ws2812_get_brightness  ws2812.o
    0x080078d0   0x080078d0   0x00000038   Code   RO         4515    i.ws2812_is_open    ws2812.o
    0x08007908   0x08007908   0x000000a0   Code   RO         4516    i.ws2812_send       ws2812.o
    0x080079a8   0x080079a8   0x00000080   Code   RO         4517    i.ws2812_set_all    ws2812.o
    0x08007a28   0x08007a28   0x00000068   Code   RO         4518    i.ws2812_set_all_brightness_level  ws2812.o
    0x08007a90   0x08007a90   0x0000002c   Code   RO         4519    i.ws2812_set_brightness  ws2812.o
    0x08007abc   0x08007abc   0x00000012   Data   RO         1107    .constdata          stm32f1xx_hal_rcc.o
    0x08007ace   0x08007ace   0x00000012   Data   RO         1203    .constdata          stm32f1xx_hal_rcc_ex.o
    0x08007ae0   0x08007ae0   0x00000018   Data   RO         3762    .constdata          system_stm32f1xx.o
    0x08007af8   0x08007af8   0x0000000a   Data   RO         4454    .constdata          fan.o
    0x08007b02   0x08007b02   0x00000081   Data   RO         4982    .constdata          mc_w.l(ctype_o.o)
    0x08007b83   0x08007b83   0x00000001   PAD
    0x08007b84   0x08007b84   0x00000004   Data   RO         4983    .constdata          mc_w.l(ctype_o.o)
    0x08007b88   0x08007b88   0x0000004d   Data   RO         3807    .conststring        esp32.o
    0x08007bd5   0x08007bd5   0x00000003   PAD
    0x08007bd8   0x08007bd8   0x00000020   Data   RO         5016    Region$$Table       anon$$obj.o


    Execution Region RW_IRAM1 (Exec base: 0x20000000, Load base: 0x08007bf8, Size: 0x00002198, Max: 0x00010000, ABSOLUTE)

    Exec Addr    Load Addr    Size         Type   Attr      Idx    E Section Name        Object

    0x20000000   0x08007bf8   0x00000009   Data   RW          943    .data               stm32f1xx_hal.o
    0x20000009   0x08007c01   0x00000003   PAD
    0x2000000c   0x08007c04   0x00000004   Data   RW         3763    .data               system_stm32f1xx.o
    0x20000010   0x08007c08   0x00000010   Data   RW         3808    .data               esp32.o
    0x20000020   0x08007c18   0x00000058   Data   RW         3939    .data               schedule.o
    0x20000078   0x08007c70   0x00000008   Data   RW         3987    .data               my_uart.o
    0x20000080   0x08007c78   0x00000018   Data   RW         4032    .data               smoke.o
    0x20000098   0x08007c90   0x00000004   Data   RW         4156    .data               my_adc.o
    0x2000009c   0x08007c94   0x0000000c   Data   RW         4190    .data               pm25.o
    0x200000a8   0x08007ca0   0x00000010   Data   RW         4242    .data               bh1750.o
    0x200000b8   0x08007cb0   0x00000003   Data   RW         4333    .data               lcd.o
    0x200000bb   0x08007cb3   0x00000001   PAD
    0x200000bc   0x08007cb4   0x00000014   Data   RW         4381    .data               dht11.o
    0x200000d0   0x08007cc8   0x00000002   Data   RW         4455    .data               fan.o
    0x200000d2   0x08007cca   0x00000007   Data   RW         4521    .data               ws2812.o
    0x200000d9   0x08007cd1   0x00000003   PAD
    0x200000dc   0x08007cd4   0x00000004   Data   RW         4613    .data               mc_w.l(strtok.o)
    0x200000e0   0x08007cd8   0x00000004   Data   RW         4950    .data               mc_w.l(mvars.o)
    0x200000e4   0x08007cdc   0x00000004   Data   RW         4951    .data               mc_w.l(mvars.o)
    0x200000e8   0x08007ce0   0x00000004   Data   RW         4955    .data               mc_w.l(errno.o)
    0x200000ec        -       0x00000074   Zero   RW          257    .bss                adc.o
    0x20000160        -       0x00000054   Zero   RW          323    .bss                i2c.o
    0x200001b4        -       0x0000008c   Zero   RW          366    .bss                tim.o
    0x20000240        -       0x00000120   Zero   RW          416    .bss                usart.o
    0x20000360        -       0x000009c0   Zero   RW         3806    .bss                esp32.o
    0x20000d20        -       0x000004fa   Zero   RW         3986    .bss                my_uart.o
    0x2000121a        -       0x0000097c   Zero   RW         4520    .bss                ws2812.o
    0x20001b96   0x08007ce4   0x00000002   PAD
    0x20001b98        -       0x00000200   Zero   RW            2    HEAP                startup_stm32f103xe.o
    0x20001d98        -       0x00000400   Zero   RW            1    STACK               startup_stm32f103xe.o


==============================================================================

Image component sizes


      Code (inc. data)   RO Data    RW Data    ZI Data      Debug   Object Name

       292         32          0          0        116       1727   adc.o
       624        148          0         16          0       3909   bh1750.o
       996        220          0         20          0       5773   dht11.o
        68          4          0          0          0        734   dma.o
       868        376         77         16       2496       6527   esp32.o
       200         36         10          2          0       3274   fan.o
       328         22          0          0          0       1051   gpio.o
       232         38          0          0         84       2089   i2c.o
      1190        138          0          0          0       7954   json_parser.o
       836        246          0          3          0       2778   lcd.o
       296         28          0          0          0     518932   main.o
        36          8          0          4          0       1012   my_adc.o
       336         86          0          8       1274       2853   my_uart.o
       408        110          0         12          0       2679   pm25.o
       120         16          0         88          0       1674   schedule.o
       548        152          0         24          0       2951   smoke.o
        36          8        304          0       1536        796   startup_stm32f103xe.o
       192         36          0          9          0       6437   stm32f1xx_hal.o
      1456         58          0          0          0       8274   stm32f1xx_hal_adc.o
       284          6          0          0          0       1450   stm32f1xx_hal_adc_ex.o
       304         22          0          0          0      29359   stm32f1xx_hal_cortex.o
      1884         28          0          0          0       6094   stm32f1xx_hal_dma.o
      1200         72          0          0          0       4245   stm32f1xx_hal_gpio.o
      3116         54          0          0          0      11907   stm32f1xx_hal_i2c.o
        84          8          0          0          0        882   stm32f1xx_hal_msp.o
      1748         98         18          0          0       5912   stm32f1xx_hal_rcc.o
       584         34         18          0          0       2373   stm32f1xx_hal_rcc_ex.o
      1910         88          0          0          0      12557   stm32f1xx_hal_tim.o
       156         22          0          0          0       1328   stm32f1xx_hal_tim_ex.o
      2132          8          0          0          0      11997   stm32f1xx_hal_uart.o
       130         36          0          0          0       6619   stm32f1xx_it.o
         2          0         24          4          0       1095   system_stm32f1xx.o
       432         44          0          0        140       2473   tim.o
       752         72          0          0        288       3503   usart.o
      1528        474          0          0          0       1891   voice.o
       716        138          0          7       2428       6615   ws2812.o

    ----------------------------------------------------------------------
     26052       2966        486        220       8364     691724   Object Totals
         0          0         32          0          0          0   (incl. Generated)
        28          0          3          7          2          0   (incl. Padding)

    ----------------------------------------------------------------------

      Code (inc. data)   RO Data    RW Data    ZI Data      Debug   Library Member Name

        28          0          0          0          0         68   _chval.o
       158          0          0          0          0         92   _strtoul.o
        26          0          0          0          0         80   atoi.o
         8          4        133          0          0         68   ctype_o.o
         0          0          0          0          0          0   entry.o
         0          0          0          0          0          0   entry10a.o
         0          0          0          0          0          0   entry11a.o
         4          0          0          0          0          0   entry12b.o
         8          4          0          0          0          0   entry2.o
         4          0          0          0          0          0   entry5.o
         0          0          0          0          0          0   entry7b.o
         0          0          0          0          0          0   entry8b.o
         8          4          0          0          0          0   entry9a.o
         8          4          0          4          0         68   errno.o
        30          0          0          0          0          0   handlers.o
        36          8          0          0          0         68   init.o
         0          0          0          0          0          0   iusefp.o
        30          0          0          0          0         68   llshl.o
        36          0          0          0          0         68   llsshr.o
        32          0          0          0          0         68   llushr.o
       108         16          0          0          0         84   malloc.o
        36          0          0          0          0        108   memseta.o
         0          0          0          8          0          0   mvars.o
      2362         96          0          0          0        768   printfa.o
        20          0          0          0          0         68   strchr.o
        28          0          0          0          0         76   strcmp.o
        14          0          0          0          0         68   strlen.o
        30          0          0          0          0         80   strncmp.o
        24          0          0          0          0         76   strncpy.o
        36          0          0          0          0         80   strstr.o
        68          6          0          4          0         80   strtok.o
       112          0          0          0          0         88   strtol.o
        44          0          0          0          0         80   uidiv.o
        98          0          0          0          0         92   uldiv.o
        48          0          0          0          0         68   cdrcmple.o
        20          0          0          0          0         68   cfcmple.o
       334          0          0          0          0        148   dadd.o
       222          0          0          0          0        100   ddiv.o
       186          0          0          0          0        176   depilogue.o
        48          0          0          0          0         68   dfixul.o
       228          0          0          0          0         96   dmul.o
        38          0          0          0          0         68   f2d.o
       176          0          0          0          0        140   fadd.o
       124          0          0          0          0         88   fdiv.o
       110          0          0          0          0        168   fepilogue.o
        18          0          0          0          0         68   fflti.o
        10          0          0          0          0         68   ffltui.o
       100          0          0          0          0         76   fmul.o

    ----------------------------------------------------------------------
      5064        142        134         16          0       3796   Library Totals
         6          0          1          0          0          0   (incl. Padding)

    ----------------------------------------------------------------------

      Code (inc. data)   RO Data    RW Data    ZI Data      Debug   Library Name

      3396        142        133         16          0       2396   mc_w.l
      1662          0          0          0          0       1400   mf_w.l

    ----------------------------------------------------------------------
      5064        142        134         16          0       3796   Library Totals

    ----------------------------------------------------------------------

==============================================================================


      Code (inc. data)   RO Data    RW Data    ZI Data      Debug   

     31116       3108        620        236       8364     684128   Grand Totals
     31116       3108        620        236       8364     684128   ELF Image Totals
     31116       3108        620        236          0          0   ROM Totals

==============================================================================

    Total RO  Size (Code + RO Data)                31736 (  30.99kB)
    Total RW  Size (RW Data + ZI Data)              8600 (   8.40kB)
    Total ROM Size (Code + RO Data + RW Data)      31972 (  31.22kB)

==============================================================================

