<html>
<body>
<pre>
<h1>µVision Build Log</h1>
<h2>Tool Versions:</h2>
IDE-Version: ¦ÌVision V5.36.0.0
Copyright (C) 2021 ARM Ltd and ARM Germany GmbH. All rights reserved.
License Information: name last, 111, LIC=9WSKC-7I6XG-UH68H-WLLZA-9LM2G-P4C7M
 
Tool Versions:
Toolchain:       MDK-ARM Plus  Version: 5.36.0.0
Toolchain Path:  E:\keil\ARM\ARMCC\Bin
C Compiler:      Armcc.exe V5.06 update 7 (build 960)
Assembler:       Armasm.exe V5.06 update 7 (build 960)
Linker/Locator:  ArmLink.exe V5.06 update 7 (build 960)
Library Manager: ArmAr.exe V5.06 update 7 (build 960)
Hex Converter:   FromElf.exe V5.06 update 7 (build 960)
CPU DLL:         SARMCM3.DLL V5.36.0.0
Dialog DLL:      DCM.DLL V1.17.3.0
Target DLL:      STLink\ST-LINKIII-KEIL_SWO.dll V3.0.9.0
Dialog DLL:      TCM.DLL V1.53.0.0
 
<h2>Project:</h2>
C:\Users\oqgt3\Desktop\smart_home\smart_home\MDK-ARM\smart_home.uvprojx
Project File Date:  07/07/2026

<h2>Output:</h2>
*** Using Compiler 'V5.06 update 7 (build 960)', folder: 'E:\keil\ARM\ARMCC\Bin'
Build target 'smart_home'
compiling lcd.c...
compiling ws2812.c...
..\APP\ws2812.c(7): warning:  #550-D: variable "ws2812_cur_r"  was set but never used
  static uint8_t ws2812_cur_r = 0;
..\APP\ws2812.c(8): warning:  #550-D: variable "ws2812_cur_g"  was set but never used
  static uint8_t ws2812_cur_g = 0;
..\APP\ws2812.c(9): warning:  #550-D: variable "ws2812_cur_b"  was set but never used
  static uint8_t ws2812_cur_b = 0;
..\APP\ws2812.c: 3 warnings, 0 errors
compiling ws2812_2.c...
..\APP\ws2812_2.c(10): warning:  #550-D: variable "ws2812_2_cur_r"  was set but never used
  static uint8_t ws2812_2_cur_r = 0;
..\APP\ws2812_2.c(11): warning:  #550-D: variable "ws2812_2_cur_g"  was set but never used
  static uint8_t ws2812_2_cur_g = 0;
..\APP\ws2812_2.c(12): warning:  #550-D: variable "ws2812_2_cur_b"  was set but never used
  static uint8_t ws2812_2_cur_b = 0;
..\APP\ws2812_2.c: 3 warnings, 0 errors
linking...
Program Size: Code=39604 RO-data=1080 RW-data=300 ZI-data=19012  
FromELF: creating hex file...
"smart_home\smart_home.axf" - 0 Error(s), 6 Warning(s).

<h2>Software Packages used:</h2>

Package Vendor: Keil
                http://www.keil.com/pack/Keil.STM32F1xx_DFP.2.3.0.pack
                Keil.STM32F1xx_DFP.2.3.0
                STMicroelectronics STM32F1 Series Device Support, Drivers and Examples

<h2>Collection of Component include folders:</h2>
  C:\Users\oqgt3\AppData\Local\Arm\Packs\Keil\STM32F1xx_DFP\2.3.0\Device\Include

<h2>Collection of Component Files used:</h2>
Build Time Elapsed:  00:00:03
</pre>
</body>
</html>
